Component: ARM Compiler 5.06 update 5 (build 528) Tool: armlink [4d35e2]

==============================================================================

Section Cross References

    mbed/TARGET_LPC1768/TOOLCHAIN_ARM_STD/analogin_api.o(i.analogin_init) refers to mbed/TARGET_LPC1768/TOOLCHAIN_ARM_STD/mbed.ar(mbed_pinmap_common.o)(i.pinmap_peripheral) for pinmap_peripheral
    mbed/TARGET_LPC1768/TOOLCHAIN_ARM_STD/analogin_api.o(i.analogin_init) refers to mbed/TARGET_LPC1768/TOOLCHAIN_ARM_STD/mbed.ar(mbed_assert.o)(i.mbed_assert_internal) for mbed_assert_internal
    mbed/TARGET_LPC1768/TOOLCHAIN_ARM_STD/analogin_api.o(i.analogin_init) refers to mbed/TARGET_LPC1768/TOOLCHAIN_ARM_STD/mbed.ar(mbed_pinmap_common.o)(i.pinmap_pinout) for pinmap_pinout
    mbed/TARGET_LPC1768/TOOLCHAIN_ARM_STD/analogin_api.o(i.analogin_init) refers to mbed/TARGET_LPC1768/TOOLCHAIN_ARM_STD/analogin_api.o(.constdata) for .constdata
    mbed/TARGET_LPC1768/TOOLCHAIN_ARM_STD/analogin_api.o(i.analogin_init) refers to mbed/TARGET_LPC1768/TOOLCHAIN_ARM_STD/analogin_api.o(.conststring) for .conststring
    mbed/TARGET_LPC1768/TOOLCHAIN_ARM_STD/analogin_api.o(i.analogin_init) refers to mbed/TARGET_LPC1768/TOOLCHAIN_ARM_STD/system_LPC17xx.o(.data) for SystemCoreClock
    mbed/TARGET_LPC1768/TOOLCHAIN_ARM_STD/analogin_api.o(i.analogin_read) refers to C:\Keil_v5\ARM\ARMCC\Bin\..\lib\armlib\fz_ws.l(fflt_clz.o)(x$fpl$ffltu) for __aeabi_ui2f
    mbed/TARGET_LPC1768/TOOLCHAIN_ARM_STD/analogin_api.o(i.analogin_read) refers to C:\Keil_v5\ARM\ARMCC\Bin\..\lib\armlib\fz_ws.l(fmul.o)(x$fpl$fmul) for __aeabi_fmul
    mbed/TARGET_LPC1768/TOOLCHAIN_ARM_STD/analogout_api.o(i.analogout_init) refers to mbed/TARGET_LPC1768/TOOLCHAIN_ARM_STD/mbed.ar(mbed_pinmap_common.o)(i.pinmap_peripheral) for pinmap_peripheral
    mbed/TARGET_LPC1768/TOOLCHAIN_ARM_STD/analogout_api.o(i.analogout_init) refers to mbed/TARGET_LPC1768/TOOLCHAIN_ARM_STD/mbed.ar(mbed_assert.o)(i.mbed_assert_internal) for mbed_assert_internal
    mbed/TARGET_LPC1768/TOOLCHAIN_ARM_STD/analogout_api.o(i.analogout_init) refers to mbed/TARGET_LPC1768/TOOLCHAIN_ARM_STD/mbed.ar(mbed_pinmap_common.o)(i.pinmap_pinout) for pinmap_pinout
    mbed/TARGET_LPC1768/TOOLCHAIN_ARM_STD/analogout_api.o(i.analogout_init) refers to mbed/TARGET_LPC1768/TOOLCHAIN_ARM_STD/analogout_api.o(.constdata) for .constdata
    mbed/TARGET_LPC1768/TOOLCHAIN_ARM_STD/analogout_api.o(i.analogout_init) refers to mbed/TARGET_LPC1768/TOOLCHAIN_ARM_STD/analogout_api.o(.conststring) for .conststring
    mbed/TARGET_LPC1768/TOOLCHAIN_ARM_STD/analogout_api.o(i.analogout_read) refers to C:\Keil_v5\ARM\ARMCC\Bin\..\lib\armlib\fz_ws.l(fflt_clz.o)(x$fpl$ffltu) for __aeabi_ui2f
    mbed/TARGET_LPC1768/TOOLCHAIN_ARM_STD/analogout_api.o(i.analogout_read) refers to C:\Keil_v5\ARM\ARMCC\Bin\..\lib\armlib\fz_ws.l(fmul.o)(x$fpl$fmul) for __aeabi_fmul
    mbed/TARGET_LPC1768/TOOLCHAIN_ARM_STD/analogout_api.o(i.analogout_write) refers to C:\Keil_v5\ARM\ARMCC\Bin\..\lib\armlib\fz_ws.l(fmul.o)(x$fpl$fmul) for __aeabi_fmul
    mbed/TARGET_LPC1768/TOOLCHAIN_ARM_STD/analogout_api.o(i.analogout_write) refers to C:\Keil_v5\ARM\ARMCC\Bin\..\lib\armlib\fz_ws.l(ffix.o)(x$fpl$ffix) for __aeabi_f2iz
    mbed/TARGET_LPC1768/TOOLCHAIN_ARM_STD/can_api.o(i.can_frequency) refers to mbed/TARGET_LPC1768/TOOLCHAIN_ARM_STD/system_LPC17xx.o(.data) for SystemCoreClock
    mbed/TARGET_LPC1768/TOOLCHAIN_ARM_STD/can_api.o(i.can_frequency) refers to mbed/TARGET_LPC1768/TOOLCHAIN_ARM_STD/can_api.o(.constdata) for .constdata
    mbed/TARGET_LPC1768/TOOLCHAIN_ARM_STD/can_api.o(i.can_init) refers to mbed/TARGET_LPC1768/TOOLCHAIN_ARM_STD/mbed.ar(mbed_pinmap_common.o)(i.pinmap_peripheral) for pinmap_peripheral
    mbed/TARGET_LPC1768/TOOLCHAIN_ARM_STD/can_api.o(i.can_init) refers to mbed/TARGET_LPC1768/TOOLCHAIN_ARM_STD/mbed.ar(mbed_pinmap_common.o)(i.pinmap_merge) for pinmap_merge
    mbed/TARGET_LPC1768/TOOLCHAIN_ARM_STD/can_api.o(i.can_init) refers to mbed/TARGET_LPC1768/TOOLCHAIN_ARM_STD/mbed.ar(mbed_assert.o)(i.mbed_assert_internal) for mbed_assert_internal
    mbed/TARGET_LPC1768/TOOLCHAIN_ARM_STD/can_api.o(i.can_init) refers to mbed/TARGET_LPC1768/TOOLCHAIN_ARM_STD/mbed.ar(mbed_pinmap_common.o)(i.pinmap_pinout) for pinmap_pinout
    mbed/TARGET_LPC1768/TOOLCHAIN_ARM_STD/can_api.o(i.can_init) refers to mbed/TARGET_LPC1768/TOOLCHAIN_ARM_STD/can_api.o(i.can_frequency) for can_frequency
    mbed/TARGET_LPC1768/TOOLCHAIN_ARM_STD/can_api.o(i.can_init) refers to mbed/TARGET_LPC1768/TOOLCHAIN_ARM_STD/can_api.o(.constdata) for .constdata
    mbed/TARGET_LPC1768/TOOLCHAIN_ARM_STD/can_api.o(i.can_init) refers to mbed/TARGET_LPC1768/TOOLCHAIN_ARM_STD/can_api.o(.conststring) for .conststring
    mbed/TARGET_LPC1768/TOOLCHAIN_ARM_STD/can_api.o(i.can_init) refers to mbed/TARGET_LPC1768/TOOLCHAIN_ARM_STD/can_api.o(i.can_init_freq) for i.can_init_freq
[...]
    _printf_fp_infnan                        0x00001cd5   Thumb Code   112  C:\Keil_v5\ARM\ARMCC\Bin\..\lib\armlib\c_w.l(_printf_fp_infnan.o)(.text)
    _btod_etento                             0x00001d55   Thumb Code   224  C:\Keil_v5\ARM\ARMCC\Bin\..\lib\armlib\c_w.l(bigflt0.o)(.text)
    __flsbuf                                 0x00001e39   Thumb Code   470  C:\Keil_v5\ARM\ARMCC\Bin\..\lib\armlib\c_w.l(flsbuf.o)(.text)
    __flsbuf_byte                            0x00001e39   Thumb Code     0  C:\Keil_v5\ARM\ARMCC\Bin\..\lib\armlib\c_w.l(flsbuf.o)(.text)
    __flsbuf_wide                            0x00001e39   Thumb Code     0  C:\Keil_v5\ARM\ARMCC\Bin\..\lib\armlib\c_w.l(flsbuf.o)(.text)
    __sig_exit                               0x0000200f   Thumb Code    10  C:\Keil_v5\ARM\ARMCC\Bin\..\lib\armlib\c_w.l(defsig_exit.o)(.text)
    __rt_SIGRTRED_inner                      0x00002019   Thumb Code    14  C:\Keil_v5\ARM\ARMCC\Bin\..\lib\armlib\c_w.l(defsig_rtred_inner.o)(.text)
    __rt_SIGRTMEM_inner                      0x0000204d   Thumb Code    22  C:\Keil_v5\ARM\ARMCC\Bin\..\lib\armlib\c_w.l(defsig_rtmem_inner.o)(.text)
    _sys_exit                                0x0000209d   Thumb Code     8  C:\Keil_v5\ARM\ARMCC\Bin\..\lib\armlib\c_w.l(sys_exit.o)(.text)
    __default_signal_display                 0x000020a9   Thumb Code    50  C:\Keil_v5\ARM\ARMCC\Bin\..\lib\armlib\c_w.l(defsig_general.o)(.text)
    _ttywrch                                 0x000020db   Thumb Code    14  C:\Keil_v5\ARM\ARMCC\Bin\..\lib\armlib\c_w.l(sys_wrch.o)(.text)
    __I$use$semihosting                      0x000020e9   Thumb Code     0  C:\Keil_v5\ARM\ARMCC\Bin\..\lib\armlib\c_w.l(use_no_semi.o)(.text)
    __use_no_semihosting_swi                 0x000020e9   Thumb Code     2  C:\Keil_v5\ARM\ARMCC\Bin\..\lib\armlib\c_w.l(use_no_semi.o)(.text)
    __semihosting_library_function           0x000020eb   Thumb Code     0  C:\Keil_v5\ARM\ARMCC\Bin\..\lib\armlib\c_w.l(indicate_semi.o)(.text)
    _btod_d2e                                0x000020eb   Thumb Code    62  C:\Keil_v5\ARM\ARMCC\Bin\..\lib\armlib\c_w.l(btod.o)(CL$$btod_d2e)
    _d2e_denorm_low                          0x00002129   Thumb Code    70  C:\Keil_v5\ARM\ARMCC\Bin\..\lib\armlib\c_w.l(btod.o)(CL$$btod_d2e_denorm_low)
    _d2e_norm_op1                            0x0000216f   Thumb Code    96  C:\Keil_v5\ARM\ARMCC\Bin\..\lib\armlib\c_w.l(btod.o)(CL$$btod_d2e_norm_op1)
    __btod_div_common                        0x000021cf   Thumb Code   696  C:\Keil_v5\ARM\ARMCC\Bin\..\lib\armlib\c_w.l(btod.o)(CL$$btod_div_common)
    _e2e                                     0x00002507   Thumb Code   220  C:\Keil_v5\ARM\ARMCC\Bin\..\lib\armlib\c_w.l(btod.o)(CL$$btod_e2e)
    _btod_ediv                               0x000025e3   Thumb Code    42  C:\Keil_v5\ARM\ARMCC\Bin\..\lib\armlib\c_w.l(btod.o)(CL$$btod_ediv)
    _btod_emul                               0x0000260d   Thumb Code    42  C:\Keil_v5\ARM\ARMCC\Bin\..\lib\armlib\c_w.l(btod.o)(CL$$btod_emul)
    __btod_mult_common                       0x00002637   Thumb Code   580  C:\Keil_v5\ARM\ARMCC\Bin\..\lib\armlib\c_w.l(btod.o)(CL$$btod_mult_common)
    main                                     0x0000287b   Thumb Code    14  mbed/TARGET_LPC1768/TOOLCHAIN_ARM_STD/mbed_sdk_boot.o(i.$Sub$$main)
    SystemInit                               0x00002889   Thumb Code   150  mbed/TARGET_LPC1768/TOOLCHAIN_ARM_STD/system_LPC17xx.o(i.SystemInit)
    mbed::DigitalOut::write(int)             0x00002929   Thumb Code    50  .\build\main.o(i._ZN4mbed10DigitalOut5writeEi)
    mbed::DigitalOut::operator =(int)        0x000029b1   Thumb Code    18  .\build\main.o(i._ZN4mbed10DigitalOutaSEi)
    mbed::SPI::lock()                        0x000029c5   Thumb Code    30  mbed/TARGET_LPC1768/TOOLCHAIN_ARM_STD/mbed.ar(SPI.o)(i._ZN4mbed3SPI4lockEv)
    mbed::SPI::write(int)                    0x000029f1   Thumb Code    66  mbed/TARGET_LPC1768/TOOLCHAIN_ARM_STD/mbed.ar(SPI.o)(i._ZN4mbed3SPI5writeEi)
    mbed::SPI::format(int, int)              0x00002a39   Thumb Code    72  mbed/TARGET_LPC1768/TOOLCHAIN_ARM_STD/mbed.ar(SPI.o)(i._ZN4mbed3SPI6formatEii)
    mbed::SPI::unlock()                      0x00002a85   Thumb Code    30  mbed/TARGET_LPC1768/TOOLCHAIN_ARM_STD/mbed.ar(SPI.o)(i._ZN4mbed3SPI6unlockEv)
    mbed::SPI::frequency(int)                0x00002ab1   Thumb Code    68  mbed/TARGET_LPC1768/TOOLCHAIN_ARM_STD/mbed.ar(SPI.o)(i._ZN4mbed3SPI9frequencyEi)
    mbed::SPI::SPI(PinName, PinName, PinName, PinName) 0x00002af9   Thumb Code    74  mbed/TARGET_LPC1768/TOOLCHAIN_ARM_STD/mbed.ar(SPI.o)(i._ZN4mbed3SPIC1E7PinNameS1_S1_S1_)
    mbed::SPI::SPI__sub_object(PinName, PinName, PinName, PinName) 0x00002af9   Thumb Code     0  mbed/TARGET_LPC1768/TOOLCHAIN_ARM_STD/mbed.ar(SPI.o)(i._ZN4mbed3SPIC1E7PinNameS1_S1_S1_)
    mbed::SPI::~SPI()                        0x00002b51   Thumb Code     2  mbed/TARGET_LPC1768/TOOLCHAIN_ARM_STD/mbed.ar(SPI.o)(i._ZN4mbed3SPID1Ev)
    mbed::SPI::~SPI__sub_object()            0x00002b51   Thumb Code     0  mbed/TARGET_LPC1768/TOOLCHAIN_ARM_STD/mbed.ar(SPI.o)(i._ZN4mbed3SPID1Ev)
    mbed::FileBase::getPathType()            0x00002b53   Thumb Code     4  mbed/TARGET_LPC1768/TOOLCHAIN_ARM_STD/mbed.ar(FileBase.o)(i._ZN4mbed8FileBase11getPathTypeEv)
    mbed::FileBase::lookup(const char*, unsigned) 0x00002b59   Thumb Code    90  mbed/TARGET_LPC1768/TOOLCHAIN_ARM_STD/mbed.ar(FileBase.o)(i._ZN4mbed8FileBase6lookupEPKcj)
    mbed::FilePath::fileSystem()             0x00002bc5   Thumb Code    30  mbed/TARGET_LPC1768/TOOLCHAIN_ARM_STD/mbed.ar(FilePath.o)(i._ZN4mbed8FilePath10fileSystemEv)
    mbed::FilePath::file()                   0x00002be3   Thumb Code    28  mbed/TARGET_LPC1768/TOOLCHAIN_ARM_STD/mbed.ar(FilePath.o)(i._ZN4mbed8FilePath4fileEv)
    mbed::FilePath::exists()                 0x00002bff   Thumb Code    10  mbed/TARGET_LPC1768/TOOLCHAIN_ARM_STD/mbed.ar(FilePath.o)(i._ZN4mbed8FilePath6existsEv)
    mbed::FilePath::isFile()                 0x00002c09   Thumb Code    24  mbed/TARGET_LPC1768/TOOLCHAIN_ARM_STD/mbed.ar(FilePath.o)(i._ZN4mbed8FilePath6isFileEv)
    mbed::FilePath::fileName()               0x00002c21   Thumb Code     4  mbed/TARGET_LPC1768/TOOLCHAIN_ARM_STD/mbed.ar(FilePath.o)(i._ZN4mbed8FilePath8fileNameEv)
    mbed::FilePath::FilePath(const char*)    0x00002c25   Thumb Code    64  mbed/TARGET_LPC1768/TOOLCHAIN_ARM_STD/mbed.ar(FilePath.o)(i._ZN4mbed8FilePathC1EPKc)
    mbed::FilePath::FilePath__sub_object(const char*) 0x00002c25   Thumb Code     0  mbed/TARGET_LPC1768/TOOLCHAIN_ARM_STD/mbed.ar(FilePath.o)(i._ZN4mbed8FilePathC1EPKc)
    __ARM_fpclassify                         0x00002c65   Thumb Code    40  C:\Keil_v5\ARM\ARMCC\Bin\..\lib\armlib\m_ws.l(fpclassify.o)(i.__ARM_fpclassify)
    __aeabi_atexit                           0x00002c8d   Thumb Code     4  mbed/TARGET_LPC1768/TOOLCHAIN_ARM_STD/mbed_retarget.o(i.__aeabi_atexit)
    __user_setup_stackheap                   0x00002cdd   Thumb Code     8  mbed/TARGET_LPC1768/TOOLCHAIN_ARM_STD/mbed_retarget.o(i.__user_setup_stackheap)
    _is_digit                                0x00002ce5   Thumb Code    14  C:\Keil_v5\ARM\ARMCC\Bin\..\lib\armlib\c_w.l(__printf_wp.o)(i._is_digit)
    _mbed_user_setup_stackheap               0x00002cf5   Thumb Code    10  mbed/TARGET_LPC1768/TOOLCHAIN_ARM_STD/mbed_retarget.o(i._mbed_user_setup_stackheap)
    _platform_post_stackheap_init            0x00002d05   Thumb Code    24  mbed/TARGET_LPC1768/TOOLCHAIN_ARM_STD/mbed_sdk_boot.o(i._platform_post_stackheap_init)
    _sys_close                               0x00002d21   Thumb Code    70  mbed/TARGET_LPC1768/TOOLCHAIN_ARM_STD/mbed_retarget.o(i._sys_close)
    _sys_flen                                0x00002d6d   Thumb Code    70  mbed/TARGET_LPC1768/TOOLCHAIN_ARM_STD/mbed_retarget.o(i._sys_flen)
    _sys_istty                               0x00002db9   Thumb Code    58  mbed/TARGET_LPC1768/TOOLCHAIN_ARM_STD/mbed_retarget.o(i._sys_istty)
    _sys_open                                0x00002df9   Thumb Code   480  mbed/TARGET_LPC1768/TOOLCHAIN_ARM_STD/mbed_retarget.o(i._sys_open)
    _sys_seek                                0x00003001   Thumb Code    74  mbed/TARGET_LPC1768/TOOLCHAIN_ARM_STD/mbed_retarget.o(i._sys_seek)
    _sys_write                               0x00003051   Thumb Code   110  mbed/TARGET_LPC1768/TOOLCHAIN_ARM_STD/mbed_retarget.o(i._sys_write)
    core_util_critical_section_enter         0x000030d1   Thumb Code    70  mbed/TARGET_LPC1768/TOOLCHAIN_ARM_STD/mbed.ar(mbed_critical.o)(i.core_util_critical_section_enter)
    core_util_critical_section_exit          0x00003199   Thumb Code    60  mbed/TARGET_LPC1768/TOOLCHAIN_ARM_STD/mbed.ar(mbed_critical.o)(i.core_util_critical_section_exit)
    error                                    0x0000322d   Thumb Code    36  mbed/TARGET_LPC1768/TOOLCHAIN_ARM_STD/mbed.ar(mbed_error.o)(i.error)
    exit                                     0x00003255   Thumb Code    36  mbed/TARGET_LPC1768/TOOLCHAIN_ARM_STD/mbed_retarget.o(i.exit)
    floor                                    0x00003281   Thumb Code   204  C:\Keil_v5\ARM\ARMCC\Bin\..\lib\armlib\m_ws.l(floor.o)(i.floor)
    fputc                                    0x0000335d   Thumb Code    26  C:\Keil_v5\ARM\ARMCC\Bin\..\lib\armlib\c_w.l(fputc.o)(i.fputc)
    get_us_ticker_data                       0x00003379   Thumb Code     4  mbed/TARGET_LPC1768/TOOLCHAIN_ARM_STD/mbed.ar(mbed_us_ticker_api.o)(i.get_us_ticker_data)
    gpio_dir                                 0x00003381   Thumb Code    54  mbed/TARGET_LPC1768/TOOLCHAIN_ARM_STD/gpio_api.o(i.gpio_dir)
    gpio_init                                0x000033d5   Thumb Code    58  mbed/TARGET_LPC1768/TOOLCHAIN_ARM_STD/gpio_api.o(i.gpio_init)
    gpio_init_in                             0x0000340f   Thumb Code    40  mbed/TARGET_LPC1768/TOOLCHAIN_ARM_STD/mbed.ar(mbed_gpio.o)(i.gpio_init_in)
    gpio_init_out                            0x00003439   Thumb Code    64  mbed/TARGET_LPC1768/TOOLCHAIN_ARM_STD/mbed.ar(mbed_gpio.o)(i.gpio_init_out)
    gpio_init_out_ex                         0x00003481   Thumb Code    76  mbed/TARGET_LPC1768/TOOLCHAIN_ARM_STD/mbed.ar(mbed_gpio.o)(i.gpio_init_out_ex)
    gpio_mode                                0x000034e9   Thumb Code     6  mbed/TARGET_LPC1768/TOOLCHAIN_ARM_STD/gpio_api.o(i.gpio_mode)
    $Super$$main                             0x000034f1   Thumb Code   118  .\build\main.o(i.main)
    mbed_assert_internal                     0x00003589   Thumb Code    32  mbed/TARGET_LPC1768/TOOLCHAIN_ARM_STD/mbed.ar(mbed_assert.o)(i.mbed_assert_internal)
    mbed_die                                 0x000035dd   Thumb Code   156  mbed/TARGET_LPC1768/TOOLCHAIN_ARM_STD/mbed_board.o(i.mbed_die)
    mbed_error_printf                        0x00003699   Thumb Code    76  mbed/TARGET_LPC1768/TOOLCHAIN_ARM_STD/mbed_board.o(i.mbed_error_printf)
    mbed_error_vfprintf                      0x000036f1   Thumb Code    70  mbed/TARGET_LPC1768/TOOLCHAIN_ARM_STD/mbed_board.o(i.mbed_error_vfprintf)
    mbed_interface_connected                 0x00003745   Thumb Code     4  mbed/TARGET_LPC1768/TOOLCHAIN_ARM_STD/mbed.ar(mbed_interface.o)(i.mbed_interface_connected)
    mbed_main                                0x00003749   Thumb Code     2  mbed/TARGET_LPC1768/TOOLCHAIN_ARM_STD/mbed_sdk_boot.o(i.mbed_main)
    mbed_sdk_init                            0x0000374b   Thumb Code     2  mbed/TARGET_LPC1768/TOOLCHAIN_ARM_STD/mbed_sdk_boot.o(i.mbed_sdk_init)
    pin_function                             0x0000374d   Thumb Code    68  mbed/TARGET_LPC1768/TOOLCHAIN_ARM_STD/pinmap.o(i.pin_function)
    pin_mode                                 0x000037a9   Thumb Code   120  mbed/TARGET_LPC1768/TOOLCHAIN_ARM_STD/pinmap.o(i.pin_mode)
    pinmap_find_peripheral                   0x00003839   Thumb Code    34  mbed/TARGET_LPC1768/TOOLCHAIN_ARM_STD/mbed.ar(mbed_pinmap_common.o)(i.pinmap_find_peripheral)
    pinmap_merge                             0x0000385d   Thumb Code    38  mbed/TARGET_LPC1768/TOOLCHAIN_ARM_STD/mbed.ar(mbed_pinmap_common.o)(i.pinmap_merge)
    pinmap_peripheral                        0x00003899   Thumb Code    58  mbed/TARGET_LPC1768/TOOLCHAIN_ARM_STD/mbed.ar(mbed_pinmap_common.o)(i.pinmap_peripheral)
    pinmap_pinout                            0x000038f5   Thumb Code    66  mbed/TARGET_LPC1768/TOOLCHAIN_ARM_STD/mbed.ar(mbed_pinmap_common.o)(i.pinmap_pinout)
    semihost_connected                       0x000039b5   Thumb Code    10  mbed/TARGET_LPC1768/TOOLCHAIN_ARM_STD/mbed.ar(mbed_semihost_api.o)(i.semihost_connected)
    semihost_exit                            0x000039c5   Thumb Code    12  mbed/TARGET_LPC1768/TOOLCHAIN_ARM_STD/mbed.ar(mbed_semihost_api.o)(i.semihost_exit)
    serial_baud                              0x000039d1   Thumb Code   408  mbed/TARGET_LPC1768/TOOLCHAIN_ARM_STD/serial_api.o(i.serial_baud)
    serial_init                              0x00003b95   Thumb Code   344  mbed/TARGET_LPC1768/TOOLCHAIN_ARM_STD/serial_api.o(i.serial_init)
    serial_putc                              0x00003e0d   Thumb Code   100  mbed/TARGET_LPC1768/TOOLCHAIN_ARM_STD/serial_api.o(i.serial_putc)
    serial_set_flow_control                  0x00003e75   Thumb Code   252  mbed/TARGET_LPC1768/TOOLCHAIN_ARM_STD/serial_api.o(i.serial_set_flow_control)
    spi_format                               0x00003f81   Thumb Code   128  mbed/TARGET_LPC1768/TOOLCHAIN_ARM_STD/spi_api.o(i.spi_format)
    spi_frequency                            0x00004041   Thumb Code   200  mbed/TARGET_LPC1768/TOOLCHAIN_ARM_STD/spi_api.o(i.spi_frequency)
    spi_init                                 0x00004139   Thumb Code   188  mbed/TARGET_LPC1768/TOOLCHAIN_ARM_STD/spi_api.o(i.spi_init)
    spi_master_write                         0x00004221   Thumb Code    26  mbed/TARGET_LPC1768/TOOLCHAIN_ARM_STD/spi_api.o(i.spi_master_write)
    ticker_irq_handler                       0x0000423b   Thumb Code    92  mbed/TARGET_LPC1768/TOOLCHAIN_ARM_STD/mbed.ar(mbed_ticker_api.o)(i.ticker_irq_handler)
    ticker_read                              0x00004297   Thumb Code    62  mbed/TARGET_LPC1768/TOOLCHAIN_ARM_STD/mbed.ar(mbed_ticker_api.o)(i.ticker_read)
    uart0_irq                                0x000042d5   Thumb Code    14  mbed/TARGET_LPC1768/TOOLCHAIN_ARM_STD/serial_api.o(i.uart0_irq)
    uart1_irq                                0x000042e9   Thumb Code    14  mbed/TARGET_LPC1768/TOOLCHAIN_ARM_STD/serial_api.o(i.uart1_irq)
    uart2_irq                                0x000042fd   Thumb Code    14  mbed/TARGET_LPC1768/TOOLCHAIN_ARM_STD/serial_api.o(i.uart2_irq)
    uart3_irq                                0x00004311   Thumb Code    14  mbed/TARGET_LPC1768/TOOLCHAIN_ARM_STD/serial_api.o(i.uart3_irq)
    us_ticker_clear_interrupt                0x000043b5   Thumb Code     8  mbed/TARGET_LPC1768/TOOLCHAIN_ARM_STD/us_ticker.o(i.us_ticker_clear_interrupt)
    us_ticker_disable_interrupt              0x000043c1   Thumb Code    12  mbed/TARGET_LPC1768/TOOLCHAIN_ARM_STD/us_ticker.o(i.us_ticker_disable_interrupt)
    us_ticker_fire_interrupt                 0x000043d1   Thumb Code    12  mbed/TARGET_LPC1768/TOOLCHAIN_ARM_STD/us_ticker.o(i.us_ticker_fire_interrupt)
    us_ticker_init                           0x000043dd   Thumb Code    74  mbed/TARGET_LPC1768/TOOLCHAIN_ARM_STD/us_ticker.o(i.us_ticker_init)
    us_ticker_irq_handler                    0x00004445   Thumb Code     6  mbed/TARGET_LPC1768/TOOLCHAIN_ARM_STD/mbed.ar(mbed_us_ticker_api.o)(i.us_ticker_irq_handler)
    us_ticker_read                           0x00004451   Thumb Code    72  mbed/TARGET_LPC1768/TOOLCHAIN_ARM_STD/us_ticker.o(i.us_ticker_read)
    us_ticker_set_interrupt                  0x000044b5   Thumb Code    14  mbed/TARGET_LPC1768/TOOLCHAIN_ARM_STD/us_ticker.o(i.us_ticker_set_interrupt)
    wait                                     0x000044c9   Thumb Code    40  mbed/TARGET_LPC1768/TOOLCHAIN_ARM_STD/mbed.ar(mbed_wait_api_no_rtos.o)(i.wait)
    wait_ms                                  0x000044f5   Thumb Code    36  mbed/TARGET_LPC1768/TOOLCHAIN_ARM_STD/mbed.ar(mbed_wait_api_no_rtos.o)(i.wait_ms)
    _get_lc_numeric                          0x00004519   Thumb Code    44  C:\Keil_v5\ARM\ARMCC\Bin\..\lib\armlib\c_w.l(lc_numeric_c.o)(locale$$code)
    _get_lc_ctype                            0x00004545   Thumb Code    44  C:\Keil_v5\ARM\ARMCC\Bin\..\lib\armlib\c_w.l(lc_ctype_c.o)(locale$$code)
    SingletonPtr<PlatformMutex>::operator ->() 0x00004571   Thumb Code    36  mbed/TARGET_LPC1768/TOOLCHAIN_ARM_STD/mbed.ar(FileBase.o)(t._ZN12SingletonPtrI13PlatformMutexEptEv)
    __aeabi_dadd                             0x0000459d   Thumb Code     0  C:\Keil_v5\ARM\ARMCC\Bin\..\lib\armlib\fz_ws.l(daddsub_clz.o)(x$fpl$dadd)
    _dadd                                    0x0000459d   Thumb Code   332  C:\Keil_v5\ARM\ARMCC\Bin\..\lib\armlib\fz_ws.l(daddsub_clz.o)(x$fpl$dadd)
    __fpl_dcmp_Inf                           0x000046ed   Thumb Code    24  C:\Keil_v5\ARM\ARMCC\Bin\..\lib\armlib\fz_ws.l(dcmpi.o)(x$fpl$dcmpinf)
    __aeabi_d2iz                             0x00004705   Thumb Code     0  C:\Keil_v5\ARM\ARMCC\Bin\..\lib\armlib\fz_ws.l(dfix.o)(x$fpl$dfix)
    _dfix                                    0x00004705   Thumb Code    94  C:\Keil_v5\ARM\ARMCC\Bin\..\lib\armlib\fz_ws.l(dfix.o)(x$fpl$dfix)
    __aeabi_cdcmple                          0x00004765   Thumb Code     0  C:\Keil_v5\ARM\ARMCC\Bin\..\lib\armlib\fz_ws.l(dleqf.o)(x$fpl$dleqf)
    _dcmple                                  0x00004765   Thumb Code   120  C:\Keil_v5\ARM\ARMCC\Bin\..\lib\armlib\fz_ws.l(dleqf.o)(x$fpl$dleqf)
    __fpl_dcmple_InfNaN                      0x000047c7   Thumb Code     0  C:\Keil_v5\ARM\ARMCC\Bin\..\lib\armlib\fz_ws.l(dleqf.o)(x$fpl$dleqf)
    __fpl_dnaninf                            0x000047dd   Thumb Code   156  C:\Keil_v5\ARM\ARMCC\Bin\..\lib\armlib\fz_ws.l(dnaninf.o)(x$fpl$dnaninf)
    __fpl_dretinf                            0x00004879   Thumb Code    12  C:\Keil_v5\ARM\ARMCC\Bin\..\lib\armlib\fz_ws.l(dretinf.o)(x$fpl$dretinf)
    __aeabi_cdrcmple                         0x00004885   Thumb Code     0  C:\Keil_v5\ARM\ARMCC\Bin\..\lib\armlib\fz_ws.l(drleqf.o)(x$fpl$drleqf)
    _drcmple                                 0x00004885   Thumb Code   108  C:\Keil_v5\ARM\ARMCC\Bin\..\lib\armlib\fz_ws.l(drleqf.o)(x$fpl$drleqf)
    __aeabi_drsub                            0x000048f1   Thumb Code     0  C:\Keil_v5\ARM\ARMCC\Bin\..\lib\armlib\fz_ws.l(daddsub_clz.o)(x$fpl$drsb)
    _drsb                                    0x000048f1   Thumb Code    22  C:\Keil_v5\ARM\ARMCC\Bin\..\lib\armlib\fz_ws.l(daddsub_clz.o)(x$fpl$drsb)
    __aeabi_dsub                             0x00004909   Thumb Code     0  C:\Keil_v5\ARM\ARMCC\Bin\..\lib\armlib\fz_ws.l(daddsub_clz.o)(x$fpl$dsub)
    _dsub                                    0x00004909   Thumb Code   464  C:\Keil_v5\ARM\ARMCC\Bin\..\lib\armlib\fz_ws.l(daddsub_clz.o)(x$fpl$dsub)
    __aeabi_f2d                              0x00004add   Thumb Code     0  C:\Keil_v5\ARM\ARMCC\Bin\..\lib\armlib\fz_ws.l(f2d.o)(x$fpl$f2d)
    _f2d                                     0x00004add   Thumb Code    86  C:\Keil_v5\ARM\ARMCC\Bin\..\lib\armlib\fz_ws.l(f2d.o)(x$fpl$f2d)
    __aeabi_fadd                             0x00004b35   Thumb Code     0  C:\Keil_v5\ARM\ARMCC\Bin\..\lib\armlib\fz_ws.l(faddsub_clz.o)(x$fpl$fadd)
    _fadd                                    0x00004b35   Thumb Code   196  C:\Keil_v5\ARM\ARMCC\Bin\..\lib\armlib\fz_ws.l(faddsub_clz.o)(x$fpl$fadd)
    __aeabi_fdiv                             0x00004bf9   Thumb Code     0  C:\Keil_v5\ARM\ARMCC\Bin\..\lib\armlib\fz_ws.l(fdiv.o)(x$fpl$fdiv)
    _fdiv                                    0x00004bf9   Thumb Code   384  C:\Keil_v5\ARM\ARMCC\Bin\..\lib\armlib\fz_ws.l(fdiv.o)(x$fpl$fdiv)
    __aeabi_f2iz                             0x00004d7d   Thumb Code     0  C:\Keil_v5\ARM\ARMCC\Bin\..\lib\armlib\fz_ws.l(ffix.o)(x$fpl$ffix)
    _ffix                                    0x00004d7d   Thumb Code    54  C:\Keil_v5\ARM\ARMCC\Bin\..\lib\armlib\fz_ws.l(ffix.o)(x$fpl$ffix)
    __aeabi_i2f                              0x00004db5   Thumb Code     0  C:\Keil_v5\ARM\ARMCC\Bin\..\lib\armlib\fz_ws.l(fflt_clz.o)(x$fpl$fflt)
    _fflt                                    0x00004db5   Thumb Code    48  C:\Keil_v5\ARM\ARMCC\Bin\..\lib\armlib\fz_ws.l(fflt_clz.o)(x$fpl$fflt)
    __aeabi_fmul                             0x00004de5   Thumb Code     0  C:\Keil_v5\ARM\ARMCC\Bin\..\lib\armlib\fz_ws.l(fmul.o)(x$fpl$fmul)
    _fmul                                    0x00004de5   Thumb Code   258  C:\Keil_v5\ARM\ARMCC\Bin\..\lib\armlib\fz_ws.l(fmul.o)(x$fpl$fmul)
    __fpl_fnaninf                            0x00004ee7   Thumb Code   140  C:\Keil_v5\ARM\ARMCC\Bin\..\lib\armlib\fz_ws.l(fnaninf.o)(x$fpl$fnaninf)
    __fpl_fretinf                            0x00004f73   Thumb Code    10  C:\Keil_v5\ARM\ARMCC\Bin\..\lib\armlib\fz_ws.l(fretinf.o)(x$fpl$fretinf)
    __aeabi_fsub                             0x00004f7d   Thumb Code     0  C:\Keil_v5\ARM\ARMCC\Bin\..\lib\armlib\fz_ws.l(faddsub_clz.o)(x$fpl$fsub)
    _fsub                                    0x00004f7d   Thumb Code   234  C:\Keil_v5\ARM\ARMCC\Bin\..\lib\armlib\fz_ws.l(faddsub_clz.o)(x$fpl$fsub)
    _printf_fp_dec                           0x00005067   Thumb Code     4  C:\Keil_v5\ARM\ARMCC\Bin\..\lib\armlib\fz_ws.l(printf1.o)(x$fpl$printf1)
    _printf_fp_hex                           0x0000506b   Thumb Code     4  C:\Keil_v5\ARM\ARMCC\Bin\..\lib\armlib\fz_ws.l(printf2.o)(x$fpl$printf2)
    __I$use$fp                               0x0000506e   Number         0  C:\Keil_v5\ARM\ARMCC\Bin\..\lib\armlib\fz_ws.l(usenofp.o)(x$fpl$usenofp)
    __stdin_name                             0x0000506e   Data           7  mbed/TARGET_LPC1768/TOOLCHAIN_ARM_STD/mbed_retarget.o(.constdata)
    __stdout_name                            0x00005075   Data           8  mbed/TARGET_LPC1768/TOOLCHAIN_ARM_STD/mbed_retarget.o(.constdata)
    __stderr_name                            0x0000507d   Data           8  mbed/TARGET_LPC1768/TOOLCHAIN_ARM_STD/mbed_retarget.o(.constdata)
    vtable for mbed::SPI                     0x000053b4   Data          32  mbed/TARGET_LPC1768/TOOLCHAIN_ARM_STD/mbed.ar(SPI.o)(.constdata__ZTVN4mbed3SPIE)
    SingletonPtr<PlatformMutex>::get()::string 0x000053d4   Data          20  mbed/TARGET_LPC1768/TOOLCHAIN_ARM_STD/mbed_retarget.o(.constdata__ZZN12SingletonPtrI13PlatformMutexE3getEvEs)
    SingletonPtr<PlatformMutex>::get()::string (instance 2) 0x000053e8   Data          72  mbed/TARGET_LPC1768/TOOLCHAIN_ARM_STD/mbed_retarget.o(.constdata__ZZN12SingletonPtrI13PlatformMutexE3getEvEs_0)
    Region$$Table$$Base                      0x000055e4   Number         0  anon$$obj.o(Region$$Table)
    Region$$Table$$Limit                     0x00005604   Number         0  anon$$obj.o(Region$$Table)
    __ctype                                  0x0000562d   Data           0  C:\Keil_v5\ARM\ARMCC\Bin\..\lib\armlib\c_w.l(lc_ctype_c.o)(locale$$data)
    SHT$$INIT_ARRAY$$Base                    0x00005730   Number         0  .\build\main.o(.init_array)
    SHT$$INIT_ARRAY$$Limit                   0x00005734   Number         0  C:\Keil_v5\ARM\ARMCC\Bin\..\lib\armlib\c_w.l(init_aeabi.o)(.init_array)
    stdio_uart_inited                        0x100000d8   Data           4  mbed/TARGET_LPC1768/TOOLCHAIN_ARM_STD/serial_api.o(.data)
    stdio_uart                               0x100000e0   Data           8  mbed/TARGET_LPC1768/TOOLCHAIN_ARM_STD/serial_api.o(.data)
    SystemCoreClock                          0x100000e8   Data           4  mbed/TARGET_LPC1768/TOOLCHAIN_ARM_STD/system_LPC17xx.o(.data)
    us_ticker_inited                         0x100000ec   Data           4  mbed/TARGET_LPC1768/TOOLCHAIN_ARM_STD/us_ticker.o(.data)
    mbed::SPI::_owner                        0x100000f0   Data           4  mbed/TARGET_LPC1768/TOOLCHAIN_ARM_STD/mbed.ar(SPI.o)(.data)
    mbed::SPI::_mutex                        0x100000f4   Data           8  mbed/TARGET_LPC1768/TOOLCHAIN_ARM_STD/mbed.ar(SPI.o)(.data)
    mbed::FileBase::_head                    0x10000108   Data           4  mbed/TARGET_LPC1768/TOOLCHAIN_ARM_STD/mbed.ar(FileBase.o)(.data)
    mbed::FileBase::_mutex                   0x1000010c   Data           8  mbed/TARGET_LPC1768/TOOLCHAIN_ARM_STD/mbed.ar(FileBase.o)(.data)
    __aeabi_stdin                            0x10000114   Data           4  C:\Keil_v5\ARM\ARMCC\Bin\..\lib\armlib\c_w.l(stdio_streams.o)(.data)
    __aeabi_stdout                           0x10000118   Data           4  C:\Keil_v5\ARM\ARMCC\Bin\..\lib\armlib\c_w.l(stdio_streams.o)(.data)
    __aeabi_stderr                           0x1000011c   Data           4  C:\Keil_v5\ARM\ARMCC\Bin\..\lib\armlib\c_w.l(stdio_streams.o)(.data)
    spi                                      0x10000348   Data          24  .\build\main.o(.bss)
    seg_cs                                   0x10000360   Data          24  .\build\main.o(.bss)
    __stdin                                  0x10000394   Data          84  C:\Keil_v5\ARM\ARMCC\Bin\..\lib\armlib\c_w.l(stdio_streams.o)(.bss)
    __stdout                                 0x100003e8   Data          84  C:\Keil_v5\ARM\ARMCC\Bin\..\lib\armlib\c_w.l(stdio_streams.o)(.bss)
    __stderr                                 0x1000043c   Data          84  C:\Keil_v5\ARM\ARMCC\Bin\..\lib\armlib\c_w.l(stdio_streams.o)(.bss)
    Image$$RW_IRAM1$$ZI$$Limit               0x100004a8   Number         0  anon$$obj.o ABSOLUTE



==============================================================================

Memory Map of the image

  Image Entry point : 0x00000301

  Load Region LR_IROM1 (Base: 0x00000000, Size: 0x00005790, Max: 0x00080000, ABSOLUTE)

    Execution Region ER_IROM0 (Exec base: 0x00000000, Load base: 0x00000000, Size: 0x000000c4, Max: 0x000002fc, ABSOLUTE)

    Exec Addr    Load Addr    Size         Type   Attr      Idx    E Section Name        Object

    0x00000000   0x00000000   0x000000c4   Data   RO          550    RESET               mbed/TARGET_LPC1768/TOOLCHAIN_ARM_STD/startup_LPC17xx.o


    Execution Region ER_CRP (Exec base: 0x000002fc, Load base: 0x000002fc, Size: 0x00000004, Max: 0x00000004, ABSOLUTE, FIXED)

    Exec Addr    Load Addr    Size         Type   Attr      Idx    E Section Name        Object

    0x000002fc   0x000002fc   0x00000004   Data   RO           78    .CRPSection         mbed/TARGET_LPC1768/TOOLCHAIN_ARM_STD/CRP.o


    Execution Region ER_IROM1 (Exec base: 0x00000300, Load base: 0x00000300, Size: 0x00005434, Max: 0x0007fd00, ABSOLUTE, FIXED)

    Exec Addr    Load Addr    Size         Type   Attr      Idx    E Section Name        Object

    0x00000300   0x00000300   0x00000008   Code   RO         1475  * !!!main             C:\Keil_v5\ARM\ARMCC\Bin\..\lib\armlib\c_w.l(__main.o)
    0x00000308   0x00000308   0x00000034   Code   RO         2116    !!!scatter          C:\Keil_v5\ARM\ARMCC\Bin\..\lib\armlib\c_w.l(__scatter.o)
    0x0000033c   0x0000033c   0x0000001a   Code   RO         2118    !!handler_copy      C:\Keil_v5\ARM\ARMCC\Bin\..\lib\armlib\c_w.l(__scatter_copy.o)
    0x00000356   0x00000356   0x00000002   PAD
    0x00000358   0x00000358   0x0000001c   Code   RO         2120    !!handler_zi        C:\Keil_v5\ARM\ARMCC\Bin\..\lib\armlib\c_w.l(__scatter_zi.o)
    0x00000374   0x00000374   0x00000000   Code   RO         1745    .ARM.Collect$$_printf_percent$$00000000  C:\Keil_v5\ARM\ARMCC\Bin\..\lib\armlib\c_w.l(_printf_percent.o)
    0x00000374   0x00000374   0x00000006   Code   RO         1734    .ARM.Collect$$_printf_percent$$00000001  C:\Keil_v5\ARM\ARMCC\Bin\..\lib\armlib\c_w.l(_printf_n.o)
    0x0000037a   0x0000037a   0x00000006   Code   RO         1736    .ARM.Collect$$_printf_percent$$00000002  C:\Keil_v5\ARM\ARMCC\Bin\..\lib\armlib\c_w.l(_printf_p.o)
    0x00000380   0x00000380   0x00000006   Code   RO         1741    .ARM.Collect$$_printf_percent$$00000003  C:\Keil_v5\ARM\ARMCC\Bin\..\lib\armlib\c_w.l(_printf_f.o)
    0x00000386   0x00000386   0x00000006   Code   RO         1742    .ARM.Collect$$_printf_percent$$00000004  C:\Keil_v5\ARM\ARMCC\Bin\..\lib\armlib\c_w.l(_printf_e.o)
    0x0000038c   0x0000038c   0x00000006   Code   RO         1743    .ARM.Collect$$_printf_percent$$00000005  C:\Keil_v5\ARM\ARMCC\Bin\..\lib\armlib\c_w.l(_printf_g.o)
    0x00000392   0x00000392   0x00000006   Code   RO         1744    .ARM.Collect$$_printf_percent$$00000006  C:\Keil_v5\ARM\ARMCC\Bin\..\lib\armlib\c_w.l(_printf_a.o)
    0x00000398   0x00000398   0x0000000a   Code   RO         1749    .ARM.Collect$$_printf_percent$$00000007  C:\Keil_v5\ARM\ARMCC\Bin\..\lib\armlib\c_w.l(_printf_ll.o)
    0x000003a2   0x000003a2   0x00000006   Code   RO         1738    .ARM.Collect$$_printf_percent$$00000008  C:\Keil_v5\ARM\ARMCC\Bin\..\lib\armlib\c_w.l(_printf_i.o)
    0x000003a8   0x000003a8   0x00000006   Code   RO         1739    .ARM.Collect$$_printf_percent$$00000009  C:\Keil_v5\ARM\ARMCC\Bin\..\lib\armlib\c_w.l(_printf_d.o)
    0x000003ae   0x000003ae   0x00000006   Code   RO         1740    .ARM.Collect$$_printf_percent$$0000000A  C:\Keil_v5\ARM\ARMCC\Bin\..\lib\armlib\c_w.l(_printf_u.o)
    0x000003b4   0x000003b4   0x00000006   Code   RO         1737    .ARM.Collect$$_printf_percent$$0000000B  C:\Keil_v5\ARM\ARMCC\Bin\..\lib\armlib\c_w.l(_printf_o.o)
    0x000003ba   0x000003ba   0x00000006   Code   RO         1735    .ARM.Collect$$_printf_percent$$0000000C  C:\Keil_v5\ARM\ARMCC\Bin\..\lib\armlib\c_w.l(_printf_x.o)
    0x000003c0   0x000003c0   0x00000006   Code   RO         1746    .ARM.Collect$$_printf_percent$$0000000D  C:\Keil_v5\ARM\ARMCC\Bin\..\lib\armlib\c_w.l(_printf_lli.o)
    0x000003c6   0x000003c6   0x00000006   Code   RO         1747    .ARM.Collect$$_printf_percent$$0000000E  C:\Keil_v5\ARM\ARMCC\Bin\..\lib\armlib\c_w.l(_printf_lld.o)
    0x000003cc   0x000003cc   0x00000006   Code   RO         1748    .ARM.Collect$$_printf_percent$$0000000F  C:\Keil_v5\ARM\ARMCC\Bin\..\lib\armlib\c_w.l(_printf_llu.o)
    0x000003d2   0x000003d2   0x00000006   Code   RO         1753    .ARM.Collect$$_printf_percent$$00000010  C:\Keil_v5\ARM\ARMCC\Bin\..\lib\armlib\c_w.l(_printf_llo.o)
    0x000003d8   0x000003d8   0x00000006   Code   RO         1754    .ARM.Collect$$_printf_percent$$00000011  C:\Keil_v5\ARM\ARMCC\Bin\..\lib\armlib\c_w.l(_printf_llx.o)
    0x000003de   0x000003de   0x0000000a   Code   RO         1750    .ARM.Collect$$_printf_percent$$00000012  C:\Keil_v5\ARM\ARMCC\Bin\..\lib\armlib\c_w.l(_printf_l.o)
    0x000003e8   0x000003e8   0x00000006   Code   RO         1732    .ARM.Collect$$_printf_percent$$00000013  C:\Keil_v5\ARM\ARMCC\Bin\..\lib\armlib\c_w.l(_printf_c.o)
    0x000003ee   0x000003ee   0x00000006   Code   RO         1733    .ARM.Collect$$_printf_percent$$00000014  C:\Keil_v5\ARM\ARMCC\Bin\..\lib\armlib\c_w.l(_printf_s.o)
    0x000003f4   0x000003f4   0x00000006   Code   RO         1751    .ARM.Collect$$_printf_percent$$00000015  C:\Keil_v5\ARM\ARMCC\Bin\..\lib\armlib\c_w.l(_printf_lc.o)
    0x000003fa   0x000003fa   0x00000006   Code   RO         1752    .ARM.Collect$$_printf_percent$$00000016  C:\Keil_v5\ARM\ARMCC\Bin\..\lib\armlib\c_w.l(_printf_ls.o)
    0x00000400   0x00000400   0x00000004   Code   RO         1911    .ARM.Collect$$_printf_percent$$00000017  C:\Keil_v5\ARM\ARMCC\Bin\..\lib\armlib\c_w.l(_printf_percent_end.o)
    0x00000404   0x00000404   0x00000002   Code   RO         2053    .ARM.Collect$$libinit$$00000000  C:\Keil_v5\ARM\ARMCC\Bin\..\lib\armlib\c_w.l(libinit.o)
    0x00000406   0x00000406   0x00000000   Code   RO         1785    .ARM.Collect$$libinit$$00000002  C:\Keil_v5\ARM\ARMCC\Bin\..\lib\armlib\c_w.l(libinit2.o)
    0x00000406   0x00000406   0x00000000   Code   RO         1787    .ARM.Collect$$libinit$$00000004  C:\Keil_v5\ARM\ARMCC\Bin\..\lib\armlib\c_w.l(libinit2.o)
    0x00000406   0x00000406   0x00000008   Code   RO         1788    .ARM.Collect$$libinit$$00000005  C:\Keil_v5\ARM\ARMCC\Bin\..\lib\armlib\c_w.l(libinit2.o)
    0x0000040e   0x0000040e   0x00000000   Code   RO         1790    .ARM.Collect$$libinit$$0000000A  C:\Keil_v5\ARM\ARMCC\Bin\..\lib\armlib\c_w.l(libinit2.o)
    0x0000040e   0x0000040e   0x00000000   Code   RO         1792    .ARM.Collect$$libinit$$0000000C  C:\Keil_v5\ARM\ARMCC\Bin\..\lib\armlib\c_w.l(libinit2.o)
    0x0000040e   0x0000040e   0x00000000   Code   RO         1794    .ARM.Collect$$libinit$$0000000E  C:\Keil_v5\ARM\ARMCC\Bin\..\lib\armlib\c_w.l(libinit2.o)
    0x0000040e   0x0000040e   0x00000006   Code   RO         1795    .ARM.Collect$$libinit$$0000000F  C:\Keil_v5\ARM\ARMCC\Bin\..\lib\armlib\c_w.l(libinit2.o)
    0x00000414   0x00000414   0x00000000   Code   RO         1797    .ARM.Collect$$libinit$$00000011  C:\Keil_v5\ARM\ARMCC\Bin\..\lib\armlib\c_w.l(libinit2.o)
    0x00000414   0x00000414   0x0000000c   Code   RO         1798    .ARM.Collect$$libinit$$00000012  C:\Keil_v5\ARM\ARMCC\Bin\..\lib\armlib\c_w.l(libinit2.o)
    0x00000420   0x00000420   0x00000000   Code   RO         1799    .ARM.Collect$$libinit$$00000013  C:\Keil_v5\ARM\ARMCC\Bin\..\lib\armlib\c_w.l(libinit2.o)
    0x00000420   0x00000420   0x00000000   Code   RO         1801    .ARM.Collect$$libinit$$00000015  C:\Keil_v5\ARM\ARMCC\Bin\..\lib\armlib\c_w.l(libinit2.o)
    0x00000420   0x00000420   0x0000000a   Code   RO         1802    .ARM.Collect$$libinit$$00000016  C:\Keil_v5\ARM\ARMCC\Bin\..\lib\armlib\c_w.l(libinit2.o)
    0x0000042a   0x0000042a   0x00000000   Code   RO         1803    .ARM.Collect$$libinit$$00000017  C:\Keil_v5\ARM\ARMCC\Bin\..\lib\armlib\c_w.l(libinit2.o)
    0x0000042a   0x0000042a   0x00000000   Code   RO         1805    .ARM.Collect$$libinit$$00000019  C:\Keil_v5\ARM\ARMCC\Bin\..\lib\armlib\c_w.l(libinit2.o)
    0x0000042a   0x0000042a   0x00000000   Code   RO         1807    .ARM.Collect$$libinit$$0000001B  C:\Keil_v5\ARM\ARMCC\Bin\..\lib\armlib\c_w.l(libinit2.o)
    0x0000042a   0x0000042a   0x00000000   Code   RO         1809    .ARM.Collect$$libinit$$0000001D  C:\Keil_v5\ARM\ARMCC\Bin\..\lib\armlib\c_w.l(libinit2.o)
    0x0000042a   0x0000042a   0x00000000   Code   RO         1811    .ARM.Collect$$libinit$$0000001F  C:\Keil_v5\ARM\ARMCC\Bin\..\lib\armlib\c_w.l(libinit2.o)
    0x0000042a   0x0000042a   0x00000000   Code   RO         1813    .ARM.Collect$$libinit$$00000021  C:\Keil_v5\ARM\ARMCC\Bin\..\lib\armlib\c_w.l(libinit2.o)
    0x0000042a   0x0000042a   0x00000000   Code   RO         1815    .ARM.Collect$$libinit$$00000023  C:\Keil_v5\ARM\ARMCC\Bin\..\lib\armlib\c_w.l(libinit2.o)
    0x0000042a   0x0000042a   0x00000004   Code   RO         1816    .ARM.Collect$$libinit$$00000024  C:\Keil_v5\ARM\ARMCC\Bin\..\lib\armlib\c_w.l(libinit2.o)
    0x0000042e   0x0000042e   0x00000000   Code   RO         1817    .ARM.Collect$$libinit$$00000025  C:\Keil_v5\ARM\ARMCC\Bin\..\lib\armlib\c_w.l(libinit2.o)
    0x0000042e   0x0000042e   0x00000000   Code   RO         1821    .ARM.Collect$$libinit$$0000002C  C:\Keil_v5\ARM\ARMCC\Bin\..\lib\armlib\c_w.l(libinit2.o)
    0x0000042e   0x0000042e   0x00000000   Code   RO         1823    .ARM.Collect$$libinit$$0000002E  C:\Keil_v5\ARM\ARMCC\Bin\..\lib\armlib\c_w.l(libinit2.o)
    0x0000042e   0x0000042e   0x00000000   Code   RO         1825    .ARM.Collect$$libinit$$00000030  C:\Keil_v5\ARM\ARMCC\Bin\..\lib\armlib\c_w.l(libinit2.o)
    0x0000042e   0x0000042e   0x00000004   Code   RO         1826    .ARM.Collect$$libinit$$00000031  C:\Keil_v5\ARM\ARMCC\Bin\..\lib\armlib\c_w.l(libinit2.o)
    0x00000432   0x00000432   0x00000000   Code   RO         1827    .ARM.Collect$$libinit$$00000032  C:\Keil_v5\ARM\ARMCC\Bin\..\lib\armlib\c_w.l(libinit2.o)
    0x00000432   0x00000432   0x00000002   Code   RO         1828    .ARM.Collect$$libinit$$00000033  C:\Keil_v5\ARM\ARMCC\Bin\..\lib\armlib\c_w.l(libinit2.o)
    0x00000434   0x00000434   0x00000000   Code   RO         1956    .ARM.Collect$$libshutdown$$00000004  C:\Keil_v5\ARM\ARMCC\Bin\..\lib\armlib\c_w.l(libshutdown2.o)
    0x00000434   0x00000434   0x00000000   Code   RO         1630    .ARM.Collect$$rtentry$$00000000  C:\Keil_v5\ARM\ARMCC\Bin\..\lib\armlib\c_w.l(__rtentry.o)
    0x00000434   0x00000434   0x00000000   Code   RO         1870    .ARM.Collect$$rtentry$$00000002  C:\Keil_v5\ARM\ARMCC\Bin\..\lib\armlib\c_w.l(__rtentry2.o)
    0x00000434   0x00000434   0x00000006   Code   RO         1882    .ARM.Collect$$rtentry$$00000004  C:\Keil_v5\ARM\ARMCC\Bin\..\lib\armlib\c_w.l(__rtentry4.o)
    0x0000043a   0x0000043a   0x00000008   Code   RO         1871    .ARM.Collect$$rtentry$$00000008  C:\Keil_v5\ARM\ARMCC\Bin\..\lib\armlib\c_w.l(__rtentry2.o)
    0x00000442   0x00000442   0x00000004   Code   RO         1873    .ARM.Collect$$rtentry$$0000000A  C:\Keil_v5\ARM\ARMCC\Bin\..\lib\armlib\c_w.l(__rtentry2.o)
    0x00000446   0x00000446   0x00000000   Code   RO         1875    .ARM.Collect$$rtentry$$0000000C  C:\Keil_v5\ARM\ARMCC\Bin\..\lib\armlib\c_w.l(__rtentry2.o)
    0x00000446   0x00000446   0x00000008   Code   RO         1876    .ARM.Collect$$rtentry$$0000000D  C:\Keil_v5\ARM\ARMCC\Bin\..\lib\armlib\c_w.l(__rtentry2.o)
    0x0000044e   0x0000044e   0x00000002   PAD
    0x00000450   0x00000450   0x00000000   Code   RO         1888    .emb_text           C:\Keil_v5\ARM\ARMCC\Bin\..\lib\armlib\c_w.l(maybetermalloc1.o)
    0x00000450   0x00000450   0x00000024   Code   RO          551    .text               mbed/TARGET_LPC1768/TOOLCHAIN_ARM_STD/startup_LPC17xx.o
    0x00000474   0x00000474   0x00000008   Code   RO         1358    .text               C:\Keil_v5\ARM\ARMCC\Bin\..\lib\armlib\c_w.l(rt_errno_addr.o)
    0x0000047c   0x0000047c   0x0000005e   Code   RO         1367    .text               C:\Keil_v5\ARM\ARMCC\Bin\..\lib\armlib\c_w.l(h1_alloc.o)
    0x000004da   0x000004da   0x0000004e   Code   RO         1369    .text               C:\Keil_v5\ARM\ARMCC\Bin\..\lib\armlib\c_w.l(h1_free.o)
    0x00000528   0x00000528   0x00000034   Code   RO         1427    .text               C:\Keil_v5\ARM\ARMCC\Bin\..\lib\armlib\c_w.l(vsnprintf.o)
    0x0000055c   0x0000055c   0x00000018   Code   RO         1429    .text               C:\Keil_v5\ARM\ARMCC\Bin\..\lib\armlib\c_w.l(__2printf.o)
    0x00000574   0x00000574   0x00000064   Code   RO         1437    .text               C:\Keil_v5\ARM\ARMCC\Bin\..\lib\armlib\c_w.l(fflush.o)
    0x000005d8   0x000005d8   0x000000ec   Code   RO         1445    .text               C:\Keil_v5\ARM\ARMCC\Bin\..\lib\armlib\c_w.l(fopen.o)
    0x000006c4   0x000006c4   0x0000003e   Code   RO         1461    .text               C:\Keil_v5\ARM\ARMCC\Bin\..\lib\armlib\c_w.l(strlen.o)
    0x00000702   0x00000702   0x00000096   Code   RO         1463    .text               C:\Keil_v5\ARM\ARMCC\Bin\..\lib\armlib\c_w.l(strncmp.o)
    0x00000798   0x00000798   0x00000064   Code   RO         1467    .text               C:\Keil_v5\ARM\ARMCC\Bin\..\lib\armlib\c_w.l(rt_memcpy_w.o)
    0x000007fc   0x000007fc   0x0000004e   Code   RO         1471    .text               C:\Keil_v5\ARM\ARMCC\Bin\..\lib\armlib\c_w.l(rt_memclr_w.o)
    0x0000084a   0x0000084a   0x00000002   PAD
    0x0000084c   0x0000084c   0x00000080   Code   RO         1473    .text               C:\Keil_v5\ARM\ARMCC\Bin\..\lib\armlib\c_w.l(strcmpv7m.o)
    0x000008cc   0x000008cc   0x00000024   Code   RO         1480    .text               C:\Keil_v5\ARM\ARMCC\Bin\..\lib\armlib\c_w.l(init_aeabi.o)
    0x000008f0   0x000008f0   0x00000008   Code   RO         1635    .text               C:\Keil_v5\ARM\ARMCC\Bin\..\lib\armlib\c_w.l(rt_heap_descriptor.o)
    0x000008f8   0x000008f8   0x00000004   Code   RO         1640    .text               C:\Keil_v5\ARM\ARMCC\Bin\..\lib\armlib\c_w.l(hguard.o)
    0x000008fc   0x000008fc   0x0000008a   Code   RO         1642    .text               C:\Keil_v5\ARM\ARMCC\Bin\..\lib\armlib\c_w.l(init_alloc.o)
    0x00000986   0x00000986   0x0000000e   Code   RO         1646    .text               C:\Keil_v5\ARM\ARMCC\Bin\..\lib\armlib\c_w.l(h1_init.o)
    0x00000994   0x00000994   0x0000004e   Code   RO         1662    .text               C:\Keil_v5\ARM\ARMCC\Bin\..\lib\armlib\c_w.l(_printf_pad.o)
    0x000009e2   0x000009e2   0x00000024   Code   RO         1664    .text               C:\Keil_v5\ARM\ARMCC\Bin\..\lib\armlib\c_w.l(_printf_truncate.o)
    0x00000a06   0x00000a06   0x00000052   Code   RO         1666    .text               C:\Keil_v5\ARM\ARMCC\Bin\..\lib\armlib\c_w.l(_printf_str.o)
    0x00000a58   0x00000a58   0x00000078   Code   RO         1668    .text               C:\Keil_v5\ARM\ARMCC\Bin\..\lib\armlib\c_w.l(_printf_dec.o)
    0x00000ad0   0x00000ad0   0x00000028   Code   RO         1670    .text               C:\Keil_v5\ARM\ARMCC\Bin\..\lib\armlib\c_w.l(_printf_charcount.o)
    0x00000af8   0x00000af8   0x00000030   Code   RO         1672    .text               C:\Keil_v5\ARM\ARMCC\Bin\..\lib\armlib\c_w.l(_printf_char_common.o)
    0x00000b28   0x00000b28   0x0000000a   Code   RO         1674    .text               C:\Keil_v5\ARM\ARMCC\Bin\..\lib\armlib\c_w.l(_sputc.o)
    0x00000b32   0x00000b32   0x00000010   Code   RO         1676    .text               C:\Keil_v5\ARM\ARMCC\Bin\..\lib\armlib\c_w.l(_snputc.o)
    0x00000b42   0x00000b42   0x00000002   PAD
    0x00000b44   0x00000b44   0x00000024   Code   RO         1678    .text               C:\Keil_v5\ARM\ARMCC\Bin\..\lib\armlib\c_w.l(_printf_char_file.o)
    0x00000b68   0x00000b68   0x000000bc   Code   RO         1680    .text               C:\Keil_v5\ARM\ARMCC\Bin\..\lib\armlib\c_w.l(_printf_wctomb.o)
    0x00000c24   0x00000c24   0x0000007c   Code   RO         1683    .text               C:\Keil_v5\ARM\ARMCC\Bin\..\lib\armlib\c_w.l(_printf_longlong_dec.o)
    0x00000ca0   0x00000ca0   0x00000070   Code   RO         1689    .text               C:\Keil_v5\ARM\ARMCC\Bin\..\lib\armlib\c_w.l(_printf_oct_int_ll.o)
    0x00000d10   0x00000d10   0x00000094   Code   RO         1709    .text               C:\Keil_v5\ARM\ARMCC\Bin\..\lib\armlib\c_w.l(_printf_hex_int_ll_ptr.o)
    0x00000da4   0x00000da4   0x00000188   Code   RO         1729    .text               C:\Keil_v5\ARM\ARMCC\Bin\..\lib\armlib\c_w.l(__printf_flags_ss_wp.o)
    0x00000f2c   0x00000f2c   0x00000008   Code   RO         1761    .text               C:\Keil_v5\ARM\ARMCC\Bin\..\lib\armlib\c_w.l(ferror.o)
    0x00000f34   0x00000f34   0x000000f8   Code   RO         1765    .text               C:\Keil_v5\ARM\ARMCC\Bin\..\lib\armlib\c_w.l(fseek.o)
    0x0000102c   0x0000102c   0x00000046   Code   RO         1767    .text               C:\Keil_v5\ARM\ARMCC\Bin\..\lib\armlib\c_w.l(setvbuf.o)
    0x00001072   0x00001072   0x00000002   PAD
    0x00001074   0x00001074   0x000000f0   Code   RO         1769    .text               C:\Keil_v5\ARM\ARMCC\Bin\..\lib\armlib\c_w.l(stdio.o)
    0x00001164   0x00001164   0x00000138   Code   RO         1772    .text               C:\Keil_v5\ARM\ARMCC\Bin\..\lib\armlib\c_w.l(initio.o)
    0x0000129c   0x0000129c   0x0000004c   Code   RO         1774    .text               C:\Keil_v5\ARM\ARMCC\Bin\..\lib\armlib\c_w.l(fclose.o)
    0x000012e8   0x000012e8   0x00000034   Code   RO         1890    .text               C:\Keil_v5\ARM\ARMCC\Bin\..\lib\armlib\c_w.l(h1_extend.o)
    0x0000131c   0x0000131c   0x0000008a   Code   RO         1894    .text               C:\Keil_v5\ARM\ARMCC\Bin\..\lib\armlib\c_w.l(lludiv10.o)
    0x000013a6   0x000013a6   0x000000b2   Code   RO         1898    .text               C:\Keil_v5\ARM\ARMCC\Bin\..\lib\armlib\c_w.l(_printf_intcommon.o)
    0x00001458   0x00001458   0x0000041e   Code   RO         1900    .text               C:\Keil_v5\ARM\ARMCC\Bin\..\lib\armlib\c_w.l(_printf_fp_dec.o)
    0x00001876   0x00001876   0x00000002   PAD
    0x00001878   0x00001878   0x000002fc   Code   RO         1902    .text               C:\Keil_v5\ARM\ARMCC\Bin\..\lib\armlib\c_w.l(_printf_fp_hex.o)
    0x00001b74   0x00001b74   0x0000002c   Code   RO         1907    .text               C:\Keil_v5\ARM\ARMCC\Bin\..\lib\armlib\c_w.l(_printf_char.o)
    0x00001ba0   0x00001ba0   0x0000002c   Code   RO         1909    .text               C:\Keil_v5\ARM\ARMCC\Bin\..\lib\armlib\c_w.l(_printf_wchar.o)
    0x00001bcc   0x00001bcc   0x00000042   Code   RO         1918    .text               C:\Keil_v5\ARM\ARMCC\Bin\..\lib\armlib\c_w.l(ftell.o)
    0x00001c0e   0x00001c0e   0x00000040   Code   RO         1936    .text               C:\Keil_v5\ARM\ARMCC\Bin\..\lib\armlib\c_w.l(_wcrtomb.o)
    0x00001c4e   0x00001c4e   0x0000000e   Code   RO         1938    .text               C:\Keil_v5\ARM\ARMCC\Bin\..\lib\armlib\c_w.l(defsig_rtred_outer.o)
    0x00001c5c   0x00001c5c   0x0000000e   Code   RO         1942    .text               C:\Keil_v5\ARM\ARMCC\Bin\..\lib\armlib\c_w.l(defsig_rtmem_outer.o)
    0x00001c6a   0x00001c6a   0x00000002   PAD
    0x00001c6c   0x00001c6c   0x00000050   Code   RO         1946    .text               C:\Keil_v5\ARM\ARMCC\Bin\..\lib\armlib\c_w.l(heapauxa.o)
    0x00001cbc   0x00001cbc   0x00000010   Code   RO         1986    .text               C:\Keil_v5\ARM\ARMCC\Bin\..\lib\armlib\c_w.l(rt_ctype_table.o)
    0x00001ccc   0x00001ccc   0x00000008   Code   RO         1990    .text               C:\Keil_v5\ARM\ARMCC\Bin\..\lib\armlib\c_w.l(rt_locale.o)
    0x00001cd4   0x00001cd4   0x00000080   Code   RO         2002    .text               C:\Keil_v5\ARM\ARMCC\Bin\..\lib\armlib\c_w.l(_printf_fp_infnan.o)
    0x00001d54   0x00001d54   0x000000e4   Code   RO         2004    .text               C:\Keil_v5\ARM\ARMCC\Bin\..\lib\armlib\c_w.l(bigflt0.o)
    0x00001e38   0x00001e38   0x000001d6   Code   RO         2029    .text               C:\Keil_v5\ARM\ARMCC\Bin\..\lib\armlib\c_w.l(flsbuf.o)
    0x0000200e   0x0000200e   0x0000000a   Code   RO         2036    .text               C:\Keil_v5\ARM\ARMCC\Bin\..\lib\armlib\c_w.l(defsig_exit.o)
    0x00002018   0x00002018   0x00000034   Code   RO         2042    .text               C:\Keil_v5\ARM\ARMCC\Bin\..\lib\armlib\c_w.l(defsig_rtred_inner.o)
    0x0000204c   0x0000204c   0x00000050   Code   RO         2044    .text               C:\Keil_v5\ARM\ARMCC\Bin\..\lib\armlib\c_w.l(defsig_rtmem_inner.o)
    0x0000209c   0x0000209c   0x0000000c   Code   RO         2065    .text               C:\Keil_v5\ARM\ARMCC\Bin\..\lib\armlib\c_w.l(sys_exit.o)
    0x000020a8   0x000020a8   0x00000032   Code   RO         2082    .text               C:\Keil_v5\ARM\ARMCC\Bin\..\lib\armlib\c_w.l(defsig_general.o)
    0x000020da   0x000020da   0x0000000e   Code   RO         2092    .text               C:\Keil_v5\ARM\ARMCC\Bin\..\lib\armlib\c_w.l(sys_wrch.o)
    0x000020e8   0x000020e8   0x00000002   Code   RO         2094    .text               C:\Keil_v5\ARM\ARMCC\Bin\..\lib\armlib\c_w.l(use_no_semi.o)
    0x000020ea   0x000020ea   0x00000000   Code   RO         2096    .text               C:\Keil_v5\ARM\ARMCC\Bin\..\lib\armlib\c_w.l(indicate_semi.o)
    0x000020ea   0x000020ea   0x0000003e   Code   RO         2007    CL$$btod_d2e        C:\Keil_v5\ARM\ARMCC\Bin\..\lib\armlib\c_w.l(btod.o)
    0x00002128   0x00002128   0x00000046   Code   RO         2009    CL$$btod_d2e_denorm_low  C:\Keil_v5\ARM\ARMCC\Bin\..\lib\armlib\c_w.l(btod.o)
    0x0000216e   0x0000216e   0x00000060   Code   RO         2008    CL$$btod_d2e_norm_op1  C:\Keil_v5\ARM\ARMCC\Bin\..\lib\armlib\c_w.l(btod.o)
    0x000021ce   0x000021ce   0x00000338   Code   RO         2017    CL$$btod_div_common  C:\Keil_v5\ARM\ARMCC\Bin\..\lib\armlib\c_w.l(btod.o)
    0x00002506   0x00002506   0x000000dc   Code   RO         2014    CL$$btod_e2e        C:\Keil_v5\ARM\ARMCC\Bin\..\lib\armlib\c_w.l(btod.o)
    0x000025e2   0x000025e2   0x0000002a   Code   RO         2011    CL$$btod_ediv       C:\Keil_v5\ARM\ARMCC\Bin\..\lib\armlib\c_w.l(btod.o)
    0x0000260c   0x0000260c   0x0000002a   Code   RO         2010    CL$$btod_emul       C:\Keil_v5\ARM\ARMCC\Bin\..\lib\armlib\c_w.l(btod.o)
    0x00002636   0x00002636   0x00000244   Code   RO         2016    CL$$btod_mult_common  C:\Keil_v5\ARM\ARMCC\Bin\..\lib\armlib\c_w.l(btod.o)
    0x0000287a   0x0000287a   0x0000000e   Code   RO          371    i.$Sub$$main        mbed/TARGET_LPC1768/TOOLCHAIN_ARM_STD/mbed_sdk_boot.o
    0x00002888   0x00002888   0x000000a0   Code   RO          557    i.SystemInit        mbed/TARGET_LPC1768/TOOLCHAIN_ARM_STD/system_LPC17xx.o
    0x00002928   0x00002928   0x00000088   Code   RO          624    i._ZN4mbed10DigitalOut5writeEi  .\build\main.o
    0x000029b0   0x000029b0   0x00000012   Code   RO          612    i._ZN4mbed10DigitalOutaSEi  .\build\main.o
    0x000029c2   0x000029c2   0x00000002   PAD
    0x000029c4   0x000029c4   0x0000002c   Code   RO         1029    i._ZN4mbed3SPI4lockEv  mbed/TARGET_LPC1768/TOOLCHAIN_ARM_STD/mbed.ar(SPI.o)
    0x000029f0   0x000029f0   0x00000048   Code   RO         1031    i._ZN4mbed3SPI5writeEi  mbed/TARGET_LPC1768/TOOLCHAIN_ARM_STD/mbed.ar(SPI.o)
    0x00002a38   0x00002a38   0x0000004c   Code   RO         1033    i._ZN4mbed3SPI6formatEii  mbed/TARGET_LPC1768/TOOLCHAIN_ARM_STD/mbed.ar(SPI.o)
    0x00002a84   0x00002a84   0x0000002c   Code   RO         1034    i._ZN4mbed3SPI6unlockEv  mbed/TARGET_LPC1768/TOOLCHAIN_ARM_STD/mbed.ar(SPI.o)
    0x00002ab0   0x00002ab0   0x00000048   Code   RO         1036    i._ZN4mbed3SPI9frequencyEi  mbed/TARGET_LPC1768/TOOLCHAIN_ARM_STD/mbed.ar(SPI.o)
    0x00002af8   0x00002af8   0x00000058   Code   RO         1037    i._ZN4mbed3SPIC1E7PinNameS1_S1_S1_  mbed/TARGET_LPC1768/TOOLCHAIN_ARM_STD/mbed.ar(SPI.o)
    0x00002b50   0x00002b50   0x00000002   Code   RO         1071    i._ZN4mbed3SPID1Ev  mbed/TARGET_LPC1768/TOOLCHAIN_ARM_STD/mbed.ar(SPI.o)
    0x00002b52   0x00002b52   0x00000004   Code   RO         1322    i._ZN4mbed8FileBase11getPathTypeEv  mbed/TARGET_LPC1768/TOOLCHAIN_ARM_STD/mbed.ar(FileBase.o)
    0x00002b56   0x00002b56   0x00000002   PAD
    0x00002b58   0x00002b58   0x0000006c   Code   RO         1324    i._ZN4mbed8FileBase6lookupEPKcj  mbed/TARGET_LPC1768/TOOLCHAIN_ARM_STD/mbed.ar(FileBase.o)
    0x00002bc4   0x00002bc4   0x0000001e   Code   RO         1158    i._ZN4mbed8FilePath10fileSystemEv  mbed/TARGET_LPC1768/TOOLCHAIN_ARM_STD/mbed.ar(FilePath.o)
    0x00002be2   0x00002be2   0x0000001c   Code   RO         1160    i._ZN4mbed8FilePath4fileEv  mbed/TARGET_LPC1768/TOOLCHAIN_ARM_STD/mbed.ar(FilePath.o)
    0x00002bfe   0x00002bfe   0x0000000a   Code   RO         1161    i._ZN4mbed8FilePath6existsEv  mbed/TARGET_LPC1768/TOOLCHAIN_ARM_STD/mbed.ar(FilePath.o)
    0x00002c08   0x00002c08   0x00000018   Code   RO         1162    i._ZN4mbed8FilePath6isFileEv  mbed/TARGET_LPC1768/TOOLCHAIN_ARM_STD/mbed.ar(FilePath.o)
    0x00002c20   0x00002c20   0x00000004   Code   RO         1163    i._ZN4mbed8FilePath8fileNameEv  mbed/TARGET_LPC1768/TOOLCHAIN_ARM_STD/mbed.ar(FilePath.o)
    0x00002c24   0x00002c24   0x00000040   Code   RO         1164    i._ZN4mbed8FilePathC1EPKc  mbed/TARGET_LPC1768/TOOLCHAIN_ARM_STD/mbed.ar(FilePath.o)
    0x00002c64   0x00002c64   0x00000028   Code   RO         2063    i.__ARM_fpclassify  C:\Keil_v5\ARM\ARMCC\Bin\..\lib\armlib\m_ws.l(fpclassify.o)
    0x00002c8c   0x00002c8c   0x00000004   Code   RO          233    i.__aeabi_atexit    mbed/TARGET_LPC1768/TOOLCHAIN_ARM_STD/mbed_retarget.o
    0x00002c90   0x00002c90   0x0000004c   Code   RO          586    i.__sti___8_main_cpp_spi  .\build\main.o
    0x00002cdc   0x00002cdc   0x00000008   Code   RO          236    i.__user_setup_stackheap  mbed/TARGET_LPC1768/TOOLCHAIN_ARM_STD/mbed_retarget.o
    0x00002ce4   0x00002ce4   0x0000000e   Code   RO         1722    i._is_digit         C:\Keil_v5\ARM\ARMCC\Bin\..\lib\armlib\c_w.l(__printf_wp.o)
    0x00002cf2   0x00002cf2   0x00000002   PAD
    0x00002cf4   0x00002cf4   0x00000010   Code   RO          237    i._mbed_user_setup_stackheap  mbed/TARGET_LPC1768/TOOLCHAIN_ARM_STD/mbed_retarget.o
    0x00002d04   0x00002d04   0x0000001c   Code   RO          372    i._platform_post_stackheap_init  mbed/TARGET_LPC1768/TOOLCHAIN_ARM_STD/mbed_sdk_boot.o
    0x00002d20   0x00002d20   0x0000004c   Code   RO          238    i._sys_close        mbed/TARGET_LPC1768/TOOLCHAIN_ARM_STD/mbed_retarget.o
    0x00002d6c   0x00002d6c   0x0000004c   Code   RO          241    i._sys_flen         mbed/TARGET_LPC1768/TOOLCHAIN_ARM_STD/mbed_retarget.o
    0x00002db8   0x00002db8   0x00000040   Code   RO          242    i._sys_istty        mbed/TARGET_LPC1768/TOOLCHAIN_ARM_STD/mbed_retarget.o
    0x00002df8   0x00002df8   0x00000208   Code   RO          243    i._sys_open         mbed/TARGET_LPC1768/TOOLCHAIN_ARM_STD/mbed_retarget.o
    0x00003000   0x00003000   0x00000050   Code   RO          245    i._sys_seek         mbed/TARGET_LPC1768/TOOLCHAIN_ARM_STD/mbed_retarget.o
    0x00003050   0x00003050   0x00000080   Code   RO          246    i._sys_write        mbed/TARGET_LPC1768/TOOLCHAIN_ARM_STD/mbed_retarget.o
    0x000030d0   0x000030d0   0x000000c8   Code   RO         1222    i.core_util_critical_section_enter  mbed/TARGET_LPC1768/TOOLCHAIN_ARM_STD/mbed.ar(mbed_critical.o)
    0x00003198   0x00003198   0x00000094   Code   RO         1223    i.core_util_critical_section_exit  mbed/TARGET_LPC1768/TOOLCHAIN_ARM_STD/mbed.ar(mbed_critical.o)
    0x0000322c   0x0000322c   0x00000028   Code   RO         1200    i.error             mbed/TARGET_LPC1768/TOOLCHAIN_ARM_STD/mbed.ar(mbed_error.o)
    0x00003254   0x00003254   0x0000002c   Code   RO          249    i.exit              mbed/TARGET_LPC1768/TOOLCHAIN_ARM_STD/mbed_retarget.o
    0x00003280   0x00003280   0x000000dc   Code   RO         1622    i.floor             C:\Keil_v5\ARM\ARMCC\Bin\..\lib\armlib\m_ws.l(floor.o)
    0x0000335c   0x0000335c   0x0000001a   Code   RO         1915    i.fputc             C:\Keil_v5\ARM\ARMCC\Bin\..\lib\armlib\c_w.l(fputc.o)
    0x00003376   0x00003376   0x00000002   PAD
    0x00003378   0x00003378   0x00000008   Code   RO         1119    i.get_us_ticker_data  mbed/TARGET_LPC1768/TOOLCHAIN_ARM_STD/mbed.ar(mbed_us_ticker_api.o)
    0x00003380   0x00003380   0x00000054   Code   RO          137    i.gpio_dir          mbed/TARGET_LPC1768/TOOLCHAIN_ARM_STD/gpio_api.o
    0x000033d4   0x000033d4   0x0000003a   Code   RO          138    i.gpio_init         mbed/TARGET_LPC1768/TOOLCHAIN_ARM_STD/gpio_api.o
    0x0000340e   0x0000340e   0x00000028   Code   RO         1084    i.gpio_init_in      mbed/TARGET_LPC1768/TOOLCHAIN_ARM_STD/mbed.ar(mbed_gpio.o)
    0x00003436   0x00003436   0x00000002   PAD
    0x00003438   0x00003438   0x00000048   Code   RO         1087    i.gpio_init_out     mbed/TARGET_LPC1768/TOOLCHAIN_ARM_STD/mbed.ar(mbed_gpio.o)
    0x00003480   0x00003480   0x00000068   Code   RO         1088    i.gpio_init_out_ex  mbed/TARGET_LPC1768/TOOLCHAIN_ARM_STD/mbed.ar(mbed_gpio.o)
    0x000034e8   0x000034e8   0x00000006   Code   RO          139    i.gpio_mode         mbed/TARGET_LPC1768/TOOLCHAIN_ARM_STD/gpio_api.o
    0x000034ee   0x000034ee   0x00000002   PAD
    0x000034f0   0x000034f0   0x00000098   Code   RO          587    i.main              .\build\main.o
    0x00003588   0x00003588   0x00000054   Code   RO         1185    i.mbed_assert_internal  mbed/TARGET_LPC1768/TOOLCHAIN_ARM_STD/mbed.ar(mbed_assert.o)
    0x000035dc   0x000035dc   0x000000bc   Code   RO          209    i.mbed_die          mbed/TARGET_LPC1768/TOOLCHAIN_ARM_STD/mbed_board.o
    0x00003698   0x00003698   0x00000058   Code   RO          210    i.mbed_error_printf  mbed/TARGET_LPC1768/TOOLCHAIN_ARM_STD/mbed_board.o
    0x000036f0   0x000036f0   0x00000054   Code   RO          211    i.mbed_error_vfprintf  mbed/TARGET_LPC1768/TOOLCHAIN_ARM_STD/mbed_board.o
    0x00003744   0x00003744   0x00000004   Code   RO         1248    i.mbed_interface_connected  mbed/TARGET_LPC1768/TOOLCHAIN_ARM_STD/mbed.ar(mbed_interface.o)
    0x00003748   0x00003748   0x00000002   Code   RO          374    i.mbed_main         mbed/TARGET_LPC1768/TOOLCHAIN_ARM_STD/mbed_sdk_boot.o
    0x0000374a   0x0000374a   0x00000002   Code   RO          375    i.mbed_sdk_init     mbed/TARGET_LPC1768/TOOLCHAIN_ARM_STD/mbed_sdk_boot.o
    0x0000374c   0x0000374c   0x0000005c   Code   RO          389    i.pin_function      mbed/TARGET_LPC1768/TOOLCHAIN_ARM_STD/pinmap.o
    0x000037a8   0x000037a8   0x00000090   Code   RO          390    i.pin_mode          mbed/TARGET_LPC1768/TOOLCHAIN_ARM_STD/pinmap.o
    0x00003838   0x00003838   0x00000022   Code   RO         1102    i.pinmap_find_peripheral  mbed/TARGET_LPC1768/TOOLCHAIN_ARM_STD/mbed.ar(mbed_pinmap_common.o)
    0x0000385a   0x0000385a   0x00000002   PAD
    0x0000385c   0x0000385c   0x0000003c   Code   RO         1104    i.pinmap_merge      mbed/TARGET_LPC1768/TOOLCHAIN_ARM_STD/mbed.ar(mbed_pinmap_common.o)
    0x00003898   0x00003898   0x0000005c   Code   RO         1105    i.pinmap_peripheral  mbed/TARGET_LPC1768/TOOLCHAIN_ARM_STD/mbed.ar(mbed_pinmap_common.o)
    0x000038f4   0x000038f4   0x00000058   Code   RO         1106    i.pinmap_pinout     mbed/TARGET_LPC1768/TOOLCHAIN_ARM_STD/mbed.ar(mbed_pinmap_common.o)
    0x0000394c   0x0000394c   0x00000066   Code   RO         1132    i.schedule_interrupt  mbed/TARGET_LPC1768/TOOLCHAIN_ARM_STD/mbed.ar(mbed_ticker_api.o)
    0x000039b2   0x000039b2   0x00000002   PAD
    0x000039b4   0x000039b4   0x00000010   Code   RO         1271    i.semihost_connected  mbed/TARGET_LPC1768/TOOLCHAIN_ARM_STD/mbed.ar(mbed_semihost_api.o)
    0x000039c4   0x000039c4   0x0000000c   Code   RO         1274    i.semihost_exit     mbed/TARGET_LPC1768/TOOLCHAIN_ARM_STD/mbed.ar(mbed_semihost_api.o)
    0x000039d0   0x000039d0   0x000001c4   Code   RO          463    i.serial_baud       mbed/TARGET_LPC1768/TOOLCHAIN_ARM_STD/serial_api.o
    0x00003b94   0x00003b94   0x00000180   Code   RO          470    i.serial_init       mbed/TARGET_LPC1768/TOOLCHAIN_ARM_STD/serial_api.o
    0x00003d14   0x00003d14   0x000000f8   Code   RO          473    i.serial_irq_set_internal  mbed/TARGET_LPC1768/TOOLCHAIN_ARM_STD/serial_api.o
    0x00003e0c   0x00003e0c   0x00000068   Code   RO          475    i.serial_putc       mbed/TARGET_LPC1768/TOOLCHAIN_ARM_STD/serial_api.o
    0x00003e74   0x00003e74   0x0000010c   Code   RO          477    i.serial_set_flow_control  mbed/TARGET_LPC1768/TOOLCHAIN_ARM_STD/serial_api.o
    0x00003f80   0x00003f80   0x000000c0   Code   RO          526    i.spi_format        mbed/TARGET_LPC1768/TOOLCHAIN_ARM_STD/spi_api.o
    0x00004040   0x00004040   0x000000f8   Code   RO          528    i.spi_frequency     mbed/TARGET_LPC1768/TOOLCHAIN_ARM_STD/spi_api.o
    0x00004138   0x00004138   0x000000e8   Code   RO          529    i.spi_init          mbed/TARGET_LPC1768/TOOLCHAIN_ARM_STD/spi_api.o
    0x00004220   0x00004220   0x0000001a   Code   RO          531    i.spi_master_write  mbed/TARGET_LPC1768/TOOLCHAIN_ARM_STD/spi_api.o
    0x0000423a   0x0000423a   0x0000005c   Code   RO         1136    i.ticker_irq_handler  mbed/TARGET_LPC1768/TOOLCHAIN_ARM_STD/mbed.ar(mbed_ticker_api.o)
    0x00004296   0x00004296   0x0000003e   Code   RO         1137    i.ticker_read       mbed/TARGET_LPC1768/TOOLCHAIN_ARM_STD/mbed.ar(mbed_ticker_api.o)
    0x000042d4   0x000042d4   0x00000014   Code   RO          479    i.uart0_irq         mbed/TARGET_LPC1768/TOOLCHAIN_ARM_STD/serial_api.o
    0x000042e8   0x000042e8   0x00000014   Code   RO          480    i.uart1_irq         mbed/TARGET_LPC1768/TOOLCHAIN_ARM_STD/serial_api.o
    0x000042fc   0x000042fc   0x00000014   Code   RO          481    i.uart2_irq         mbed/TARGET_LPC1768/TOOLCHAIN_ARM_STD/serial_api.o
    0x00004310   0x00004310   0x00000014   Code   RO          482    i.uart3_irq         mbed/TARGET_LPC1768/TOOLCHAIN_ARM_STD/serial_api.o
    0x00004324   0x00004324   0x00000068   Code   RO          483    i.uart_irq          mbed/TARGET_LPC1768/TOOLCHAIN_ARM_STD/serial_api.o
    0x0000438c   0x0000438c   0x00000028   Code   RO         1141    i.update_present_time  mbed/TARGET_LPC1768/TOOLCHAIN_ARM_STD/mbed.ar(mbed_ticker_api.o)
    0x000043b4   0x000043b4   0x0000000c   Code   RO          567    i.us_ticker_clear_interrupt  mbed/TARGET_LPC1768/TOOLCHAIN_ARM_STD/us_ticker.o
    0x000043c0   0x000043c0   0x00000010   Code   RO          568    i.us_ticker_disable_interrupt  mbed/TARGET_LPC1768/TOOLCHAIN_ARM_STD/us_ticker.o
    0x000043d0   0x000043d0   0x0000000c   Code   RO          569    i.us_ticker_fire_interrupt  mbed/TARGET_LPC1768/TOOLCHAIN_ARM_STD/us_ticker.o
    0x000043dc   0x000043dc   0x00000068   Code   RO          570    i.us_ticker_init    mbed/TARGET_LPC1768/TOOLCHAIN_ARM_STD/us_ticker.o
    0x00004444   0x00004444   0x0000000c   Code   RO         1120    i.us_ticker_irq_handler  mbed/TARGET_LPC1768/TOOLCHAIN_ARM_STD/mbed.ar(mbed_us_ticker_api.o)
    0x00004450   0x00004450   0x00000064   Code   RO          571    i.us_ticker_read    mbed/TARGET_LPC1768/TOOLCHAIN_ARM_STD/us_ticker.o
    0x000044b4   0x000044b4   0x00000014   Code   RO          572    i.us_ticker_set_interrupt  mbed/TARGET_LPC1768/TOOLCHAIN_ARM_STD/us_ticker.o
    0x000044c8   0x000044c8   0x0000002c   Code   RO         1310    i.wait              mbed/TARGET_LPC1768/TOOLCHAIN_ARM_STD/mbed.ar(mbed_wait_api_no_rtos.o)
    0x000044f4   0x000044f4   0x00000024   Code   RO         1311    i.wait_ms           mbed/TARGET_LPC1768/TOOLCHAIN_ARM_STD/mbed.ar(mbed_wait_api_no_rtos.o)
    0x00004518   0x00004518   0x0000002c   Code   RO         2032    locale$$code        C:\Keil_v5\ARM\ARMCC\Bin\..\lib\armlib\c_w.l(lc_numeric_c.o)
    0x00004544   0x00004544   0x0000002c   Code   RO         2078    locale$$code        C:\Keil_v5\ARM\ARMCC\Bin\..\lib\armlib\c_w.l(lc_ctype_c.o)
    0x00004570   0x00004570   0x0000002c   Code   RO         1349    t._ZN12SingletonPtrI13PlatformMutexEptEv  mbed/TARGET_LPC1768/TOOLCHAIN_ARM_STD/mbed.ar(FileBase.o)
    0x0000459c   0x0000459c   0x00000150   Code   RO         1844    x$fpl$dadd          C:\Keil_v5\ARM\ARMCC\Bin\..\lib\armlib\fz_ws.l(daddsub_clz.o)
    0x000046ec   0x000046ec   0x00000018   Code   RO         2059    x$fpl$dcmpinf       C:\Keil_v5\ARM\ARMCC\Bin\..\lib\armlib\fz_ws.l(dcmpi.o)
    0x00004704   0x00004704   0x0000005e   Code   RO         1589    x$fpl$dfix          C:\Keil_v5\ARM\ARMCC\Bin\..\lib\armlib\fz_ws.l(dfix.o)
    0x00004762   0x00004762   0x00000002   PAD
    0x00004764   0x00004764   0x00000078   Code   RO         1982    x$fpl$dleqf         C:\Keil_v5\ARM\ARMCC\Bin\..\lib\armlib\fz_ws.l(dleqf.o)
    0x000047dc   0x000047dc   0x0000009c   Code   RO         1850    x$fpl$dnaninf       C:\Keil_v5\ARM\ARMCC\Bin\..\lib\armlib\fz_ws.l(dnaninf.o)
    0x00004878   0x00004878   0x0000000c   Code   RO         1852    x$fpl$dretinf       C:\Keil_v5\ARM\ARMCC\Bin\..\lib\armlib\fz_ws.l(dretinf.o)
    0x00004884   0x00004884   0x0000006c   Code   RO         1854    x$fpl$drleqf        C:\Keil_v5\ARM\ARMCC\Bin\..\lib\armlib\fz_ws.l(drleqf.o)
    0x000048f0   0x000048f0   0x00000016   Code   RO         1845    x$fpl$drsb          C:\Keil_v5\ARM\ARMCC\Bin\..\lib\armlib\fz_ws.l(daddsub_clz.o)
    0x00004906   0x00004906   0x00000002   PAD
    0x00004908   0x00004908   0x000001d4   Code   RO         1846    x$fpl$dsub          C:\Keil_v5\ARM\ARMCC\Bin\..\lib\armlib\fz_ws.l(daddsub_clz.o)
    0x00004adc   0x00004adc   0x00000056   Code   RO         1593    x$fpl$f2d           C:\Keil_v5\ARM\ARMCC\Bin\..\lib\armlib\fz_ws.l(f2d.o)
    0x00004b32   0x00004b32   0x00000002   PAD
    0x00004b34   0x00004b34   0x000000c4   Code   RO         1595    x$fpl$fadd          C:\Keil_v5\ARM\ARMCC\Bin\..\lib\armlib\fz_ws.l(faddsub_clz.o)
    0x00004bf8   0x00004bf8   0x00000184   Code   RO         1602    x$fpl$fdiv          C:\Keil_v5\ARM\ARMCC\Bin\..\lib\armlib\fz_ws.l(fdiv.o)
    0x00004d7c   0x00004d7c   0x00000036   Code   RO         1605    x$fpl$ffix          C:\Keil_v5\ARM\ARMCC\Bin\..\lib\armlib\fz_ws.l(ffix.o)
    0x00004db2   0x00004db2   0x00000002   PAD
    0x00004db4   0x00004db4   0x00000030   Code   RO         1614    x$fpl$fflt          C:\Keil_v5\ARM\ARMCC\Bin\..\lib\armlib\fz_ws.l(fflt_clz.o)
    0x00004de4   0x00004de4   0x00000102   Code   RO         1619    x$fpl$fmul          C:\Keil_v5\ARM\ARMCC\Bin\..\lib\armlib\fz_ws.l(fmul.o)
    0x00004ee6   0x00004ee6   0x0000008c   Code   RO         1856    x$fpl$fnaninf       C:\Keil_v5\ARM\ARMCC\Bin\..\lib\armlib\fz_ws.l(fnaninf.o)
    0x00004f72   0x00004f72   0x0000000a   Code   RO         1858    x$fpl$fretinf       C:\Keil_v5\ARM\ARMCC\Bin\..\lib\armlib\fz_ws.l(fretinf.o)
    0x00004f7c   0x00004f7c   0x000000ea   Code   RO         1597    x$fpl$fsub          C:\Keil_v5\ARM\ARMCC\Bin\..\lib\armlib\fz_ws.l(faddsub_clz.o)
    0x00005066   0x00005066   0x00000004   Code   RO         1860    x$fpl$printf1       C:\Keil_v5\ARM\ARMCC\Bin\..\lib\armlib\fz_ws.l(printf1.o)
    0x0000506a   0x0000506a   0x00000004   Code   RO         1862    x$fpl$printf2       C:\Keil_v5\ARM\ARMCC\Bin\..\lib\armlib\fz_ws.l(printf2.o)
    0x0000506e   0x0000506e   0x00000000   Code   RO         1868    x$fpl$usenofp       C:\Keil_v5\ARM\ARMCC\Bin\..\lib\armlib\fz_ws.l(usenofp.o)
    0x0000506e   0x0000506e   0x00000017   Data   RO          301    .constdata          mbed/TARGET_LPC1768/TOOLCHAIN_ARM_STD/mbed_retarget.o
    0x00005085   0x00005085   0x00000003   PAD
    0x00005088   0x00005088   0x00000120   Data   RO          485    .constdata          mbed/TARGET_LPC1768/TOOLCHAIN_ARM_STD/serial_api.o
    0x000051a8   0x000051a8   0x000000f0   Data   RO          535    .constdata          mbed/TARGET_LPC1768/TOOLCHAIN_ARM_STD/spi_api.o
    0x00005298   0x00005298   0x00000018   Data   RO         1122    .constdata          mbed/TARGET_LPC1768/TOOLCHAIN_ARM_STD/mbed.ar(mbed_us_ticker_api.o)
    0x000052b0   0x000052b0   0x00000008   Data   RO         1123    .constdata          mbed/TARGET_LPC1768/TOOLCHAIN_ARM_STD/mbed.ar(mbed_us_ticker_api.o)
    0x000052b8   0x000052b8   0x00000008   Data   RO         1681    .constdata          C:\Keil_v5\ARM\ARMCC\Bin\..\lib\armlib\c_w.l(_printf_wctomb.o)
    0x000052c0   0x000052c0   0x00000028   Data   RO         1710    .constdata          C:\Keil_v5\ARM\ARMCC\Bin\..\lib\armlib\c_w.l(_printf_hex_int_ll_ptr.o)
    0x000052e8   0x000052e8   0x00000011   Data   RO         1730    .constdata          C:\Keil_v5\ARM\ARMCC\Bin\..\lib\armlib\c_w.l(__printf_flags_ss_wp.o)
    0x000052f9   0x000052f9   0x00000026   Data   RO         1903    .constdata          C:\Keil_v5\ARM\ARMCC\Bin\..\lib\armlib\c_w.l(_printf_fp_hex.o)
    0x0000531f   0x0000531f   0x00000001   PAD
    0x00005320   0x00005320   0x00000094   Data   RO         2005    .constdata          C:\Keil_v5\ARM\ARMCC\Bin\..\lib\armlib\c_w.l(bigflt0.o)
    0x000053b4   0x000053b4   0x00000020   Data   RO         1069    .constdata__ZTVN4mbed3SPIE  mbed/TARGET_LPC1768/TOOLCHAIN_ARM_STD/mbed.ar(SPI.o)
    0x000053d4   0x000053d4   0x00000014   Data   RO          366    .constdata__ZZN12SingletonPtrI13PlatformMutexE3getEvEs  mbed/TARGET_LPC1768/TOOLCHAIN_ARM_STD/mbed_retarget.o
    0x000053e8   0x000053e8   0x00000048   Data   RO          367    .constdata__ZZN12SingletonPtrI13PlatformMutexE3getEvEs_0  mbed/TARGET_LPC1768/TOOLCHAIN_ARM_STD/mbed_retarget.o
    0x00005430   0x00005430   0x00000052   Data   RO          141    .conststring        mbed/TARGET_LPC1768/TOOLCHAIN_ARM_STD/gpio_api.o
    0x00005482   0x00005482   0x00000002   PAD
    0x00005484   0x00005484   0x00000067   Data   RO          212    .conststring        mbed/TARGET_LPC1768/TOOLCHAIN_ARM_STD/mbed_board.o
    0x000054eb   0x000054eb   0x00000001   PAD
    0x000054ec   0x000054ec   0x00000050   Data   RO          391    .conststring        mbed/TARGET_LPC1768/TOOLCHAIN_ARM_STD/pinmap.o
    0x0000553c   0x0000553c   0x00000054   Data   RO          486    .conststring        mbed/TARGET_LPC1768/TOOLCHAIN_ARM_STD/serial_api.o
    0x00005590   0x00005590   0x00000051   Data   RO          536    .conststring        mbed/TARGET_LPC1768/TOOLCHAIN_ARM_STD/spi_api.o
    0x000055e1   0x000055e1   0x00000003   PAD
    0x000055e4   0x000055e4   0x00000020   Data   RO         2115    Region$$Table       anon$$obj.o
    0x00005604   0x00005604   0x0000001c   Data   RO         2031    locale$$data        C:\Keil_v5\ARM\ARMCC\Bin\..\lib\armlib\c_w.l(lc_numeric_c.o)
    0x00005620   0x00005620   0x00000110   Data   RO         2077    locale$$data        C:\Keil_v5\ARM\ARMCC\Bin\..\lib\armlib\c_w.l(lc_ctype_c.o)
    0x00005730   0x00005730   0x00000004   Data   RO          591    .init_array         .\build\main.o
    0x00005734   0x00005730   0x00000000   Data   RO         1478    .init_array         C:\Keil_v5\ARM\ARMCC\Bin\..\lib\armlib\c_w.l(init_aeabi.o)


    Execution Region RW_IRAM1 (Exec base: 0x100000c8, Load base: 0x00005734, Size: 0x000003e0, Max: 0x00007f18, ABSOLUTE)

    Exec Addr    Load Addr    Size         Type   Attr      Idx    E Section Name        Object

    0x100000c8   0x00005734   0x00000010   Data   RW          304    .data               mbed/TARGET_LPC1768/TOOLCHAIN_ARM_STD/mbed_retarget.o
    0x100000d8   0x00005744   0x00000010   Data   RW          487    .data               mbed/TARGET_LPC1768/TOOLCHAIN_ARM_STD/serial_api.o
    0x100000e8   0x00005754   0x00000004   Data   RW          558    .data               mbed/TARGET_LPC1768/TOOLCHAIN_ARM_STD/system_LPC17xx.o
    0x100000ec   0x00005758   0x00000004   Data   RW          573    .data               mbed/TARGET_LPC1768/TOOLCHAIN_ARM_STD/us_ticker.o
    0x100000f0   0x0000575c   0x0000000c   Data   RW         1048    .data               mbed/TARGET_LPC1768/TOOLCHAIN_ARM_STD/mbed.ar(SPI.o)
    0x100000fc   0x00005768   0x00000001   Data   RW         1201    .data               mbed/TARGET_LPC1768/TOOLCHAIN_ARM_STD/mbed.ar(mbed_error.o)
    0x100000fd   0x00005769   0x00000003   PAD
    0x10000100   0x0000576c   0x00000008   Data   RW         1225    .data               mbed/TARGET_LPC1768/TOOLCHAIN_ARM_STD/mbed.ar(mbed_critical.o)
    0x10000108   0x00005774   0x0000000c   Data   RW         1336    .data               mbed/TARGET_LPC1768/TOOLCHAIN_ARM_STD/mbed.ar(FileBase.o)
    0x10000114   0x00005780   0x00000004   Data   RW         1452    .data               C:\Keil_v5\ARM\ARMCC\Bin\..\lib\armlib\c_w.l(stdio_streams.o)
    0x10000118   0x00005784   0x00000004   Data   RW         1453    .data               C:\Keil_v5\ARM\ARMCC\Bin\..\lib\armlib\c_w.l(stdio_streams.o)
    0x1000011c   0x00005788   0x00000004   Data   RW         1454    .data               C:\Keil_v5\ARM\ARMCC\Bin\..\lib\armlib\c_w.l(stdio_streams.o)
    0x10000120   0x0000578c   0x00000004   Data   RW         1947    .data               C:\Keil_v5\ARM\ARMCC\Bin\..\lib\armlib\c_w.l(heapauxa.o)
    0x10000124        -       0x00000144   Zero   RW          300    .bss                mbed/TARGET_LPC1768/TOOLCHAIN_ARM_STD/mbed_retarget.o
    0x10000268        -       0x000000e0   Zero   RW          484    .bss                mbed/TARGET_LPC1768/TOOLCHAIN_ARM_STD/serial_api.o
    0x10000348        -       0x00000030   Zero   RW          590    .bss                .\build\main.o
    0x10000378        -       0x00000018   Zero   RW         1121    .bss                mbed/TARGET_LPC1768/TOOLCHAIN_ARM_STD/mbed.ar(mbed_us_ticker_api.o)
    0x10000390        -       0x00000004   Zero   RW         1359    .bss                C:\Keil_v5\ARM\ARMCC\Bin\..\lib\armlib\c_w.l(rt_errno_addr.o)
    0x10000394        -       0x00000054   Zero   RW         1449    .bss                C:\Keil_v5\ARM\ARMCC\Bin\..\lib\armlib\c_w.l(stdio_streams.o)
    0x100003e8        -       0x00000054   Zero   RW         1450    .bss                C:\Keil_v5\ARM\ARMCC\Bin\..\lib\armlib\c_w.l(stdio_streams.o)
    0x1000043c        -       0x00000054   Zero   RW         1451    .bss                C:\Keil_v5\ARM\ARMCC\Bin\..\lib\armlib\c_w.l(stdio_streams.o)
    0x10000490        -       0x00000004   Zero   RW         1636    .bss                C:\Keil_v5\ARM\ARMCC\Bin\..\lib\armlib\c_w.l(rt_heap_descriptor.o)
    0x10000494        -       0x00000014   Zero   RW         1991    .bss                C:\Keil_v5\ARM\ARMCC\Bin\..\lib\armlib\c_w.l(rt_locale.o)


    Execution Region RW_IRAM2 (Exec base: 0x2007c000, Load base: 0x00005790, Size: 0x00000000, Max: 0x00004000, ABSOLUTE)

    **** No section assigned to this execution region ****


    Execution Region RW_IRAM3 (Exec base: 0x20080000, Load base: 0x00005790, Size: 0x00000000, Max: 0x00004000, ABSOLUTE)

    **** No section assigned to this execution region ****


    Execution Region RW_IRAM4 (Exec base: 0x40038000, Load base: 0x00005790, Size: 0x00000000, Max: 0x00000800, ABSOLUTE)

    **** No section assigned to this execution region ****


==============================================================================

Image component sizes


      Code (inc. data)   RO Data    RW Data    ZI Data      Debug   Object Name

         0          0          4          0          0          0   mbed/TARGET_LPC1768/TOOLCHAIN_ARM_STD/CRP.o
       148         30         82          0          0        228   mbed/TARGET_LPC1768/TOOLCHAIN_ARM_STD/gpio_api.o
       382        140          4          0         48      34680   .\build\main.o
       360         58        103          0          0        260   mbed/TARGET_LPC1768/TOOLCHAIN_ARM_STD/mbed_board.o
      1016         96        115         16        324        820   mbed/TARGET_LPC1768/TOOLCHAIN_ARM_STD/mbed_retarget.o
        46          4          0          0          0        292   mbed/TARGET_LPC1768/TOOLCHAIN_ARM_STD/mbed_sdk_boot.o
       236         48         80          0          0        160   mbed/TARGET_LPC1768/TOOLCHAIN_ARM_STD/pinmap.o
      1640        164        372         16        224        888   mbed/TARGET_LPC1768/TOOLCHAIN_ARM_STD/serial_api.o
       698        156        321          0          0        352   mbed/TARGET_LPC1768/TOOLCHAIN_ARM_STD/spi_api.o
        36          8        196          0          0        228   mbed/TARGET_LPC1768/TOOLCHAIN_ARM_STD/startup_LPC17xx.o
       160         10          0          4          0         68   mbed/TARGET_LPC1768/TOOLCHAIN_ARM_STD/system_LPC17xx.o
       264         72          0          4          0        408   mbed/TARGET_LPC1768/TOOLCHAIN_ARM_STD/us_ticker.o

    ----------------------------------------------------------------------
      4990        786       1318         40        596      38384   Object Totals
         0          0         32          0          0          0   (incl. Generated)
         4          0          9          0          0          0   (incl. Padding)

    ----------------------------------------------------------------------

      Code (inc. data)   RO Data    RW Data    ZI Data      Debug   Library Member Name

        24          4          0          0          0         84   C:\Keil_v5\ARM\ARMCC\Bin\..\lib\armlib\c_w.l(__2printf.o)
         8          0          0          0          0         68   C:\Keil_v5\ARM\ARMCC\Bin\..\lib\armlib\c_w.l(__main.o)
       392          4         17          0          0         92   C:\Keil_v5\ARM\ARMCC\Bin\..\lib\armlib\c_w.l(__printf_flags_ss_wp.o)
        14          0          0          0          0         68   C:\Keil_v5\ARM\ARMCC\Bin\..\lib\armlib\c_w.l(__printf_wp.o)
         0          0          0          0          0          0   C:\Keil_v5\ARM\ARMCC\Bin\..\lib\armlib\c_w.l(__rtentry.o)
        20          0          0          0          0          0   C:\Keil_v5\ARM\ARMCC\Bin\..\lib\armlib\c_w.l(__rtentry2.o)
         6          0          0          0          0          0   C:\Keil_v5\ARM\ARMCC\Bin\..\lib\armlib\c_w.l(__rtentry4.o)
        52          8          0          0          0          0   C:\Keil_v5\ARM\ARMCC\Bin\..\lib\armlib\c_w.l(__scatter.o)
        26          0          0          0          0          0   C:\Keil_v5\ARM\ARMCC\Bin\..\lib\armlib\c_w.l(__scatter_copy.o)
        28          0          0          0          0          0   C:\Keil_v5\ARM\ARMCC\Bin\..\lib\armlib\c_w.l(__scatter_zi.o)
         6          0          0          0          0          0   C:\Keil_v5\ARM\ARMCC\Bin\..\lib\armlib\c_w.l(_printf_a.o)
         6          0          0          0          0          0   C:\Keil_v5\ARM\ARMCC\Bin\..\lib\armlib\c_w.l(_printf_c.o)
        44          0          0          0          0        108   C:\Keil_v5\ARM\ARMCC\Bin\..\lib\armlib\c_w.l(_printf_char.o)
        48          6          0          0          0         96   C:\Keil_v5\ARM\ARMCC\Bin\..\lib\armlib\c_w.l(_printf_char_common.o)
        36          4          0          0          0         80   C:\Keil_v5\ARM\ARMCC\Bin\..\lib\armlib\c_w.l(_printf_char_file.o)
        40          0          0          0          0         68   C:\Keil_v5\ARM\ARMCC\Bin\..\lib\armlib\c_w.l(_printf_charcount.o)
         6          0          0          0          0          0   C:\Keil_v5\ARM\ARMCC\Bin\..\lib\armlib\c_w.l(_printf_d.o)
       120         16          0          0          0         92   C:\Keil_v5\ARM\ARMCC\Bin\..\lib\armlib\c_w.l(_printf_dec.o)
         6          0          0          0          0          0   C:\Keil_v5\ARM\ARMCC\Bin\..\lib\armlib\c_w.l(_printf_e.o)
         6          0          0          0          0          0   C:\Keil_v5\ARM\ARMCC\Bin\..\lib\armlib\c_w.l(_printf_f.o)
      1054          0          0          0          0        216   C:\Keil_v5\ARM\ARMCC\Bin\..\lib\armlib\c_w.l(_printf_fp_dec.o)
       764          8         38          0          0        100   C:\Keil_v5\ARM\ARMCC\Bin\..\lib\armlib\c_w.l(_printf_fp_hex.o)
       128         16          0          0          0         84   C:\Keil_v5\ARM\ARMCC\Bin\..\lib\armlib\c_w.l(_printf_fp_infnan.o)
         6          0          0          0          0          0   C:\Keil_v5\ARM\ARMCC\Bin\..\lib\armlib\c_w.l(_printf_g.o)
       148          4         40          0          0        160   C:\Keil_v5\ARM\ARMCC\Bin\..\lib\armlib\c_w.l(_printf_hex_int_ll_ptr.o)
         6          0          0          0          0          0   C:\Keil_v5\ARM\ARMCC\Bin\..\lib\armlib\c_w.l(_printf_i.o)
       178          0          0          0          0         88   C:\Keil_v5\ARM\ARMCC\Bin\..\lib\armlib\c_w.l(_printf_intcommon.o)
        10          0          0          0          0          0   C:\Keil_v5\ARM\ARMCC\Bin\..\lib\armlib\c_w.l(_printf_l.o)
         6          0          0          0          0          0   C:\Keil_v5\ARM\ARMCC\Bin\..\lib\armlib\c_w.l(_printf_lc.o)
        10          0          0          0          0          0   C:\Keil_v5\ARM\ARMCC\Bin\..\lib\armlib\c_w.l(_printf_ll.o)
         6          0          0          0          0          0   C:\Keil_v5\ARM\ARMCC\Bin\..\lib\armlib\c_w.l(_printf_lld.o)
         6          0          0          0          0          0   C:\Keil_v5\ARM\ARMCC\Bin\..\lib\armlib\c_w.l(_printf_lli.o)
         6          0          0          0          0          0   C:\Keil_v5\ARM\ARMCC\Bin\..\lib\armlib\c_w.l(_printf_llo.o)
         6          0          0          0          0          0   C:\Keil_v5\ARM\ARMCC\Bin\..\lib\armlib\c_w.l(_printf_llu.o)
         6          0          0          0          0          0   C:\Keil_v5\ARM\ARMCC\Bin\..\lib\armlib\c_w.l(_printf_llx.o)
       124         16          0          0          0         92   C:\Keil_v5\ARM\ARMCC\Bin\..\lib\armlib\c_w.l(_printf_longlong_dec.o)
         6          0          0          0          0          0   C:\Keil_v5\ARM\ARMCC\Bin\..\lib\armlib\c_w.l(_printf_ls.o)
         6          0          0          0          0          0   C:\Keil_v5\ARM\ARMCC\Bin\..\lib\armlib\c_w.l(_printf_n.o)
         6          0          0          0          0          0   C:\Keil_v5\ARM\ARMCC\Bin\..\lib\armlib\c_w.l(_printf_o.o)
       112         10          0          0          0        124   C:\Keil_v5\ARM\ARMCC\Bin\..\lib\armlib\c_w.l(_printf_oct_int_ll.o)
         6          0          0          0          0          0   C:\Keil_v5\ARM\ARMCC\Bin\..\lib\armlib\c_w.l(_printf_p.o)
        78          0          0          0          0        108   C:\Keil_v5\ARM\ARMCC\Bin\..\lib\armlib\c_w.l(_printf_pad.o)
         0          0          0          0          0          0   C:\Keil_v5\ARM\ARMCC\Bin\..\lib\armlib\c_w.l(_printf_percent.o)
         4          0          0          0          0          0   C:\Keil_v5\ARM\ARMCC\Bin\..\lib\armlib\c_w.l(_printf_percent_end.o)
         6          0          0          0          0          0   C:\Keil_v5\ARM\ARMCC\Bin\..\lib\armlib\c_w.l(_printf_s.o)
        82          0          0          0          0         80   C:\Keil_v5\ARM\ARMCC\Bin\..\lib\armlib\c_w.l(_printf_str.o)
        36          0          0          0          0         84   C:\Keil_v5\ARM\ARMCC\Bin\..\lib\armlib\c_w.l(_printf_truncate.o)
         6          0          0          0          0          0   C:\Keil_v5\ARM\ARMCC\Bin\..\lib\armlib\c_w.l(_printf_u.o)
        44          0          0          0          0        108   C:\Keil_v5\ARM\ARMCC\Bin\..\lib\armlib\c_w.l(_printf_wchar.o)
       188          6          8          0          0         92   C:\Keil_v5\ARM\ARMCC\Bin\..\lib\armlib\c_w.l(_printf_wctomb.o)
         6          0          0          0          0          0   C:\Keil_v5\ARM\ARMCC\Bin\..\lib\armlib\c_w.l(_printf_x.o)
        16          0          0          0          0         68   C:\Keil_v5\ARM\ARMCC\Bin\..\lib\armlib\c_w.l(_snputc.o)
        10          0          0          0          0         68   C:\Keil_v5\ARM\ARMCC\Bin\..\lib\armlib\c_w.l(_sputc.o)
        64          0          0          0          0         92   C:\Keil_v5\ARM\ARMCC\Bin\..\lib\armlib\c_w.l(_wcrtomb.o)
       228          4        148          0          0         96   C:\Keil_v5\ARM\ARMCC\Bin\..\lib\armlib\c_w.l(bigflt0.o)
      1936        128          0          0          0        672   C:\Keil_v5\ARM\ARMCC\Bin\..\lib\armlib\c_w.l(btod.o)
        10          0          0          0          0         68   C:\Keil_v5\ARM\ARMCC\Bin\..\lib\armlib\c_w.l(defsig_exit.o)
        50          0          0          0          0         88   C:\Keil_v5\ARM\ARMCC\Bin\..\lib\armlib\c_w.l(defsig_general.o)
        80         58          0          0          0         76   C:\Keil_v5\ARM\ARMCC\Bin\..\lib\armlib\c_w.l(defsig_rtmem_inner.o)
        14          0          0          0          0         80   C:\Keil_v5\ARM\ARMCC\Bin\..\lib\armlib\c_w.l(defsig_rtmem_outer.o)
        52         38          0          0          0         76   C:\Keil_v5\ARM\ARMCC\Bin\..\lib\armlib\c_w.l(defsig_rtred_inner.o)
        14          0          0          0          0         80   C:\Keil_v5\ARM\ARMCC\Bin\..\lib\armlib\c_w.l(defsig_rtred_outer.o)
        76          0          0          0          0         88   C:\Keil_v5\ARM\ARMCC\Bin\..\lib\armlib\c_w.l(fclose.o)
         8          0          0          0          0         68   C:\Keil_v5\ARM\ARMCC\Bin\..\lib\armlib\c_w.l(ferror.o)
       100          4          0          0          0        120   C:\Keil_v5\ARM\ARMCC\Bin\..\lib\armlib\c_w.l(fflush.o)
       470          0          0          0          0         88   C:\Keil_v5\ARM\ARMCC\Bin\..\lib\armlib\c_w.l(flsbuf.o)
       236          4          0          0          0        128   C:\Keil_v5\ARM\ARMCC\Bin\..\lib\armlib\c_w.l(fopen.o)
        26          0          0          0          0         68   C:\Keil_v5\ARM\ARMCC\Bin\..\lib\armlib\c_w.l(fputc.o)
       248          6          0          0          0         84   C:\Keil_v5\ARM\ARMCC\Bin\..\lib\armlib\c_w.l(fseek.o)
        66          0          0          0          0         76   C:\Keil_v5\ARM\ARMCC\Bin\..\lib\armlib\c_w.l(ftell.o)
        94          0          0          0          0         80   C:\Keil_v5\ARM\ARMCC\Bin\..\lib\armlib\c_w.l(h1_alloc.o)
        52          0          0          0          0         68   C:\Keil_v5\ARM\ARMCC\Bin\..\lib\armlib\c_w.l(h1_extend.o)
        78          0          0          0          0         80   C:\Keil_v5\ARM\ARMCC\Bin\..\lib\armlib\c_w.l(h1_free.o)
        14          0          0          0          0         84   C:\Keil_v5\ARM\ARMCC\Bin\..\lib\armlib\c_w.l(h1_init.o)
        80          6          0          4          0         96   C:\Keil_v5\ARM\ARMCC\Bin\..\lib\armlib\c_w.l(heapauxa.o)
         4          0          0          0          0        136   C:\Keil_v5\ARM\ARMCC\Bin\..\lib\armlib\c_w.l(hguard.o)
         0          0          0          0          0          0   C:\Keil_v5\ARM\ARMCC\Bin\..\lib\armlib\c_w.l(indicate_semi.o)
        36         10          0          0          0         80   C:\Keil_v5\ARM\ARMCC\Bin\..\lib\armlib\c_w.l(init_aeabi.o)
       138          0          0          0          0        168   C:\Keil_v5\ARM\ARMCC\Bin\..\lib\armlib\c_w.l(init_alloc.o)
       312         46          0          0          0        112   C:\Keil_v5\ARM\ARMCC\Bin\..\lib\armlib\c_w.l(initio.o)
        44         10        272          0          0         76   C:\Keil_v5\ARM\ARMCC\Bin\..\lib\armlib\c_w.l(lc_ctype_c.o)
        44         10         28          0          0         76   C:\Keil_v5\ARM\ARMCC\Bin\..\lib\armlib\c_w.l(lc_numeric_c.o)
         2          0          0          0          0          0   C:\Keil_v5\ARM\ARMCC\Bin\..\lib\armlib\c_w.l(libinit.o)
        46          0          0          0          0          0   C:\Keil_v5\ARM\ARMCC\Bin\..\lib\armlib\c_w.l(libinit2.o)
         0          0          0          0          0          0   C:\Keil_v5\ARM\ARMCC\Bin\..\lib\armlib\c_w.l(libshutdown2.o)
       138          0          0          0          0         80   C:\Keil_v5\ARM\ARMCC\Bin\..\lib\armlib\c_w.l(lludiv10.o)
         0          0          0          0          0          0   C:\Keil_v5\ARM\ARMCC\Bin\..\lib\armlib\c_w.l(maybetermalloc1.o)
        16          4          0          0          0         76   C:\Keil_v5\ARM\ARMCC\Bin\..\lib\armlib\c_w.l(rt_ctype_table.o)
         8          4          0          0          4         68   C:\Keil_v5\ARM\ARMCC\Bin\..\lib\armlib\c_w.l(rt_errno_addr.o)
         8          4          0          0          4         68   C:\Keil_v5\ARM\ARMCC\Bin\..\lib\armlib\c_w.l(rt_heap_descriptor.o)
         8          4          0          0         20         68   C:\Keil_v5\ARM\ARMCC\Bin\..\lib\armlib\c_w.l(rt_locale.o)
        78          0          0          0          0         80   C:\Keil_v5\ARM\ARMCC\Bin\..\lib\armlib\c_w.l(rt_memclr_w.o)
       100          0          0          0          0         80   C:\Keil_v5\ARM\ARMCC\Bin\..\lib\armlib\c_w.l(rt_memcpy_w.o)
        70          0          0          0          0         80   C:\Keil_v5\ARM\ARMCC\Bin\..\lib\armlib\c_w.l(setvbuf.o)
       240          6          0          0          0        156   C:\Keil_v5\ARM\ARMCC\Bin\..\lib\armlib\c_w.l(stdio.o)
         0          0          0         12        252          0   C:\Keil_v5\ARM\ARMCC\Bin\..\lib\armlib\c_w.l(stdio_streams.o)
       128          0          0          0          0         68   C:\Keil_v5\ARM\ARMCC\Bin\..\lib\armlib\c_w.l(strcmpv7m.o)
        62          0          0          0          0         76   C:\Keil_v5\ARM\ARMCC\Bin\..\lib\armlib\c_w.l(strlen.o)
       150          0          0          0          0         80   C:\Keil_v5\ARM\ARMCC\Bin\..\lib\armlib\c_w.l(strncmp.o)
        12          4          0          0          0         68   C:\Keil_v5\ARM\ARMCC\Bin\..\lib\armlib\c_w.l(sys_exit.o)
        14          0          0          0          0         76   C:\Keil_v5\ARM\ARMCC\Bin\..\lib\armlib\c_w.l(sys_wrch.o)
         2          0          0          0          0         68   C:\Keil_v5\ARM\ARMCC\Bin\..\lib\armlib\c_w.l(use_no_semi.o)
        52          4          0          0          0         80   C:\Keil_v5\ARM\ARMCC\Bin\..\lib\armlib\c_w.l(vsnprintf.o)
       826         16          0          0          0        348   C:\Keil_v5\ARM\ARMCC\Bin\..\lib\armlib\fz_ws.l(daddsub_clz.o)
        24          0          0          0          0         68   C:\Keil_v5\ARM\ARMCC\Bin\..\lib\armlib\fz_ws.l(dcmpi.o)
        94          4          0          0          0         92   C:\Keil_v5\ARM\ARMCC\Bin\..\lib\armlib\fz_ws.l(dfix.o)
       120          4          0          0          0         92   C:\Keil_v5\ARM\ARMCC\Bin\..\lib\armlib\fz_ws.l(dleqf.o)
       156          4          0          0          0         92   C:\Keil_v5\ARM\ARMCC\Bin\..\lib\armlib\fz_ws.l(dnaninf.o)
        12          0          0          0          0         68   C:\Keil_v5\ARM\ARMCC\Bin\..\lib\armlib\fz_ws.l(dretinf.o)
       108          0          0          0          0         80   C:\Keil_v5\ARM\ARMCC\Bin\..\lib\armlib\fz_ws.l(drleqf.o)
        86          4          0          0          0         84   C:\Keil_v5\ARM\ARMCC\Bin\..\lib\armlib\fz_ws.l(f2d.o)
       430          8          0          0          0        168   C:\Keil_v5\ARM\ARMCC\Bin\..\lib\armlib\fz_ws.l(faddsub_clz.o)
       388         76          0          0          0         96   C:\Keil_v5\ARM\ARMCC\Bin\..\lib\armlib\fz_ws.l(fdiv.o)
        54          4          0          0          0         84   C:\Keil_v5\ARM\ARMCC\Bin\..\lib\armlib\fz_ws.l(ffix.o)
        48          0          0          0          0         68   C:\Keil_v5\ARM\ARMCC\Bin\..\lib\armlib\fz_ws.l(fflt_clz.o)
       258          4          0          0          0         84   C:\Keil_v5\ARM\ARMCC\Bin\..\lib\armlib\fz_ws.l(fmul.o)
       140          4          0          0          0         84   C:\Keil_v5\ARM\ARMCC\Bin\..\lib\armlib\fz_ws.l(fnaninf.o)
        10          0          0          0          0         68   C:\Keil_v5\ARM\ARMCC\Bin\..\lib\armlib\fz_ws.l(fretinf.o)
         4          0          0          0          0         68   C:\Keil_v5\ARM\ARMCC\Bin\..\lib\armlib\fz_ws.l(printf1.o)
         4          0          0          0          0         68   C:\Keil_v5\ARM\ARMCC\Bin\..\lib\armlib\fz_ws.l(printf2.o)
         0          0          0          0          0          0   C:\Keil_v5\ARM\ARMCC\Bin\..\lib\armlib\fz_ws.l(usenofp.o)
       220         16          0          0          0         84   C:\Keil_v5\ARM\ARMCC\Bin\..\lib\armlib\m_ws.l(floor.o)
        40          0          0          0          0         68   C:\Keil_v5\ARM\ARMCC\Bin\..\lib\armlib\m_ws.l(fpclassify.o)
       156         26          0         12          0        224   mbed/TARGET_LPC1768/TOOLCHAIN_ARM_STD/mbed.ar(FileBase.o)
       160          0          0          0          0        440   mbed/TARGET_LPC1768/TOOLCHAIN_ARM_STD/mbed.ar(FilePath.o)
       398         56         32         12          0        540   mbed/TARGET_LPC1768/TOOLCHAIN_ARM_STD/mbed.ar(SPI.o)
        84         52          0          0          0         88   mbed/TARGET_LPC1768/TOOLCHAIN_ARM_STD/mbed.ar(mbed_assert.o)
       348        218          0          8          0        156   mbed/TARGET_LPC1768/TOOLCHAIN_ARM_STD/mbed.ar(mbed_critical.o)
        40          4          0          1          0         88   mbed/TARGET_LPC1768/TOOLCHAIN_ARM_STD/mbed.ar(mbed_error.o)
       216         36          0          0          0        268   mbed/TARGET_LPC1768/TOOLCHAIN_ARM_STD/mbed.ar(mbed_gpio.o)
         4          0          0          0          0         68   mbed/TARGET_LPC1768/TOOLCHAIN_ARM_STD/mbed.ar(mbed_interface.o)
       274         78          0          0          0        308   mbed/TARGET_LPC1768/TOOLCHAIN_ARM_STD/mbed.ar(mbed_pinmap_common.o)
        28          6          0          0          0        144   mbed/TARGET_LPC1768/TOOLCHAIN_ARM_STD/mbed.ar(mbed_semihost_api.o)
       296          0          0          0          0        332   mbed/TARGET_LPC1768/TOOLCHAIN_ARM_STD/mbed.ar(mbed_ticker_api.o)
        20         10         32          0         24        136   mbed/TARGET_LPC1768/TOOLCHAIN_ARM_STD/mbed.ar(mbed_us_ticker_api.o)
        80          4          0          0          0        160   mbed/TARGET_LPC1768/TOOLCHAIN_ARM_STD/mbed.ar(mbed_wait_api_no_rtos.o)

    ----------------------------------------------------------------------
     14832       1090        616         52        304      11420   Library Totals
        34          0          1          3          0          0   (incl. Padding)

    ----------------------------------------------------------------------

      Code (inc. data)   RO Data    RW Data    ZI Data      Debug   Library Name

      9672        456        551         16        280       6604   C:\Keil_v5\ARM\ARMCC\Bin\..\lib\armlib\c_w.l
      2762        128          0          0          0       1712   C:\Keil_v5\ARM\ARMCC\Bin\..\lib\armlib\fz_ws.l
       260         16          0          0          0        152   C:\Keil_v5\ARM\ARMCC\Bin\..\lib\armlib\m_ws.l
      2104        490         64         33         24       2952   mbed/TARGET_LPC1768/TOOLCHAIN_ARM_STD/mbed.ar

    ----------------------------------------------------------------------
     14832       1090        616         52        304      11420   Library Totals

    ----------------------------------------------------------------------

==============================================================================


      Code (inc. data)   RO Data    RW Data    ZI Data      Debug   

     19822       1876       1934         92        900      40804   Grand Totals
     19822       1876       1934         92        900      40804   ELF Image Totals
     19822       1876       1934         92          0          0   ROM Totals

==============================================================================

    Total RO  Size (Code + RO Data)                21756 (  21.25kB)
    Total RW  Size (RW Data + ZI Data)               992 (   0.97kB)
    Total ROM Size (Code + RO Data + RW Data)      21848 (  21.34kB)

==============================================================================

