Component: ARM Compiler 5.06 update 5 (build 528) Tool: armlink [4d35e2]

==============================================================================

Section Cross References

    mbed/TARGET_LPC1768/TOOLCHAIN_ARM_STD/analogin_api.o(i.analogin_init) refers to mbed/TARGET_LPC1768/TOOLCHAIN_ARM_STD/mbed.ar(mbed_pinmap_common.o)(i.pinmap_peripheral) for pinmap_peripheral
    mbed/TARGET_LPC1768/TOOLCHAIN_ARM_STD/analogin_api.o(i.analogin_init) refers to mbed/TARGET_LPC1768/TOOLCHAIN_ARM_STD/mbed.ar(mbed_assert.o)(i.mbed_assert_internal) for mbed_assert_internal
    mbed/TARGET_LPC1768/TOOLCHAIN_ARM_STD/analogin_api.o(i.analogin_init) refers to mbed/TARGET_LPC1768/TOOLCHAIN_ARM_STD/mbed.ar(mbed_pinmap_common.o)(i.pinmap_pinout) for pinmap_pinout
    mbed/TARGET_LPC1768/TOOLCHAIN_ARM_STD/analogin_api.o(i.analogin_init) refers to mbed/TARGET_LPC1768/TOOLCHAIN_ARM_STD/analogin_api.o(.constdata) for .constdata
    mbed/TARGET_LPC1768/TOOLCHAIN_ARM_STD/analogin_api.o(i.analogin_init) refers to mbed/TARGET_LPC1768/TOOLCHAIN_ARM_STD/analogin_api.o(.conststring) for .conststring
    mbed/TARGET_LPC1768/TOOLCHAIN_ARM_STD/analogin_api.o(i.analogin_init) refers to mbed/TARGET_LPC1768/TOOLCHAIN_ARM_STD/system_LPC17xx.o(.data) for SystemCoreClock
    mbed/TARGET_LPC1768/TOOLCHAIN_ARM_STD/analogin_api.o(i.analogin_read) refers to C:\Keil_v5\ARM\ARMCC\Bin\..\lib\armlib\fz_ws.l(fflt_clz.o)(x$fpl$ffltu) for __aeabi_ui2f
    mbed/TARGET_LPC1768/TOOLCHAIN_ARM_STD/analogin_api.o(i.analogin_read) refers to C:\Keil_v5\ARM\ARMCC\Bin\..\lib\armlib\fz_ws.l(fmul.o)(x$fpl$fmul) for __aeabi_fmul
    mbed/TARGET_LPC1768/TOOLCHAIN_ARM_STD/analogout_api.o(i.analogout_init) refers to mbed/TARGET_LPC1768/TOOLCHAIN_ARM_STD/mbed.ar(mbed_pinmap_common.o)(i.pinmap_peripheral) for pinmap_peripheral
    mbed/TARGET_LPC1768/TOOLCHAIN_ARM_STD/analogout_api.o(i.analogout_init) refers to mbed/TARGET_LPC1768/TOOLCHAIN_ARM_STD/mbed.ar(mbed_assert.o)(i.mbed_assert_internal) for mbed_assert_internal
    mbed/TARGET_LPC1768/TOOLCHAIN_ARM_STD/analogout_api.o(i.analogout_init) refers to mbed/TARGET_LPC1768/TOOLCHAIN_ARM_STD/mbed.ar(mbed_pinmap_common.o)(i.pinmap_pinout) for pinmap_pinout
    mbed/TARGET_LPC1768/TOOLCHAIN_ARM_STD/analogout_api.o(i.analogout_init) refers to mbed/TARGET_LPC1768/TOOLCHAIN_ARM_STD/analogout_api.o(.constdata) for .constdata
    mbed/TARGET_LPC1768/TOOLCHAIN_ARM_STD/analogout_api.o(i.analogout_init) refers to mbed/TARGET_LPC1768/TOOLCHAIN_ARM_STD/analogout_api.o(.conststring) for .conststring
    mbed/TARGET_LPC1768/TOOLCHAIN_ARM_STD/analogout_api.o(i.analogout_read) refers to C:\Keil_v5\ARM\ARMCC\Bin\..\lib\armlib\fz_ws.l(fflt_clz.o)(x$fpl$ffltu) for __aeabi_ui2f
    mbed/TARGET_LPC1768/TOOLCHAIN_ARM_STD/analogout_api.o(i.analogout_read) refers to C:\Keil_v5\ARM\ARMCC\Bin\..\lib\armlib\fz_ws.l(fmul.o)(x$fpl$fmul) for __aeabi_fmul
    mbed/TARGET_LPC1768/TOOLCHAIN_ARM_STD/analogout_api.o(i.analogout_write) refers to C:\Keil_v5\ARM\ARMCC\Bin\..\lib\armlib\fz_ws.l(fmul.o)(x$fpl$fmul) for __aeabi_fmul
    mbed/TARGET_LPC1768/TOOLCHAIN_ARM_STD/analogout_api.o(i.analogout_write) refers to C:\Keil_v5\ARM\ARMCC\Bin\..\lib\armlib\fz_ws.l(ffix.o)(x$fpl$ffix) for __aeabi_f2iz
    mbed/TARGET_LPC1768/TOOLCHAIN_ARM_STD/can_api.o(i.can_frequency) refers to mbed/TARGET_LPC1768/TOOLCHAIN_ARM_STD/system_LPC17xx.o(.data) for SystemCoreClock
    mbed/TARGET_LPC1768/TOOLCHAIN_ARM_STD/can_api.o(i.can_frequency) refers to mbed/TARGET_LPC1768/TOOLCHAIN_ARM_STD/can_api.o(.constdata) for .constdata
    mbed/TARGET_LPC1768/TOOLCHAIN_ARM_STD/can_api.o(i.can_init) refers to mbed/TARGET_LPC1768/TOOLCHAIN_ARM_STD/mbed.ar(mbed_pinmap_common.o)(i.pinmap_peripheral) for pinmap_peripheral
    mbed/TARGET_LPC1768/TOOLCHAIN_ARM_STD/can_api.o(i.can_init) refers to mbed/TARGET_LPC1768/TOOLCHAIN_ARM_STD/mbed.ar(mbed_pinmap_common.o)(i.pinmap_merge) for pinmap_merge
    mbed/TARGET_LPC1768/TOOLCHAIN_ARM_STD/can_api.o(i.can_init) refers to mbed/TARGET_LPC1768/TOOLCHAIN_ARM_STD/mbed.ar(mbed_assert.o)(i.mbed_assert_internal) for mbed_assert_internal
    mbed/TARGET_LPC1768/TOOLCHAIN_ARM_STD/can_api.o(i.can_init) refers to mbed/TARGET_LPC1768/TOOLCHAIN_ARM_STD/mbed.ar(mbed_pinmap_common.o)(i.pinmap_pinout) for pinmap_pinout
    mbed/TARGET_LPC1768/TOOLCHAIN_ARM_STD/can_api.o(i.can_init) refers to mbed/TARGET_LPC1768/TOOLCHAIN_ARM_STD/can_api.o(i.can_frequency) for can_frequency
    mbed/TARGET_LPC1768/TOOLCHAIN_ARM_STD/can_api.o(i.can_init) refers to mbed/TARGET_LPC1768/TOOLCHAIN_ARM_STD/can_api.o(.constdata) for .constdata
    mbed/TARGET_LPC1768/TOOLCHAIN_ARM_STD/can_api.o(i.can_init) refers to mbed/TARGET_LPC1768/TOOLCHAIN_ARM_STD/can_api.o(.conststring) for .conststring
    mbed/TARGET_LPC1768/TOOLCHAIN_ARM_STD/can_api.o(i.can_init) refers to mbed/TARGET_LPC1768/TOOLCHAIN_ARM_STD/can_api.o(i.can_init_freq) for i.can_init_freq
[...]
    us_ticker_disable_interrupt              0x0000537d   Thumb Code    12  mbed/TARGET_LPC1768/TOOLCHAIN_ARM_STD/us_ticker.o(i.us_ticker_disable_interrupt)
    us_ticker_fire_interrupt                 0x0000538d   Thumb Code    12  mbed/TARGET_LPC1768/TOOLCHAIN_ARM_STD/us_ticker.o(i.us_ticker_fire_interrupt)
    us_ticker_init                           0x00005399   Thumb Code    74  mbed/TARGET_LPC1768/TOOLCHAIN_ARM_STD/us_ticker.o(i.us_ticker_init)
    us_ticker_irq_handler                    0x00005401   Thumb Code     6  mbed/TARGET_LPC1768/TOOLCHAIN_ARM_STD/mbed.ar(mbed_us_ticker_api.o)(i.us_ticker_irq_handler)
    us_ticker_read                           0x0000540d   Thumb Code    72  mbed/TARGET_LPC1768/TOOLCHAIN_ARM_STD/us_ticker.o(i.us_ticker_read)
    us_ticker_set_interrupt                  0x00005471   Thumb Code    14  mbed/TARGET_LPC1768/TOOLCHAIN_ARM_STD/us_ticker.o(i.us_ticker_set_interrupt)
    wait                                     0x00005485   Thumb Code    40  mbed/TARGET_LPC1768/TOOLCHAIN_ARM_STD/mbed.ar(mbed_wait_api_no_rtos.o)(i.wait)
    wait_ms                                  0x000054b1   Thumb Code    36  mbed/TARGET_LPC1768/TOOLCHAIN_ARM_STD/mbed.ar(mbed_wait_api_no_rtos.o)(i.wait_ms)
    wait_us                                  0x000054d5   Thumb Code    30  mbed/TARGET_LPC1768/TOOLCHAIN_ARM_STD/mbed.ar(mbed_wait_api_no_rtos.o)(i.wait_us)
    _get_lc_numeric                          0x000054f5   Thumb Code    44  C:\Keil_v5\ARM\ARMCC\Bin\..\lib\armlib\c_w.l(lc_numeric_c.o)(locale$$code)
    _get_lc_ctype                            0x00005521   Thumb Code    44  C:\Keil_v5\ARM\ARMCC\Bin\..\lib\armlib\c_w.l(lc_ctype_c.o)(locale$$code)
    SingletonPtr<PlatformMutex>::operator ->() 0x0000554d   Thumb Code    36  mbed/TARGET_LPC1768/TOOLCHAIN_ARM_STD/mbed.ar(FileBase.o)(t._ZN12SingletonPtrI13PlatformMutexEptEv)
    __aeabi_d2f                              0x00005579   Thumb Code     0  C:\Keil_v5\ARM\ARMCC\Bin\..\lib\armlib\fz_ws.l(d2f.o)(x$fpl$d2f)
    _d2f                                     0x00005579   Thumb Code    98  C:\Keil_v5\ARM\ARMCC\Bin\..\lib\armlib\fz_ws.l(d2f.o)(x$fpl$d2f)
    __aeabi_dadd                             0x000055dd   Thumb Code     0  C:\Keil_v5\ARM\ARMCC\Bin\..\lib\armlib\fz_ws.l(daddsub_clz.o)(x$fpl$dadd)
    _dadd                                    0x000055dd   Thumb Code   332  C:\Keil_v5\ARM\ARMCC\Bin\..\lib\armlib\fz_ws.l(daddsub_clz.o)(x$fpl$dadd)
    __fpl_dcmp_Inf                           0x0000572d   Thumb Code    24  C:\Keil_v5\ARM\ARMCC\Bin\..\lib\armlib\fz_ws.l(dcmpi.o)(x$fpl$dcmpinf)
    __aeabi_ddiv                             0x00005745   Thumb Code     0  C:\Keil_v5\ARM\ARMCC\Bin\..\lib\armlib\fz_ws.l(ddiv.o)(x$fpl$ddiv)
    _ddiv                                    0x00005745   Thumb Code   552  C:\Keil_v5\ARM\ARMCC\Bin\..\lib\armlib\fz_ws.l(ddiv.o)(x$fpl$ddiv)
    __aeabi_d2iz                             0x000059f5   Thumb Code     0  C:\Keil_v5\ARM\ARMCC\Bin\..\lib\armlib\fz_ws.l(dfix.o)(x$fpl$dfix)
    _dfix                                    0x000059f5   Thumb Code    94  C:\Keil_v5\ARM\ARMCC\Bin\..\lib\armlib\fz_ws.l(dfix.o)(x$fpl$dfix)
    __aeabi_cdcmple                          0x00005a55   Thumb Code     0  C:\Keil_v5\ARM\ARMCC\Bin\..\lib\armlib\fz_ws.l(dleqf.o)(x$fpl$dleqf)
    _dcmple                                  0x00005a55   Thumb Code   120  C:\Keil_v5\ARM\ARMCC\Bin\..\lib\armlib\fz_ws.l(dleqf.o)(x$fpl$dleqf)
    __fpl_dcmple_InfNaN                      0x00005ab7   Thumb Code     0  C:\Keil_v5\ARM\ARMCC\Bin\..\lib\armlib\fz_ws.l(dleqf.o)(x$fpl$dleqf)
    __aeabi_dmul                             0x00005acd   Thumb Code     0  C:\Keil_v5\ARM\ARMCC\Bin\..\lib\armlib\fz_ws.l(dmul.o)(x$fpl$dmul)
    _dmul                                    0x00005acd   Thumb Code   332  C:\Keil_v5\ARM\ARMCC\Bin\..\lib\armlib\fz_ws.l(dmul.o)(x$fpl$dmul)
    __fpl_dnaninf                            0x00005c21   Thumb Code   156  C:\Keil_v5\ARM\ARMCC\Bin\..\lib\armlib\fz_ws.l(dnaninf.o)(x$fpl$dnaninf)
    __fpl_dretinf                            0x00005cbd   Thumb Code    12  C:\Keil_v5\ARM\ARMCC\Bin\..\lib\armlib\fz_ws.l(dretinf.o)(x$fpl$dretinf)
    __aeabi_cdrcmple                         0x00005cc9   Thumb Code     0  C:\Keil_v5\ARM\ARMCC\Bin\..\lib\armlib\fz_ws.l(drleqf.o)(x$fpl$drleqf)
    _drcmple                                 0x00005cc9   Thumb Code   108  C:\Keil_v5\ARM\ARMCC\Bin\..\lib\armlib\fz_ws.l(drleqf.o)(x$fpl$drleqf)
    __aeabi_drsub                            0x00005d35   Thumb Code     0  C:\Keil_v5\ARM\ARMCC\Bin\..\lib\armlib\fz_ws.l(daddsub_clz.o)(x$fpl$drsb)
    _drsb                                    0x00005d35   Thumb Code    22  C:\Keil_v5\ARM\ARMCC\Bin\..\lib\armlib\fz_ws.l(daddsub_clz.o)(x$fpl$drsb)
    __aeabi_dsub                             0x00005d4d   Thumb Code     0  C:\Keil_v5\ARM\ARMCC\Bin\..\lib\armlib\fz_ws.l(daddsub_clz.o)(x$fpl$dsub)
    _dsub                                    0x00005d4d   Thumb Code   464  C:\Keil_v5\ARM\ARMCC\Bin\..\lib\armlib\fz_ws.l(daddsub_clz.o)(x$fpl$dsub)
    __aeabi_f2d                              0x00005f21   Thumb Code     0  C:\Keil_v5\ARM\ARMCC\Bin\..\lib\armlib\fz_ws.l(f2d.o)(x$fpl$f2d)
    _f2d                                     0x00005f21   Thumb Code    86  C:\Keil_v5\ARM\ARMCC\Bin\..\lib\armlib\fz_ws.l(f2d.o)(x$fpl$f2d)
    __aeabi_fadd                             0x00005f79   Thumb Code     0  C:\Keil_v5\ARM\ARMCC\Bin\..\lib\armlib\fz_ws.l(faddsub_clz.o)(x$fpl$fadd)
    _fadd                                    0x00005f79   Thumb Code   196  C:\Keil_v5\ARM\ARMCC\Bin\..\lib\armlib\fz_ws.l(faddsub_clz.o)(x$fpl$fadd)
    __fpl_fcheck_NaN1                        0x0000603d   Thumb Code     6  C:\Keil_v5\ARM\ARMCC\Bin\..\lib\armlib\fz_ws.l(fcheck1.o)(x$fpl$fcheck1)
    __fpl_fcmp_Inf                           0x00006049   Thumb Code    24  C:\Keil_v5\ARM\ARMCC\Bin\..\lib\armlib\fz_ws.l(fcmpi.o)(x$fpl$fcmpinf)
    __aeabi_fdiv                             0x00006061   Thumb Code     0  C:\Keil_v5\ARM\ARMCC\Bin\..\lib\armlib\fz_ws.l(fdiv.o)(x$fpl$fdiv)
    _fdiv                                    0x00006061   Thumb Code   384  C:\Keil_v5\ARM\ARMCC\Bin\..\lib\armlib\fz_ws.l(fdiv.o)(x$fpl$fdiv)
    __aeabi_f2iz                             0x000061e5   Thumb Code     0  C:\Keil_v5\ARM\ARMCC\Bin\..\lib\armlib\fz_ws.l(ffix.o)(x$fpl$ffix)
    _ffix                                    0x000061e5   Thumb Code    54  C:\Keil_v5\ARM\ARMCC\Bin\..\lib\armlib\fz_ws.l(ffix.o)(x$fpl$ffix)
    __aeabi_i2f                              0x0000621d   Thumb Code     0  C:\Keil_v5\ARM\ARMCC\Bin\..\lib\armlib\fz_ws.l(fflt_clz.o)(x$fpl$fflt)
    _fflt                                    0x0000621d   Thumb Code    48  C:\Keil_v5\ARM\ARMCC\Bin\..\lib\armlib\fz_ws.l(fflt_clz.o)(x$fpl$fflt)
    __aeabi_ui2f                             0x0000624d   Thumb Code     0  C:\Keil_v5\ARM\ARMCC\Bin\..\lib\armlib\fz_ws.l(fflt_clz.o)(x$fpl$ffltu)
    _ffltu                                   0x0000624d   Thumb Code    38  C:\Keil_v5\ARM\ARMCC\Bin\..\lib\armlib\fz_ws.l(fflt_clz.o)(x$fpl$ffltu)
    __aeabi_cfcmple                          0x00006275   Thumb Code     0  C:\Keil_v5\ARM\ARMCC\Bin\..\lib\armlib\fz_ws.l(fleqf.o)(x$fpl$fleqf)
    _fcmple                                  0x00006275   Thumb Code   104  C:\Keil_v5\ARM\ARMCC\Bin\..\lib\armlib\fz_ws.l(fleqf.o)(x$fpl$fleqf)
    __fpl_fcmple_InfNaN                      0x000062c7   Thumb Code     0  C:\Keil_v5\ARM\ARMCC\Bin\..\lib\armlib\fz_ws.l(fleqf.o)(x$fpl$fleqf)
    __aeabi_fmul                             0x000062dd   Thumb Code     0  C:\Keil_v5\ARM\ARMCC\Bin\..\lib\armlib\fz_ws.l(fmul.o)(x$fpl$fmul)
    _fmul                                    0x000062dd   Thumb Code   258  C:\Keil_v5\ARM\ARMCC\Bin\..\lib\armlib\fz_ws.l(fmul.o)(x$fpl$fmul)
    __fpl_fnaninf                            0x000063df   Thumb Code   140  C:\Keil_v5\ARM\ARMCC\Bin\..\lib\armlib\fz_ws.l(fnaninf.o)(x$fpl$fnaninf)
    __fpl_fretinf                            0x0000646b   Thumb Code    10  C:\Keil_v5\ARM\ARMCC\Bin\..\lib\armlib\fz_ws.l(fretinf.o)(x$fpl$fretinf)
    __aeabi_cfrcmple                         0x00006475   Thumb Code     0  C:\Keil_v5\ARM\ARMCC\Bin\..\lib\armlib\fz_ws.l(frleqf.o)(x$fpl$frleqf)
    _frcmple                                 0x00006475   Thumb Code    98  C:\Keil_v5\ARM\ARMCC\Bin\..\lib\armlib\fz_ws.l(frleqf.o)(x$fpl$frleqf)
    __aeabi_frsub                            0x000064d7   Thumb Code     0  C:\Keil_v5\ARM\ARMCC\Bin\..\lib\armlib\fz_ws.l(faddsub_clz.o)(x$fpl$frsb)
    _frsb                                    0x000064d7   Thumb Code    20  C:\Keil_v5\ARM\ARMCC\Bin\..\lib\armlib\fz_ws.l(faddsub_clz.o)(x$fpl$frsb)
    _fsqrt                                   0x000064ed   Thumb Code   272  C:\Keil_v5\ARM\ARMCC\Bin\..\lib\armlib\fz_ws.l(fsqrt.o)(x$fpl$fsqrt)
    __aeabi_fsub                             0x000065fd   Thumb Code     0  C:\Keil_v5\ARM\ARMCC\Bin\..\lib\armlib\fz_ws.l(faddsub_clz.o)(x$fpl$fsub)
    _fsub                                    0x000065fd   Thumb Code   234  C:\Keil_v5\ARM\ARMCC\Bin\..\lib\armlib\fz_ws.l(faddsub_clz.o)(x$fpl$fsub)
    _printf_fp_dec                           0x000066e7   Thumb Code     4  C:\Keil_v5\ARM\ARMCC\Bin\..\lib\armlib\fz_ws.l(printf1.o)(x$fpl$printf1)
    _printf_fp_hex                           0x000066eb   Thumb Code     4  C:\Keil_v5\ARM\ARMCC\Bin\..\lib\armlib\fz_ws.l(printf2.o)(x$fpl$printf2)
    __fpl_return_NaN                         0x000066ef   Thumb Code   100  C:\Keil_v5\ARM\ARMCC\Bin\..\lib\armlib\fz_ws.l(retnan.o)(x$fpl$retnan)
    __ARM_scalbnf                            0x00006753   Thumb Code    76  C:\Keil_v5\ARM\ARMCC\Bin\..\lib\armlib\fz_ws.l(scalbnf.o)(x$fpl$scalbnf)
    __fpl_cmpreturn                          0x0000679f   Thumb Code    48  C:\Keil_v5\ARM\ARMCC\Bin\..\lib\armlib\fz_ws.l(trapv.o)(x$fpl$trapveneer)
    __I$use$fp                               0x000067ce   Number         0  C:\Keil_v5\ARM\ARMCC\Bin\..\lib\armlib\fz_ws.l(usenofp.o)(x$fpl$usenofp)
    __stdin_name                             0x00006868   Data           7  mbed/TARGET_LPC1768/TOOLCHAIN_ARM_STD/mbed_retarget.o(.constdata)
    __stdout_name                            0x0000686f   Data           8  mbed/TARGET_LPC1768/TOOLCHAIN_ARM_STD/mbed_retarget.o(.constdata)
    __stderr_name                            0x00006877   Data           8  mbed/TARGET_LPC1768/TOOLCHAIN_ARM_STD/mbed_retarget.o(.constdata)
    vtable for mbed::I2C                     0x00006bb0   Data          24  mbed/TARGET_LPC1768/TOOLCHAIN_ARM_STD/mbed.ar(I2C.o)(.constdata__ZTVN4mbed3I2CE)
    vtable for mbed::SPI                     0x00006bc8   Data          32  mbed/TARGET_LPC1768/TOOLCHAIN_ARM_STD/mbed.ar(SPI.o)(.constdata__ZTVN4mbed3SPIE)
    SingletonPtr<PlatformMutex>::get()::string 0x00006be8   Data          20  mbed/TARGET_LPC1768/TOOLCHAIN_ARM_STD/mbed_retarget.o(.constdata__ZZN12SingletonPtrI13PlatformMutexE3getEvEs)
    SingletonPtr<PlatformMutex>::get()::string (instance 2) 0x00006bfc   Data          72  mbed/TARGET_LPC1768/TOOLCHAIN_ARM_STD/mbed_retarget.o(.constdata__ZZN12SingletonPtrI13PlatformMutexE3getEvEs_0)
    Region$$Table$$Base                      0x00006e4c   Number         0  anon$$obj.o(Region$$Table)
    Region$$Table$$Limit                     0x00006e6c   Number         0  anon$$obj.o(Region$$Table)
    __ctype                                  0x00006e95   Data           0  C:\Keil_v5\ARM\ARMCC\Bin\..\lib\armlib\c_w.l(lc_ctype_c.o)(locale$$data)
    stdio_uart_inited                        0x100000d8   Data           4  mbed/TARGET_LPC1768/TOOLCHAIN_ARM_STD/serial_api.o(.data)
    stdio_uart                               0x100000e0   Data           8  mbed/TARGET_LPC1768/TOOLCHAIN_ARM_STD/serial_api.o(.data)
    SystemCoreClock                          0x100000e8   Data           4  mbed/TARGET_LPC1768/TOOLCHAIN_ARM_STD/system_LPC17xx.o(.data)
    us_ticker_inited                         0x100000ec   Data           4  mbed/TARGET_LPC1768/TOOLCHAIN_ARM_STD/us_ticker.o(.data)
    APP_MODE                                 0x100000f0   Data           1  .\build\main.o(.data)
    mbed::I2C::_owner                        0x100000f4   Data           4  mbed/TARGET_LPC1768/TOOLCHAIN_ARM_STD/mbed.ar(I2C.o)(.data)
    mbed::I2C::_mutex                        0x100000f8   Data           8  mbed/TARGET_LPC1768/TOOLCHAIN_ARM_STD/mbed.ar(I2C.o)(.data)
    mbed::SPI::_owner                        0x10000100   Data           4  mbed/TARGET_LPC1768/TOOLCHAIN_ARM_STD/mbed.ar(SPI.o)(.data)
    mbed::SPI::_mutex                        0x10000104   Data           8  mbed/TARGET_LPC1768/TOOLCHAIN_ARM_STD/mbed.ar(SPI.o)(.data)
    mbed::FileBase::_head                    0x10000118   Data           4  mbed/TARGET_LPC1768/TOOLCHAIN_ARM_STD/mbed.ar(FileBase.o)(.data)
    mbed::FileBase::_mutex                   0x1000011c   Data           8  mbed/TARGET_LPC1768/TOOLCHAIN_ARM_STD/mbed.ar(FileBase.o)(.data)
    __aeabi_stdin                            0x10000124   Data           4  C:\Keil_v5\ARM\ARMCC\Bin\..\lib\armlib\c_w.l(stdio_streams.o)(.data)
    __aeabi_stdout                           0x10000128   Data           4  C:\Keil_v5\ARM\ARMCC\Bin\..\lib\armlib\c_w.l(stdio_streams.o)(.data)
    __aeabi_stderr                           0x1000012c   Data           4  C:\Keil_v5\ARM\ARMCC\Bin\..\lib\armlib\c_w.l(stdio_streams.o)(.data)
    __stdin                                  0x10000374   Data          84  C:\Keil_v5\ARM\ARMCC\Bin\..\lib\armlib\c_w.l(stdio_streams.o)(.bss)
    __stdout                                 0x100003c8   Data          84  C:\Keil_v5\ARM\ARMCC\Bin\..\lib\armlib\c_w.l(stdio_streams.o)(.bss)
    __stderr                                 0x1000041c   Data          84  C:\Keil_v5\ARM\ARMCC\Bin\..\lib\armlib\c_w.l(stdio_streams.o)(.bss)
    Image$$RW_IRAM1$$ZI$$Limit               0x10000488   Number         0  anon$$obj.o ABSOLUTE



==============================================================================

Memory Map of the image

  Image Entry point : 0x00000301

  Load Region LR_IROM1 (Base: 0x00000000, Size: 0x00007004, Max: 0x00080000, ABSOLUTE)

    Execution Region ER_IROM0 (Exec base: 0x00000000, Load base: 0x00000000, Size: 0x000000c4, Max: 0x000002fc, ABSOLUTE)

    Exec Addr    Load Addr    Size         Type   Attr      Idx    E Section Name        Object

    0x00000000   0x00000000   0x000000c4   Data   RO          550    RESET               mbed/TARGET_LPC1768/TOOLCHAIN_ARM_STD/startup_LPC17xx.o


    Execution Region ER_CRP (Exec base: 0x000002fc, Load base: 0x000002fc, Size: 0x00000004, Max: 0x00000004, ABSOLUTE, FIXED)

    Exec Addr    Load Addr    Size         Type   Attr      Idx    E Section Name        Object

    0x000002fc   0x000002fc   0x00000004   Data   RO           78    .CRPSection         mbed/TARGET_LPC1768/TOOLCHAIN_ARM_STD/CRP.o


    Execution Region ER_IROM1 (Exec base: 0x00000300, Load base: 0x00000300, Size: 0x00006c98, Max: 0x0007fd00, ABSOLUTE, FIXED)

    Exec Addr    Load Addr    Size         Type   Attr      Idx    E Section Name        Object

    0x00000300   0x00000300   0x00000008   Code   RO         1977  * !!!main             C:\Keil_v5\ARM\ARMCC\Bin\..\lib\armlib\c_w.l(__main.o)
    0x00000308   0x00000308   0x00000034   Code   RO         2647    !!!scatter          C:\Keil_v5\ARM\ARMCC\Bin\..\lib\armlib\c_w.l(__scatter.o)
    0x0000033c   0x0000033c   0x0000001a   Code   RO         2649    !!handler_copy      C:\Keil_v5\ARM\ARMCC\Bin\..\lib\armlib\c_w.l(__scatter_copy.o)
    0x00000356   0x00000356   0x00000002   PAD
    0x00000358   0x00000358   0x0000001c   Code   RO         2651    !!handler_zi        C:\Keil_v5\ARM\ARMCC\Bin\..\lib\armlib\c_w.l(__scatter_zi.o)
    0x00000374   0x00000374   0x00000000   Code   RO         1934    .ARM.Collect$$_printf_percent$$00000000  C:\Keil_v5\ARM\ARMCC\Bin\..\lib\armlib\c_w.l(_printf_percent.o)
    0x00000374   0x00000374   0x00000006   Code   RO         2234    .ARM.Collect$$_printf_percent$$00000001  C:\Keil_v5\ARM\ARMCC\Bin\..\lib\armlib\c_w.l(_printf_n.o)
    0x0000037a   0x0000037a   0x00000006   Code   RO         2236    .ARM.Collect$$_printf_percent$$00000002  C:\Keil_v5\ARM\ARMCC\Bin\..\lib\armlib\c_w.l(_printf_p.o)
    0x00000380   0x00000380   0x00000006   Code   RO         1933    .ARM.Collect$$_printf_percent$$00000003  C:\Keil_v5\ARM\ARMCC\Bin\..\lib\armlib\c_w.l(_printf_f.o)
    0x00000386   0x00000386   0x00000006   Code   RO         2241    .ARM.Collect$$_printf_percent$$00000004  C:\Keil_v5\ARM\ARMCC\Bin\..\lib\armlib\c_w.l(_printf_e.o)
    0x0000038c   0x0000038c   0x00000006   Code   RO         2242    .ARM.Collect$$_printf_percent$$00000005  C:\Keil_v5\ARM\ARMCC\Bin\..\lib\armlib\c_w.l(_printf_g.o)
    0x00000392   0x00000392   0x00000006   Code   RO         2243    .ARM.Collect$$_printf_percent$$00000006  C:\Keil_v5\ARM\ARMCC\Bin\..\lib\armlib\c_w.l(_printf_a.o)
    0x00000398   0x00000398   0x0000000a   Code   RO         2248    .ARM.Collect$$_printf_percent$$00000007  C:\Keil_v5\ARM\ARMCC\Bin\..\lib\armlib\c_w.l(_printf_ll.o)
    0x000003a2   0x000003a2   0x00000006   Code   RO         2238    .ARM.Collect$$_printf_percent$$00000008  C:\Keil_v5\ARM\ARMCC\Bin\..\lib\armlib\c_w.l(_printf_i.o)
    0x000003a8   0x000003a8   0x00000006   Code   RO         2239    .ARM.Collect$$_printf_percent$$00000009  C:\Keil_v5\ARM\ARMCC\Bin\..\lib\armlib\c_w.l(_printf_d.o)
    0x000003ae   0x000003ae   0x00000006   Code   RO         2240    .ARM.Collect$$_printf_percent$$0000000A  C:\Keil_v5\ARM\ARMCC\Bin\..\lib\armlib\c_w.l(_printf_u.o)
    0x000003b4   0x000003b4   0x00000006   Code   RO         2237    .ARM.Collect$$_printf_percent$$0000000B  C:\Keil_v5\ARM\ARMCC\Bin\..\lib\armlib\c_w.l(_printf_o.o)
    0x000003ba   0x000003ba   0x00000006   Code   RO         2235    .ARM.Collect$$_printf_percent$$0000000C  C:\Keil_v5\ARM\ARMCC\Bin\..\lib\armlib\c_w.l(_printf_x.o)
    0x000003c0   0x000003c0   0x00000006   Code   RO         2245    .ARM.Collect$$_printf_percent$$0000000D  C:\Keil_v5\ARM\ARMCC\Bin\..\lib\armlib\c_w.l(_printf_lli.o)
    0x000003c6   0x000003c6   0x00000006   Code   RO         2246    .ARM.Collect$$_printf_percent$$0000000E  C:\Keil_v5\ARM\ARMCC\Bin\..\lib\armlib\c_w.l(_printf_lld.o)
    0x000003cc   0x000003cc   0x00000006   Code   RO         2247    .ARM.Collect$$_printf_percent$$0000000F  C:\Keil_v5\ARM\ARMCC\Bin\..\lib\armlib\c_w.l(_printf_llu.o)
    0x000003d2   0x000003d2   0x00000006   Code   RO         2252    .ARM.Collect$$_printf_percent$$00000010  C:\Keil_v5\ARM\ARMCC\Bin\..\lib\armlib\c_w.l(_printf_llo.o)
    0x000003d8   0x000003d8   0x00000006   Code   RO         2253    .ARM.Collect$$_printf_percent$$00000011  C:\Keil_v5\ARM\ARMCC\Bin\..\lib\armlib\c_w.l(_printf_llx.o)
    0x000003de   0x000003de   0x0000000a   Code   RO         2249    .ARM.Collect$$_printf_percent$$00000012  C:\Keil_v5\ARM\ARMCC\Bin\..\lib\armlib\c_w.l(_printf_l.o)
    0x000003e8   0x000003e8   0x00000006   Code   RO         2232    .ARM.Collect$$_printf_percent$$00000013  C:\Keil_v5\ARM\ARMCC\Bin\..\lib\armlib\c_w.l(_printf_c.o)
    0x000003ee   0x000003ee   0x00000006   Code   RO         2233    .ARM.Collect$$_printf_percent$$00000014  C:\Keil_v5\ARM\ARMCC\Bin\..\lib\armlib\c_w.l(_printf_s.o)
    0x000003f4   0x000003f4   0x00000006   Code   RO         2250    .ARM.Collect$$_printf_percent$$00000015  C:\Keil_v5\ARM\ARMCC\Bin\..\lib\armlib\c_w.l(_printf_lc.o)
    0x000003fa   0x000003fa   0x00000006   Code   RO         2251    .ARM.Collect$$_printf_percent$$00000016  C:\Keil_v5\ARM\ARMCC\Bin\..\lib\armlib\c_w.l(_printf_ls.o)
    0x00000400   0x00000400   0x00000004   Code   RO         2244    .ARM.Collect$$_printf_percent$$00000017  C:\Keil_v5\ARM\ARMCC\Bin\..\lib\armlib\c_w.l(_printf_percent_end.o)
    0x00000404   0x00000404   0x00000002   Code   RO         2583    .ARM.Collect$$libinit$$00000000  C:\Keil_v5\ARM\ARMCC\Bin\..\lib\armlib\c_w.l(libinit.o)
    0x00000406   0x00000406   0x00000000   Code   RO         2284    .ARM.Collect$$libinit$$00000002  C:\Keil_v5\ARM\ARMCC\Bin\..\lib\armlib\c_w.l(libinit2.o)
    0x00000406   0x00000406   0x00000000   Code   RO         2286    .ARM.Collect$$libinit$$00000004  C:\Keil_v5\ARM\ARMCC\Bin\..\lib\armlib\c_w.l(libinit2.o)
    0x00000406   0x00000406   0x00000008   Code   RO         2287    .ARM.Collect$$libinit$$00000005  C:\Keil_v5\ARM\ARMCC\Bin\..\lib\armlib\c_w.l(libinit2.o)
    0x0000040e   0x0000040e   0x00000000   Code   RO         2289    .ARM.Collect$$libinit$$0000000A  C:\Keil_v5\ARM\ARMCC\Bin\..\lib\armlib\c_w.l(libinit2.o)
    0x0000040e   0x0000040e   0x00000000   Code   RO         2291    .ARM.Collect$$libinit$$0000000C  C:\Keil_v5\ARM\ARMCC\Bin\..\lib\armlib\c_w.l(libinit2.o)
    0x0000040e   0x0000040e   0x00000000   Code   RO         2293    .ARM.Collect$$libinit$$0000000E  C:\Keil_v5\ARM\ARMCC\Bin\..\lib\armlib\c_w.l(libinit2.o)
    0x0000040e   0x0000040e   0x00000006   Code   RO         2294    .ARM.Collect$$libinit$$0000000F  C:\Keil_v5\ARM\ARMCC\Bin\..\lib\armlib\c_w.l(libinit2.o)
    0x00000414   0x00000414   0x00000000   Code   RO         2296    .ARM.Collect$$libinit$$00000011  C:\Keil_v5\ARM\ARMCC\Bin\..\lib\armlib\c_w.l(libinit2.o)
    0x00000414   0x00000414   0x0000000c   Code   RO         2297    .ARM.Collect$$libinit$$00000012  C:\Keil_v5\ARM\ARMCC\Bin\..\lib\armlib\c_w.l(libinit2.o)
    0x00000420   0x00000420   0x00000000   Code   RO         2298    .ARM.Collect$$libinit$$00000013  C:\Keil_v5\ARM\ARMCC\Bin\..\lib\armlib\c_w.l(libinit2.o)
    0x00000420   0x00000420   0x00000000   Code   RO         2300    .ARM.Collect$$libinit$$00000015  C:\Keil_v5\ARM\ARMCC\Bin\..\lib\armlib\c_w.l(libinit2.o)
    0x00000420   0x00000420   0x0000000a   Code   RO         2301    .ARM.Collect$$libinit$$00000016  C:\Keil_v5\ARM\ARMCC\Bin\..\lib\armlib\c_w.l(libinit2.o)
    0x0000042a   0x0000042a   0x00000000   Code   RO         2302    .ARM.Collect$$libinit$$00000017  C:\Keil_v5\ARM\ARMCC\Bin\..\lib\armlib\c_w.l(libinit2.o)
    0x0000042a   0x0000042a   0x00000000   Code   RO         2304    .ARM.Collect$$libinit$$00000019  C:\Keil_v5\ARM\ARMCC\Bin\..\lib\armlib\c_w.l(libinit2.o)
    0x0000042a   0x0000042a   0x00000000   Code   RO         2306    .ARM.Collect$$libinit$$0000001B  C:\Keil_v5\ARM\ARMCC\Bin\..\lib\armlib\c_w.l(libinit2.o)
    0x0000042a   0x0000042a   0x00000000   Code   RO         2308    .ARM.Collect$$libinit$$0000001D  C:\Keil_v5\ARM\ARMCC\Bin\..\lib\armlib\c_w.l(libinit2.o)
    0x0000042a   0x0000042a   0x00000000   Code   RO         2310    .ARM.Collect$$libinit$$0000001F  C:\Keil_v5\ARM\ARMCC\Bin\..\lib\armlib\c_w.l(libinit2.o)
    0x0000042a   0x0000042a   0x00000000   Code   RO         2312    .ARM.Collect$$libinit$$00000021  C:\Keil_v5\ARM\ARMCC\Bin\..\lib\armlib\c_w.l(libinit2.o)
    0x0000042a   0x0000042a   0x00000000   Code   RO         2314    .ARM.Collect$$libinit$$00000023  C:\Keil_v5\ARM\ARMCC\Bin\..\lib\armlib\c_w.l(libinit2.o)
    0x0000042a   0x0000042a   0x00000004   Code   RO         2315    .ARM.Collect$$libinit$$00000024  C:\Keil_v5\ARM\ARMCC\Bin\..\lib\armlib\c_w.l(libinit2.o)
    0x0000042e   0x0000042e   0x00000000   Code   RO         2316    .ARM.Collect$$libinit$$00000025  C:\Keil_v5\ARM\ARMCC\Bin\..\lib\armlib\c_w.l(libinit2.o)
    0x0000042e   0x0000042e   0x00000000   Code   RO         2320    .ARM.Collect$$libinit$$0000002C  C:\Keil_v5\ARM\ARMCC\Bin\..\lib\armlib\c_w.l(libinit2.o)
    0x0000042e   0x0000042e   0x00000000   Code   RO         2322    .ARM.Collect$$libinit$$0000002E  C:\Keil_v5\ARM\ARMCC\Bin\..\lib\armlib\c_w.l(libinit2.o)
    0x0000042e   0x0000042e   0x00000000   Code   RO         2324    .ARM.Collect$$libinit$$00000030  C:\Keil_v5\ARM\ARMCC\Bin\..\lib\armlib\c_w.l(libinit2.o)
    0x0000042e   0x0000042e   0x00000000   Code   RO         2326    .ARM.Collect$$libinit$$00000032  C:\Keil_v5\ARM\ARMCC\Bin\..\lib\armlib\c_w.l(libinit2.o)
    0x0000042e   0x0000042e   0x00000002   Code   RO         2327    .ARM.Collect$$libinit$$00000033  C:\Keil_v5\ARM\ARMCC\Bin\..\lib\armlib\c_w.l(libinit2.o)
    0x00000430   0x00000430   0x00000000   Code   RO         2513    .ARM.Collect$$libshutdown$$00000004  C:\Keil_v5\ARM\ARMCC\Bin\..\lib\armlib\c_w.l(libshutdown2.o)
    0x00000430   0x00000430   0x00000000   Code   RO         2148    .ARM.Collect$$rtentry$$00000000  C:\Keil_v5\ARM\ARMCC\Bin\..\lib\armlib\c_w.l(__rtentry.o)
    0x00000430   0x00000430   0x00000000   Code   RO         2395    .ARM.Collect$$rtentry$$00000002  C:\Keil_v5\ARM\ARMCC\Bin\..\lib\armlib\c_w.l(__rtentry2.o)
    0x00000430   0x00000430   0x00000006   Code   RO         2407    .ARM.Collect$$rtentry$$00000004  C:\Keil_v5\ARM\ARMCC\Bin\..\lib\armlib\c_w.l(__rtentry4.o)
    0x00000436   0x00000436   0x00000008   Code   RO         2396    .ARM.Collect$$rtentry$$00000008  C:\Keil_v5\ARM\ARMCC\Bin\..\lib\armlib\c_w.l(__rtentry2.o)
    0x0000043e   0x0000043e   0x00000004   Code   RO         2398    .ARM.Collect$$rtentry$$0000000A  C:\Keil_v5\ARM\ARMCC\Bin\..\lib\armlib\c_w.l(__rtentry2.o)
    0x00000442   0x00000442   0x00000000   Code   RO         2400    .ARM.Collect$$rtentry$$0000000C  C:\Keil_v5\ARM\ARMCC\Bin\..\lib\armlib\c_w.l(__rtentry2.o)
    0x00000442   0x00000442   0x00000008   Code   RO         2401    .ARM.Collect$$rtentry$$0000000D  C:\Keil_v5\ARM\ARMCC\Bin\..\lib\armlib\c_w.l(__rtentry2.o)
    0x0000044a   0x0000044a   0x00000002   PAD
    0x0000044c   0x0000044c   0x00000000   Code   RO         2418    .emb_text           C:\Keil_v5\ARM\ARMCC\Bin\..\lib\armlib\c_w.l(maybetermalloc1.o)
    0x0000044c   0x0000044c   0x00000024   Code   RO          551    .text               mbed/TARGET_LPC1768/TOOLCHAIN_ARM_STD/startup_LPC17xx.o
    0x00000470   0x00000470   0x00000008   Code   RO         1836    .text               C:\Keil_v5\ARM\ARMCC\Bin\..\lib\armlib\c_w.l(rt_errno_addr.o)
    0x00000478   0x00000478   0x0000005e   Code   RO         1845    .text               C:\Keil_v5\ARM\ARMCC\Bin\..\lib\armlib\c_w.l(h1_alloc.o)
    0x000004d6   0x000004d6   0x0000004e   Code   RO         1847    .text               C:\Keil_v5\ARM\ARMCC\Bin\..\lib\armlib\c_w.l(h1_free.o)
    0x00000524   0x00000524   0x00000034   Code   RO         1905    .text               C:\Keil_v5\ARM\ARMCC\Bin\..\lib\armlib\c_w.l(vsnprintf.o)
    0x00000558   0x00000558   0x00000018   Code   RO         1907    .text               C:\Keil_v5\ARM\ARMCC\Bin\..\lib\armlib\c_w.l(__2printf.o)
    0x00000570   0x00000570   0x00000188   Code   RO         1930    .text               C:\Keil_v5\ARM\ARMCC\Bin\..\lib\armlib\c_w.l(__printf_flags_ss_wp.o)
    0x000006f8   0x000006f8   0x00000064   Code   RO         1939    .text               C:\Keil_v5\ARM\ARMCC\Bin\..\lib\armlib\c_w.l(fflush.o)
    0x0000075c   0x0000075c   0x000000ec   Code   RO         1947    .text               C:\Keil_v5\ARM\ARMCC\Bin\..\lib\armlib\c_w.l(fopen.o)
    0x00000848   0x00000848   0x0000003e   Code   RO         1963    .text               C:\Keil_v5\ARM\ARMCC\Bin\..\lib\armlib\c_w.l(strlen.o)
    0x00000886   0x00000886   0x00000096   Code   RO         1965    .text               C:\Keil_v5\ARM\ARMCC\Bin\..\lib\armlib\c_w.l(strncmp.o)
    0x0000091c   0x0000091c   0x00000064   Code   RO         1969    .text               C:\Keil_v5\ARM\ARMCC\Bin\..\lib\armlib\c_w.l(rt_memcpy_w.o)
    0x00000980   0x00000980   0x0000004e   Code   RO         1973    .text               C:\Keil_v5\ARM\ARMCC\Bin\..\lib\armlib\c_w.l(rt_memclr_w.o)
    0x000009ce   0x000009ce   0x00000002   PAD
    0x000009d0   0x000009d0   0x00000080   Code   RO         1975    .text               C:\Keil_v5\ARM\ARMCC\Bin\..\lib\armlib\c_w.l(strcmpv7m.o)
    0x00000a50   0x00000a50   0x00000008   Code   RO         2153    .text               C:\Keil_v5\ARM\ARMCC\Bin\..\lib\armlib\c_w.l(rt_heap_descriptor.o)
    0x00000a58   0x00000a58   0x00000004   Code   RO         2158    .text               C:\Keil_v5\ARM\ARMCC\Bin\..\lib\armlib\c_w.l(hguard.o)
    0x00000a5c   0x00000a5c   0x0000008a   Code   RO         2160    .text               C:\Keil_v5\ARM\ARMCC\Bin\..\lib\armlib\c_w.l(init_alloc.o)
    0x00000ae6   0x00000ae6   0x0000000e   Code   RO         2164    .text               C:\Keil_v5\ARM\ARMCC\Bin\..\lib\armlib\c_w.l(h1_init.o)
    0x00000af4   0x00000af4   0x00000016   Code   RO         2178    .text               C:\Keil_v5\ARM\ARMCC\Bin\..\lib\armlib\c_w.l(_rserrno.o)
    0x00000b0a   0x00000b0a   0x0000004e   Code   RO         2180    .text               C:\Keil_v5\ARM\ARMCC\Bin\..\lib\armlib\c_w.l(_printf_pad.o)
    0x00000b58   0x00000b58   0x00000024   Code   RO         2182    .text               C:\Keil_v5\ARM\ARMCC\Bin\..\lib\armlib\c_w.l(_printf_truncate.o)
    0x00000b7c   0x00000b7c   0x00000052   Code   RO         2184    .text               C:\Keil_v5\ARM\ARMCC\Bin\..\lib\armlib\c_w.l(_printf_str.o)
    0x00000bce   0x00000bce   0x00000002   PAD
    0x00000bd0   0x00000bd0   0x00000078   Code   RO         2186    .text               C:\Keil_v5\ARM\ARMCC\Bin\..\lib\armlib\c_w.l(_printf_dec.o)
    0x00000c48   0x00000c48   0x00000028   Code   RO         2188    .text               C:\Keil_v5\ARM\ARMCC\Bin\..\lib\armlib\c_w.l(_printf_charcount.o)
    0x00000c70   0x00000c70   0x0000041e   Code   RO         2190    .text               C:\Keil_v5\ARM\ARMCC\Bin\..\lib\armlib\c_w.l(_printf_fp_dec.o)
    0x0000108e   0x0000108e   0x00000002   PAD
    0x00001090   0x00001090   0x00000030   Code   RO         2192    .text               C:\Keil_v5\ARM\ARMCC\Bin\..\lib\armlib\c_w.l(_printf_char_common.o)
    0x000010c0   0x000010c0   0x0000000a   Code   RO         2194    .text               C:\Keil_v5\ARM\ARMCC\Bin\..\lib\armlib\c_w.l(_sputc.o)
    0x000010ca   0x000010ca   0x00000010   Code   RO         2196    .text               C:\Keil_v5\ARM\ARMCC\Bin\..\lib\armlib\c_w.l(_snputc.o)
    0x000010da   0x000010da   0x00000002   PAD
    0x000010dc   0x000010dc   0x00000024   Code   RO         2198    .text               C:\Keil_v5\ARM\ARMCC\Bin\..\lib\armlib\c_w.l(_printf_char_file.o)
    0x00001100   0x00001100   0x000000bc   Code   RO         2200    .text               C:\Keil_v5\ARM\ARMCC\Bin\..\lib\armlib\c_w.l(_printf_wctomb.o)
    0x000011bc   0x000011bc   0x0000007c   Code   RO         2203    .text               C:\Keil_v5\ARM\ARMCC\Bin\..\lib\armlib\c_w.l(_printf_longlong_dec.o)
    0x00001238   0x00001238   0x00000070   Code   RO         2209    .text               C:\Keil_v5\ARM\ARMCC\Bin\..\lib\armlib\c_w.l(_printf_oct_int_ll.o)
    0x000012a8   0x000012a8   0x00000094   Code   RO         2229    .text               C:\Keil_v5\ARM\ARMCC\Bin\..\lib\armlib\c_w.l(_printf_hex_int_ll_ptr.o)
    0x0000133c   0x0000133c   0x00000008   Code   RO         2260    .text               C:\Keil_v5\ARM\ARMCC\Bin\..\lib\armlib\c_w.l(ferror.o)
    0x00001344   0x00001344   0x000000f8   Code   RO         2264    .text               C:\Keil_v5\ARM\ARMCC\Bin\..\lib\armlib\c_w.l(fseek.o)
    0x0000143c   0x0000143c   0x00000046   Code   RO         2266    .text               C:\Keil_v5\ARM\ARMCC\Bin\..\lib\armlib\c_w.l(setvbuf.o)
    0x00001482   0x00001482   0x00000002   PAD
    0x00001484   0x00001484   0x000000f0   Code   RO         2268    .text               C:\Keil_v5\ARM\ARMCC\Bin\..\lib\armlib\c_w.l(stdio.o)
    0x00001574   0x00001574   0x00000138   Code   RO         2271    .text               C:\Keil_v5\ARM\ARMCC\Bin\..\lib\armlib\c_w.l(initio.o)
    0x000016ac   0x000016ac   0x0000004c   Code   RO         2273    .text               C:\Keil_v5\ARM\ARMCC\Bin\..\lib\armlib\c_w.l(fclose.o)
    0x000016f8   0x000016f8   0x00000008   Code   RO         2411    .text               C:\Keil_v5\ARM\ARMCC\Bin\..\lib\armlib\c_w.l(rt_locale.o)
    0x00001700   0x00001700   0x00000034   Code   RO         2420    .text               C:\Keil_v5\ARM\ARMCC\Bin\..\lib\armlib\c_w.l(h1_extend.o)
    0x00001734   0x00001734   0x0000008a   Code   RO         2424    .text               C:\Keil_v5\ARM\ARMCC\Bin\..\lib\armlib\c_w.l(lludiv10.o)
    0x000017be   0x000017be   0x000000b2   Code   RO         2428    .text               C:\Keil_v5\ARM\ARMCC\Bin\..\lib\armlib\c_w.l(_printf_intcommon.o)
    0x00001870   0x00001870   0x000002fc   Code   RO         2430    .text               C:\Keil_v5\ARM\ARMCC\Bin\..\lib\armlib\c_w.l(_printf_fp_hex.o)
    0x00001b6c   0x00001b6c   0x00000080   Code   RO         2433    .text               C:\Keil_v5\ARM\ARMCC\Bin\..\lib\armlib\c_w.l(_printf_fp_infnan.o)
    0x00001bec   0x00001bec   0x0000002c   Code   RO         2437    .text               C:\Keil_v5\ARM\ARMCC\Bin\..\lib\armlib\c_w.l(_printf_char.o)
    0x00001c18   0x00001c18   0x0000002c   Code   RO         2439    .text               C:\Keil_v5\ARM\ARMCC\Bin\..\lib\armlib\c_w.l(_printf_wchar.o)
    0x00001c44   0x00001c44   0x000000e4   Code   RO         2443    .text               C:\Keil_v5\ARM\ARMCC\Bin\..\lib\armlib\c_w.l(bigflt0.o)
    0x00001d28   0x00001d28   0x00000042   Code   RO         2472    .text               C:\Keil_v5\ARM\ARMCC\Bin\..\lib\armlib\c_w.l(ftell.o)
    0x00001d6a   0x00001d6a   0x00000040   Code   RO         2490    .text               C:\Keil_v5\ARM\ARMCC\Bin\..\lib\armlib\c_w.l(_wcrtomb.o)
    0x00001daa   0x00001daa   0x0000000e   Code   RO         2495    .text               C:\Keil_v5\ARM\ARMCC\Bin\..\lib\armlib\c_w.l(defsig_rtred_outer.o)
    0x00001db8   0x00001db8   0x0000000e   Code   RO         2499    .text               C:\Keil_v5\ARM\ARMCC\Bin\..\lib\armlib\c_w.l(defsig_rtmem_outer.o)
    0x00001dc6   0x00001dc6   0x00000002   PAD
    0x00001dc8   0x00001dc8   0x00000050   Code   RO         2503    .text               C:\Keil_v5\ARM\ARMCC\Bin\..\lib\armlib\c_w.l(heapauxa.o)
    0x00001e18   0x00001e18   0x00000010   Code   RO         2551    .text               C:\Keil_v5\ARM\ARMCC\Bin\..\lib\armlib\c_w.l(rt_ctype_table.o)
    0x00001e28   0x00001e28   0x000001d6   Code   RO         2562    .text               C:\Keil_v5\ARM\ARMCC\Bin\..\lib\armlib\c_w.l(flsbuf.o)
    0x00001ffe   0x00001ffe   0x0000000a   Code   RO         2566    .text               C:\Keil_v5\ARM\ARMCC\Bin\..\lib\armlib\c_w.l(defsig_exit.o)
    0x00002008   0x00002008   0x00000034   Code   RO         2572    .text               C:\Keil_v5\ARM\ARMCC\Bin\..\lib\armlib\c_w.l(defsig_rtred_inner.o)
    0x0000203c   0x0000203c   0x00000050   Code   RO         2574    .text               C:\Keil_v5\ARM\ARMCC\Bin\..\lib\armlib\c_w.l(defsig_rtmem_inner.o)
    0x0000208c   0x0000208c   0x0000000c   Code   RO         2593    .text               C:\Keil_v5\ARM\ARMCC\Bin\..\lib\armlib\c_w.l(sys_exit.o)
    0x00002098   0x00002098   0x00000032   Code   RO         2610    .text               C:\Keil_v5\ARM\ARMCC\Bin\..\lib\armlib\c_w.l(defsig_general.o)
    0x000020ca   0x000020ca   0x0000000e   Code   RO         2622    .text               C:\Keil_v5\ARM\ARMCC\Bin\..\lib\armlib\c_w.l(sys_wrch.o)
    0x000020d8   0x000020d8   0x00000002   Code   RO         2624    .text               C:\Keil_v5\ARM\ARMCC\Bin\..\lib\armlib\c_w.l(use_no_semi.o)
    0x000020da   0x000020da   0x00000000   Code   RO         2626    .text               C:\Keil_v5\ARM\ARMCC\Bin\..\lib\armlib\c_w.l(indicate_semi.o)
    0x000020da   0x000020da   0x0000003e   Code   RO         2446    CL$$btod_d2e        C:\Keil_v5\ARM\ARMCC\Bin\..\lib\armlib\c_w.l(btod.o)
    0x00002118   0x00002118   0x00000046   Code   RO         2448    CL$$btod_d2e_denorm_low  C:\Keil_v5\ARM\ARMCC\Bin\..\lib\armlib\c_w.l(btod.o)
    0x0000215e   0x0000215e   0x00000060   Code   RO         2447    CL$$btod_d2e_norm_op1  C:\Keil_v5\ARM\ARMCC\Bin\..\lib\armlib\c_w.l(btod.o)
    0x000021be   0x000021be   0x00000338   Code   RO         2456    CL$$btod_div_common  C:\Keil_v5\ARM\ARMCC\Bin\..\lib\armlib\c_w.l(btod.o)
    0x000024f6   0x000024f6   0x000000dc   Code   RO         2453    CL$$btod_e2e        C:\Keil_v5\ARM\ARMCC\Bin\..\lib\armlib\c_w.l(btod.o)
    0x000025d2   0x000025d2   0x0000002a   Code   RO         2450    CL$$btod_ediv       C:\Keil_v5\ARM\ARMCC\Bin\..\lib\armlib\c_w.l(btod.o)
    0x000025fc   0x000025fc   0x0000002a   Code   RO         2449    CL$$btod_emul       C:\Keil_v5\ARM\ARMCC\Bin\..\lib\armlib\c_w.l(btod.o)
    0x00002626   0x00002626   0x00000244   Code   RO         2455    CL$$btod_mult_common  C:\Keil_v5\ARM\ARMCC\Bin\..\lib\armlib\c_w.l(btod.o)
    0x0000286a   0x0000286a   0x0000000e   Code   RO          371    i.$Sub$$main        mbed/TARGET_LPC1768/TOOLCHAIN_ARM_STD/mbed_sdk_boot.o
    0x00002878   0x00002878   0x000000a0   Code   RO          557    i.SystemInit        mbed/TARGET_LPC1768/TOOLCHAIN_ARM_STD/system_LPC17xx.o
    0x00002918   0x00002918   0x0000011e   Code   RO          586    i._Z13_testSevenSeg8SevenSeg  .\build\main.o
    0x00002a36   0x00002a36   0x0000001c   Code   RO          587    i._Z15testSevenSegSpiv  .\build\main.o
    0x00002a52   0x00002a52   0x0000001c   Code   RO          588    i._Z16testSevenSegUartv  .\build\main.o
    0x00002a6e   0x00002a6e   0x00000002   PAD
    0x00002a70   0x00002a70   0x000000a4   Code   RO          589    i._Z9testAccelv     .\build\main.o
    0x00002b14   0x00002b14   0x00000088   Code   RO         1150    i._ZN4mbed10DigitalOut5writeEi  .\build\sevenseg.o
    0x00002b9c   0x00002b9c   0x00000012   Code   RO         1144    i._ZN4mbed10DigitalOutaSEi  .\build\sevenseg.o
    0x00002bae   0x00002bae   0x00000002   PAD
    0x00002bb0   0x00002bb0   0x0000002c   Code   RO         1447    i._ZN4mbed3I2C4lockEv  mbed/TARGET_LPC1768/TOOLCHAIN_ARM_STD/mbed.ar(I2C.o)
    0x00002bdc   0x00002bdc   0x0000006c   Code   RO         1449    i._ZN4mbed3I2C4readEiPcib  mbed/TARGET_LPC1768/TOOLCHAIN_ARM_STD/mbed.ar(I2C.o)
    0x00002c48   0x00002c48   0x0000006c   Code   RO         1453    i._ZN4mbed3I2C5writeEiPKcib  mbed/TARGET_LPC1768/TOOLCHAIN_ARM_STD/mbed.ar(I2C.o)
    0x00002cb4   0x00002cb4   0x0000002c   Code   RO         1455    i._ZN4mbed3I2C6unlockEv  mbed/TARGET_LPC1768/TOOLCHAIN_ARM_STD/mbed.ar(I2C.o)
    0x00002ce0   0x00002ce0   0x0000002c   Code   RO         1457    i._ZN4mbed3I2CC1E7PinNameS1_  mbed/TARGET_LPC1768/TOOLCHAIN_ARM_STD/mbed.ar(I2C.o)
    0x00002d0c   0x00002d0c   0x0000002c   Code   RO         1508    i._ZN4mbed3SPI4lockEv  mbed/TARGET_LPC1768/TOOLCHAIN_ARM_STD/mbed.ar(SPI.o)
    0x00002d38   0x00002d38   0x00000048   Code   RO         1510    i._ZN4mbed3SPI5writeEi  mbed/TARGET_LPC1768/TOOLCHAIN_ARM_STD/mbed.ar(SPI.o)
    0x00002d80   0x00002d80   0x0000004c   Code   RO         1512    i._ZN4mbed3SPI6formatEii  mbed/TARGET_LPC1768/TOOLCHAIN_ARM_STD/mbed.ar(SPI.o)
    0x00002dcc   0x00002dcc   0x0000002c   Code   RO         1513    i._ZN4mbed3SPI6unlockEv  mbed/TARGET_LPC1768/TOOLCHAIN_ARM_STD/mbed.ar(SPI.o)
    0x00002df8   0x00002df8   0x00000048   Code   RO         1515    i._ZN4mbed3SPI9frequencyEi  mbed/TARGET_LPC1768/TOOLCHAIN_ARM_STD/mbed.ar(SPI.o)
    0x00002e40   0x00002e40   0x00000058   Code   RO         1516    i._ZN4mbed3SPIC1E7PinNameS1_S1_S1_  mbed/TARGET_LPC1768/TOOLCHAIN_ARM_STD/mbed.ar(SPI.o)
    0x00002e98   0x00002e98   0x00000004   Code   RO         1800    i._ZN4mbed8FileBase11getPathTypeEv  mbed/TARGET_LPC1768/TOOLCHAIN_ARM_STD/mbed.ar(FileBase.o)
    0x00002e9c   0x00002e9c   0x0000006c   Code   RO         1802    i._ZN4mbed8FileBase6lookupEPKcj  mbed/TARGET_LPC1768/TOOLCHAIN_ARM_STD/mbed.ar(FileBase.o)
    0x00002f08   0x00002f08   0x0000001e   Code   RO         1636    i._ZN4mbed8FilePath10fileSystemEv  mbed/TARGET_LPC1768/TOOLCHAIN_ARM_STD/mbed.ar(FilePath.o)
    0x00002f26   0x00002f26   0x0000001c   Code   RO         1638    i._ZN4mbed8FilePath4fileEv  mbed/TARGET_LPC1768/TOOLCHAIN_ARM_STD/mbed.ar(FilePath.o)
    0x00002f42   0x00002f42   0x0000000a   Code   RO         1639    i._ZN4mbed8FilePath6existsEv  mbed/TARGET_LPC1768/TOOLCHAIN_ARM_STD/mbed.ar(FilePath.o)
    0x00002f4c   0x00002f4c   0x00000018   Code   RO         1640    i._ZN4mbed8FilePath6isFileEv  mbed/TARGET_LPC1768/TOOLCHAIN_ARM_STD/mbed.ar(FilePath.o)
    0x00002f64   0x00002f64   0x00000004   Code   RO         1641    i._ZN4mbed8FilePath8fileNameEv  mbed/TARGET_LPC1768/TOOLCHAIN_ARM_STD/mbed.ar(FilePath.o)
    0x00002f68   0x00002f68   0x00000040   Code   RO         1642    i._ZN4mbed8FilePathC1EPKc  mbed/TARGET_LPC1768/TOOLCHAIN_ARM_STD/mbed.ar(FilePath.o)
    0x00002fa8   0x00002fa8   0x00000032   Code   RO         1210    i._ZN5Accel15_readBufferFromE11AccRegisterPcc  .\build\accel.o
    0x00002fda   0x00002fda   0x00000006   Code   RO         1211    i._ZN5Accel1aEv     .\build\accel.o
    0x00002fe0   0x00002fe0   0x00000006   Code   RO         1212    i._ZN5Accel1xEv     .\build\accel.o
    0x00002fe6   0x00002fe6   0x00000006   Code   RO         1213    i._ZN5Accel1yEv     .\build\accel.o
    0x00002fec   0x00002fec   0x00000006   Code   RO         1214    i._ZN5Accel1zEv     .\build\accel.o
    0x00002ff2   0x00002ff2   0x00000002   PAD
    0x00002ff4   0x00002ff4   0x00000158   Code   RO         1215    i._ZN5Accel6updateEv  .\build\accel.o
    0x0000314c   0x0000314c   0x0000001c   Code   RO         1216    i._ZN5Accel7_activeEv  .\build\accel.o
    0x00003168   0x00003168   0x00000022   Code   RO         1217    i._ZN5Accel7_setOdrE6AccOdr  .\build\accel.o
    0x0000318a   0x0000318a   0x00000002   PAD
    0x0000318c   0x0000318c   0x00000050   Code   RO         1218    i._ZN5Accel8_initI2CEv  .\build\accel.o
    0x000031dc   0x000031dc   0x00000038   Code   RO         1219    i._ZN5Accel8_rad2degEf  .\build\accel.o
    0x00003214   0x00003214   0x00000022   Code   RO         1220    i._ZN5Accel8_set8BitEv  .\build\accel.o
    0x00003236   0x00003236   0x00000022   Code   RO         1221    i._ZN5Accel8_setModeEv  .\build\accel.o
    0x00003258   0x00003258   0x0000001c   Code   RO         1222    i._ZN5Accel8_standbyEv  .\build\accel.o
    0x00003274   0x00003274   0x00000022   Code   RO         1223    i._ZN5Accel8_writeToE11AccRegisterc  .\build\accel.o
    0x00003296   0x00003296   0x0000001c   Code   RO         1224    i._ZN5Accel9_readFromE11AccRegister  .\build\accel.o
    0x000032b2   0x000032b2   0x00000022   Code   RO         1225    i._ZN5Accel9_setScaleE8AccScale  .\build\accel.o
    0x000032d4   0x000032d4   0x00000014   Code   RO         1226    i._ZN5AccelC1Ei     .\build\accel.o
    0x000032e8   0x000032e8   0x0000000e   Code   RO         1039    i._ZN8SevenSeg10_clearUartEv  .\build\sevenseg.o
    0x000032f6   0x000032f6   0x00000022   Code   RO         1040    i._ZN8SevenSeg10_writeUartEci  .\build\sevenseg.o
    0x00003318   0x00003318   0x00000020   Code   RO         1041    i._ZN8SevenSeg15_byteArrayToIntEPii  .\build\sevenseg.o
    0x00003338   0x00003338   0x0000009a   Code   RO         1042    i._ZN8SevenSeg22_splitIntIn4DigitArrayEiPc  .\build\sevenseg.o
    0x000033d2   0x000033d2   0x00000024   Code   RO         1043    i._ZN8SevenSeg3dotEii  .\build\sevenseg.o
    0x000033f6   0x000033f6   0x00000018   Code   RO         1044    i._ZN8SevenSeg5clearEv  .\build\sevenseg.o
    0x0000340e   0x0000340e   0x00000024   Code   RO         1045    i._ZN8SevenSeg5writeEci  .\build\sevenseg.o
    0x00003432   0x00003432   0x0000002c   Code   RO         1046    i._ZN8SevenSeg5writeEi  .\build\sevenseg.o
    0x0000345e   0x0000345e   0x0000004c   Code   RO         1047    i._ZN8SevenSeg7_dotSpiEii  .\build\sevenseg.o
    0x000034aa   0x000034aa   0x00000030   Code   RO         1048    i._ZN8SevenSeg8_dotUartEii  .\build\sevenseg.o
    0x000034da   0x000034da   0x00000002   PAD
    0x000034dc   0x000034dc   0x0000005c   Code   RO         1049    i._ZN8SevenSeg8_initSpiEv  .\build\sevenseg.o
    0x00003538   0x00003538   0x00000026   Code   RO         1050    i._ZN8SevenSeg9_clearSpiEv  .\build\sevenseg.o
    0x0000355e   0x0000355e   0x0000001e   Code   RO         1051    i._ZN8SevenSeg9_initUartEv  .\build\sevenseg.o
    0x0000357c   0x0000357c   0x0000003e   Code   RO         1052    i._ZN8SevenSeg9_writeSpiEci  .\build\sevenseg.o
    0x000035ba   0x000035ba   0x00000002   PAD
    0x000035bc   0x000035bc   0x00000070   Code   RO         1053    i._ZN8SevenSegC1E7SegMode  .\build\sevenseg.o
    0x0000362c   0x0000362c   0x0000006c   Code   RO         1340    i._ZN9Uart3Ctrl10_initUart3Ev  .\build\uart3ctrl.o
    0x00003698   0x00003698   0x00000018   Code   RO         1341    i._ZN9Uart3Ctrl5writeEc  .\build\uart3ctrl.o
    0x000036b0   0x000036b0   0x0000000e   Code   RO         1342    i._ZN9Uart3CtrlC1Ev  .\build\uart3ctrl.o
    0x000036be   0x000036be   0x00000002   PAD
    0x000036c0   0x000036c0   0x00000034   Code   RO          231    i._Znwj             mbed/TARGET_LPC1768/TOOLCHAIN_ARM_STD/mbed_retarget.o
    0x000036f4   0x000036f4   0x00000028   Code   RO         2549    i.__ARM_fpclassify  C:\Keil_v5\ARM\ARMCC\Bin\..\lib\armlib\m_ws.l(fpclassify.o)
    0x0000371c   0x0000371c   0x00000026   Code   RO         2370    i.__ARM_fpclassifyf  C:\Keil_v5\ARM\ARMCC\Bin\..\lib\armlib\m_ws.l(fpclassifyf.o)
    0x00003742   0x00003742   0x00000006   Code   RO         2373    i.__mathlib_flt_infnan  C:\Keil_v5\ARM\ARMCC\Bin\..\lib\armlib\m_ws.l(funder.o)
    0x00003748   0x00003748   0x00000008   Code   RO         2375    i.__mathlib_flt_invalid  C:\Keil_v5\ARM\ARMCC\Bin\..\lib\armlib\m_ws.l(funder.o)
    0x00003750   0x00003750   0x0000000a   Code   RO         2378    i.__mathlib_flt_underflow  C:\Keil_v5\ARM\ARMCC\Bin\..\lib\armlib\m_ws.l(funder.o)
    0x0000375a   0x0000375a   0x00000008   Code   RO          236    i.__user_setup_stackheap  mbed/TARGET_LPC1768/TOOLCHAIN_ARM_STD/mbed_retarget.o
    0x00003762   0x00003762   0x0000000e   Code   RO         1923    i._is_digit         C:\Keil_v5\ARM\ARMCC\Bin\..\lib\armlib\c_w.l(__printf_wp.o)
    0x00003770   0x00003770   0x00000010   Code   RO          237    i._mbed_user_setup_stackheap  mbed/TARGET_LPC1768/TOOLCHAIN_ARM_STD/mbed_retarget.o
    0x00003780   0x00003780   0x0000001c   Code   RO          372    i._platform_post_stackheap_init  mbed/TARGET_LPC1768/TOOLCHAIN_ARM_STD/mbed_sdk_boot.o
    0x0000379c   0x0000379c   0x0000004c   Code   RO          238    i._sys_close        mbed/TARGET_LPC1768/TOOLCHAIN_ARM_STD/mbed_retarget.o
    0x000037e8   0x000037e8   0x0000004c   Code   RO          241    i._sys_flen         mbed/TARGET_LPC1768/TOOLCHAIN_ARM_STD/mbed_retarget.o
    0x00003834   0x00003834   0x00000040   Code   RO          242    i._sys_istty        mbed/TARGET_LPC1768/TOOLCHAIN_ARM_STD/mbed_retarget.o
    0x00003874   0x00003874   0x00000208   Code   RO          243    i._sys_open         mbed/TARGET_LPC1768/TOOLCHAIN_ARM_STD/mbed_retarget.o
    0x00003a7c   0x00003a7c   0x00000050   Code   RO          245    i._sys_seek         mbed/TARGET_LPC1768/TOOLCHAIN_ARM_STD/mbed_retarget.o
    0x00003acc   0x00003acc   0x00000080   Code   RO          246    i._sys_write        mbed/TARGET_LPC1768/TOOLCHAIN_ARM_STD/mbed_retarget.o
    0x00003b4c   0x00003b4c   0x00000124   Code   RO         2132    i.asinf             C:\Keil_v5\ARM\ARMCC\Bin\..\lib\armlib\m_ws.l(asinf.o)
    0x00003c70   0x00003c70   0x000000c8   Code   RO         1700    i.core_util_critical_section_enter  mbed/TARGET_LPC1768/TOOLCHAIN_ARM_STD/mbed.ar(mbed_critical.o)
    0x00003d38   0x00003d38   0x00000094   Code   RO         1701    i.core_util_critical_section_exit  mbed/TARGET_LPC1768/TOOLCHAIN_ARM_STD/mbed.ar(mbed_critical.o)
    0x00003dcc   0x00003dcc   0x00000028   Code   RO         1678    i.error             mbed/TARGET_LPC1768/TOOLCHAIN_ARM_STD/mbed.ar(mbed_error.o)
    0x00003df4   0x00003df4   0x0000002c   Code   RO          249    i.exit              mbed/TARGET_LPC1768/TOOLCHAIN_ARM_STD/mbed_retarget.o
    0x00003e20   0x00003e20   0x000000dc   Code   RO         2140    i.floor             C:\Keil_v5\ARM\ARMCC\Bin\..\lib\armlib\m_ws.l(floor.o)
    0x00003efc   0x00003efc   0x0000001a   Code   RO         2469    i.fputc             C:\Keil_v5\ARM\ARMCC\Bin\..\lib\armlib\c_w.l(fputc.o)
    0x00003f16   0x00003f16   0x00000002   PAD
    0x00003f18   0x00003f18   0x00000008   Code   RO         1597    i.get_us_ticker_data  mbed/TARGET_LPC1768/TOOLCHAIN_ARM_STD/mbed.ar(mbed_us_ticker_api.o)
    0x00003f20   0x00003f20   0x00000054   Code   RO          137    i.gpio_dir          mbed/TARGET_LPC1768/TOOLCHAIN_ARM_STD/gpio_api.o
    0x00003f74   0x00003f74   0x0000003a   Code   RO          138    i.gpio_init         mbed/TARGET_LPC1768/TOOLCHAIN_ARM_STD/gpio_api.o
    0x00003fae   0x00003fae   0x00000028   Code   RO         1562    i.gpio_init_in      mbed/TARGET_LPC1768/TOOLCHAIN_ARM_STD/mbed.ar(mbed_gpio.o)
    0x00003fd6   0x00003fd6   0x00000002   PAD
    0x00003fd8   0x00003fd8   0x00000048   Code   RO         1565    i.gpio_init_out     mbed/TARGET_LPC1768/TOOLCHAIN_ARM_STD/mbed.ar(mbed_gpio.o)
    0x00004020   0x00004020   0x00000068   Code   RO         1566    i.gpio_init_out_ex  mbed/TARGET_LPC1768/TOOLCHAIN_ARM_STD/mbed.ar(mbed_gpio.o)
    0x00004088   0x00004088   0x00000006   Code   RO          139    i.gpio_mode         mbed/TARGET_LPC1768/TOOLCHAIN_ARM_STD/gpio_api.o
    0x0000408e   0x0000408e   0x00000002   PAD
    0x00004090   0x00004090   0x0000001c   Code   RO          174    i.i2c_frequency     mbed/TARGET_LPC1768/TOOLCHAIN_ARM_STD/i2c_api.o
    0x000040ac   0x000040ac   0x000000d8   Code   RO          175    i.i2c_init          mbed/TARGET_LPC1768/TOOLCHAIN_ARM_STD/i2c_api.o
    0x00004184   0x00004184   0x00000178   Code   RO          176    i.i2c_read          mbed/TARGET_LPC1768/TOOLCHAIN_ARM_STD/i2c_api.o
    0x000042fc   0x000042fc   0x00000038   Code   RO          204    i.i2c_stop          mbed/TARGET_LPC1768/TOOLCHAIN_ARM_STD/i2c_api.o
    0x00004334   0x00004334   0x00000128   Code   RO          183    i.i2c_write         mbed/TARGET_LPC1768/TOOLCHAIN_ARM_STD/i2c_api.o
    0x0000445c   0x0000445c   0x000000bc   Code   RO          590    i.main              .\build\main.o
    0x00004518   0x00004518   0x00000054   Code   RO         1663    i.mbed_assert_internal  mbed/TARGET_LPC1768/TOOLCHAIN_ARM_STD/mbed.ar(mbed_assert.o)
    0x0000456c   0x0000456c   0x000000bc   Code   RO          209    i.mbed_die          mbed/TARGET_LPC1768/TOOLCHAIN_ARM_STD/mbed_board.o
    0x00004628   0x00004628   0x00000058   Code   RO          210    i.mbed_error_printf  mbed/TARGET_LPC1768/TOOLCHAIN_ARM_STD/mbed_board.o
    0x00004680   0x00004680   0x00000054   Code   RO          211    i.mbed_error_vfprintf  mbed/TARGET_LPC1768/TOOLCHAIN_ARM_STD/mbed_board.o
    0x000046d4   0x000046d4   0x00000004   Code   RO         1726    i.mbed_interface_connected  mbed/TARGET_LPC1768/TOOLCHAIN_ARM_STD/mbed.ar(mbed_interface.o)
    0x000046d8   0x000046d8   0x00000002   Code   RO          374    i.mbed_main         mbed/TARGET_LPC1768/TOOLCHAIN_ARM_STD/mbed_sdk_boot.o
    0x000046da   0x000046da   0x00000002   Code   RO          375    i.mbed_sdk_init     mbed/TARGET_LPC1768/TOOLCHAIN_ARM_STD/mbed_sdk_boot.o
    0x000046dc   0x000046dc   0x0000005c   Code   RO          389    i.pin_function      mbed/TARGET_LPC1768/TOOLCHAIN_ARM_STD/pinmap.o
    0x00004738   0x00004738   0x00000090   Code   RO          390    i.pin_mode          mbed/TARGET_LPC1768/TOOLCHAIN_ARM_STD/pinmap.o
    0x000047c8   0x000047c8   0x00000022   Code   RO         1580    i.pinmap_find_peripheral  mbed/TARGET_LPC1768/TOOLCHAIN_ARM_STD/mbed.ar(mbed_pinmap_common.o)
    0x000047ea   0x000047ea   0x00000002   PAD
    0x000047ec   0x000047ec   0x0000003c   Code   RO         1582    i.pinmap_merge      mbed/TARGET_LPC1768/TOOLCHAIN_ARM_STD/mbed.ar(mbed_pinmap_common.o)
    0x00004828   0x00004828   0x0000005c   Code   RO         1583    i.pinmap_peripheral  mbed/TARGET_LPC1768/TOOLCHAIN_ARM_STD/mbed.ar(mbed_pinmap_common.o)
    0x00004884   0x00004884   0x00000058   Code   RO         1584    i.pinmap_pinout     mbed/TARGET_LPC1768/TOOLCHAIN_ARM_STD/mbed.ar(mbed_pinmap_common.o)
    0x000048dc   0x000048dc   0x00000066   Code   RO         1610    i.schedule_interrupt  mbed/TARGET_LPC1768/TOOLCHAIN_ARM_STD/mbed.ar(mbed_ticker_api.o)
    0x00004942   0x00004942   0x00000002   PAD
    0x00004944   0x00004944   0x00000010   Code   RO         1749    i.semihost_connected  mbed/TARGET_LPC1768/TOOLCHAIN_ARM_STD/mbed.ar(mbed_semihost_api.o)
    0x00004954   0x00004954   0x0000000c   Code   RO         1752    i.semihost_exit     mbed/TARGET_LPC1768/TOOLCHAIN_ARM_STD/mbed.ar(mbed_semihost_api.o)
    0x00004960   0x00004960   0x000001c4   Code   RO          463    i.serial_baud       mbed/TARGET_LPC1768/TOOLCHAIN_ARM_STD/serial_api.o
    0x00004b24   0x00004b24   0x00000180   Code   RO          470    i.serial_init       mbed/TARGET_LPC1768/TOOLCHAIN_ARM_STD/serial_api.o
    0x00004ca4   0x00004ca4   0x000000f8   Code   RO          473    i.serial_irq_set_internal  mbed/TARGET_LPC1768/TOOLCHAIN_ARM_STD/serial_api.o
    0x00004d9c   0x00004d9c   0x00000068   Code   RO          475    i.serial_putc       mbed/TARGET_LPC1768/TOOLCHAIN_ARM_STD/serial_api.o
    0x00004e04   0x00004e04   0x0000010c   Code   RO          477    i.serial_set_flow_control  mbed/TARGET_LPC1768/TOOLCHAIN_ARM_STD/serial_api.o
    0x00004f10   0x00004f10   0x000000c0   Code   RO          526    i.spi_format        mbed/TARGET_LPC1768/TOOLCHAIN_ARM_STD/spi_api.o
    0x00004fd0   0x00004fd0   0x000000f8   Code   RO          528    i.spi_frequency     mbed/TARGET_LPC1768/TOOLCHAIN_ARM_STD/spi_api.o
    0x000050c8   0x000050c8   0x000000e8   Code   RO          529    i.spi_init          mbed/TARGET_LPC1768/TOOLCHAIN_ARM_STD/spi_api.o
    0x000051b0   0x000051b0   0x0000001a   Code   RO          531    i.spi_master_write  mbed/TARGET_LPC1768/TOOLCHAIN_ARM_STD/spi_api.o
    0x000051ca   0x000051ca   0x0000002c   Code   RO         2387    i.sqrtf             C:\Keil_v5\ARM\ARMCC\Bin\..\lib\armlib\m_ws.l(sqrtf.o)
    0x000051f6   0x000051f6   0x0000005c   Code   RO         1614    i.ticker_irq_handler  mbed/TARGET_LPC1768/TOOLCHAIN_ARM_STD/mbed.ar(mbed_ticker_api.o)
    0x00005252   0x00005252   0x0000003e   Code   RO         1615    i.ticker_read       mbed/TARGET_LPC1768/TOOLCHAIN_ARM_STD/mbed.ar(mbed_ticker_api.o)
    0x00005290   0x00005290   0x00000014   Code   RO          479    i.uart0_irq         mbed/TARGET_LPC1768/TOOLCHAIN_ARM_STD/serial_api.o
    0x000052a4   0x000052a4   0x00000014   Code   RO          480    i.uart1_irq         mbed/TARGET_LPC1768/TOOLCHAIN_ARM_STD/serial_api.o
    0x000052b8   0x000052b8   0x00000014   Code   RO          481    i.uart2_irq         mbed/TARGET_LPC1768/TOOLCHAIN_ARM_STD/serial_api.o
    0x000052cc   0x000052cc   0x00000014   Code   RO          482    i.uart3_irq         mbed/TARGET_LPC1768/TOOLCHAIN_ARM_STD/serial_api.o
    0x000052e0   0x000052e0   0x00000068   Code   RO          483    i.uart_irq          mbed/TARGET_LPC1768/TOOLCHAIN_ARM_STD/serial_api.o
    0x00005348   0x00005348   0x00000028   Code   RO         1619    i.update_present_time  mbed/TARGET_LPC1768/TOOLCHAIN_ARM_STD/mbed.ar(mbed_ticker_api.o)
    0x00005370   0x00005370   0x0000000c   Code   RO          567    i.us_ticker_clear_interrupt  mbed/TARGET_LPC1768/TOOLCHAIN_ARM_STD/us_ticker.o
    0x0000537c   0x0000537c   0x00000010   Code   RO          568    i.us_ticker_disable_interrupt  mbed/TARGET_LPC1768/TOOLCHAIN_ARM_STD/us_ticker.o
    0x0000538c   0x0000538c   0x0000000c   Code   RO          569    i.us_ticker_fire_interrupt  mbed/TARGET_LPC1768/TOOLCHAIN_ARM_STD/us_ticker.o
    0x00005398   0x00005398   0x00000068   Code   RO          570    i.us_ticker_init    mbed/TARGET_LPC1768/TOOLCHAIN_ARM_STD/us_ticker.o
    0x00005400   0x00005400   0x0000000c   Code   RO         1598    i.us_ticker_irq_handler  mbed/TARGET_LPC1768/TOOLCHAIN_ARM_STD/mbed.ar(mbed_us_ticker_api.o)
    0x0000540c   0x0000540c   0x00000064   Code   RO          571    i.us_ticker_read    mbed/TARGET_LPC1768/TOOLCHAIN_ARM_STD/us_ticker.o
    0x00005470   0x00005470   0x00000014   Code   RO          572    i.us_ticker_set_interrupt  mbed/TARGET_LPC1768/TOOLCHAIN_ARM_STD/us_ticker.o
    0x00005484   0x00005484   0x0000002c   Code   RO         1788    i.wait              mbed/TARGET_LPC1768/TOOLCHAIN_ARM_STD/mbed.ar(mbed_wait_api_no_rtos.o)
    0x000054b0   0x000054b0   0x00000024   Code   RO         1789    i.wait_ms           mbed/TARGET_LPC1768/TOOLCHAIN_ARM_STD/mbed.ar(mbed_wait_api_no_rtos.o)
    0x000054d4   0x000054d4   0x0000001e   Code   RO         1790    i.wait_us           mbed/TARGET_LPC1768/TOOLCHAIN_ARM_STD/mbed.ar(mbed_wait_api_no_rtos.o)
    0x000054f2   0x000054f2   0x00000002   PAD
    0x000054f4   0x000054f4   0x0000002c   Code   RO         2493    locale$$code        C:\Keil_v5\ARM\ARMCC\Bin\..\lib\armlib\c_w.l(lc_numeric_c.o)
    0x00005520   0x00005520   0x0000002c   Code   RO         2606    locale$$code        C:\Keil_v5\ARM\ARMCC\Bin\..\lib\armlib\c_w.l(lc_ctype_c.o)
    0x0000554c   0x0000554c   0x0000002c   Code   RO         1827    t._ZN12SingletonPtrI13PlatformMutexEptEv  mbed/TARGET_LPC1768/TOOLCHAIN_ARM_STD/mbed.ar(FileBase.o)
    0x00005578   0x00005578   0x00000062   Code   RO         2085    x$fpl$d2f           C:\Keil_v5\ARM\ARMCC\Bin\..\lib\armlib\fz_ws.l(d2f.o)
    0x000055da   0x000055da   0x00000002   PAD
    0x000055dc   0x000055dc   0x00000150   Code   RO         2343    x$fpl$dadd          C:\Keil_v5\ARM\ARMCC\Bin\..\lib\armlib\fz_ws.l(daddsub_clz.o)
    0x0000572c   0x0000572c   0x00000018   Code   RO         2589    x$fpl$dcmpinf       C:\Keil_v5\ARM\ARMCC\Bin\..\lib\armlib\fz_ws.l(dcmpi.o)
    0x00005744   0x00005744   0x000002b0   Code   RO         2088    x$fpl$ddiv          C:\Keil_v5\ARM\ARMCC\Bin\..\lib\armlib\fz_ws.l(ddiv.o)
    0x000059f4   0x000059f4   0x0000005e   Code   RO         2091    x$fpl$dfix          C:\Keil_v5\ARM\ARMCC\Bin\..\lib\armlib\fz_ws.l(dfix.o)
    0x00005a52   0x00005a52   0x00000002   PAD
    0x00005a54   0x00005a54   0x00000078   Code   RO         2539    x$fpl$dleqf         C:\Keil_v5\ARM\ARMCC\Bin\..\lib\armlib\fz_ws.l(dleqf.o)
    0x00005acc   0x00005acc   0x00000154   Code   RO         2095    x$fpl$dmul          C:\Keil_v5\ARM\ARMCC\Bin\..\lib\armlib\fz_ws.l(dmul.o)
    0x00005c20   0x00005c20   0x0000009c   Code   RO         2349    x$fpl$dnaninf       C:\Keil_v5\ARM\ARMCC\Bin\..\lib\armlib\fz_ws.l(dnaninf.o)
    0x00005cbc   0x00005cbc   0x0000000c   Code   RO         2351    x$fpl$dretinf       C:\Keil_v5\ARM\ARMCC\Bin\..\lib\armlib\fz_ws.l(dretinf.o)
    0x00005cc8   0x00005cc8   0x0000006c   Code   RO         2353    x$fpl$drleqf        C:\Keil_v5\ARM\ARMCC\Bin\..\lib\armlib\fz_ws.l(drleqf.o)
    0x00005d34   0x00005d34   0x00000016   Code   RO         2344    x$fpl$drsb          C:\Keil_v5\ARM\ARMCC\Bin\..\lib\armlib\fz_ws.l(daddsub_clz.o)
    0x00005d4a   0x00005d4a   0x00000002   PAD
    0x00005d4c   0x00005d4c   0x000001d4   Code   RO         2345    x$fpl$dsub          C:\Keil_v5\ARM\ARMCC\Bin\..\lib\armlib\fz_ws.l(daddsub_clz.o)
    0x00005f20   0x00005f20   0x00000056   Code   RO         2097    x$fpl$f2d           C:\Keil_v5\ARM\ARMCC\Bin\..\lib\armlib\fz_ws.l(f2d.o)
    0x00005f76   0x00005f76   0x00000002   PAD
    0x00005f78   0x00005f78   0x000000c4   Code   RO         2099    x$fpl$fadd          C:\Keil_v5\ARM\ARMCC\Bin\..\lib\armlib\fz_ws.l(faddsub_clz.o)
    0x0000603c   0x0000603c   0x0000000c   Code   RO         2541    x$fpl$fcheck1       C:\Keil_v5\ARM\ARMCC\Bin\..\lib\armlib\fz_ws.l(fcheck1.o)
    0x00006048   0x00006048   0x00000018   Code   RO         2355    x$fpl$fcmpinf       C:\Keil_v5\ARM\ARMCC\Bin\..\lib\armlib\fz_ws.l(fcmpi.o)
    0x00006060   0x00006060   0x00000184   Code   RO         2106    x$fpl$fdiv          C:\Keil_v5\ARM\ARMCC\Bin\..\lib\armlib\fz_ws.l(fdiv.o)
    0x000061e4   0x000061e4   0x00000036   Code   RO         2109    x$fpl$ffix          C:\Keil_v5\ARM\ARMCC\Bin\..\lib\armlib\fz_ws.l(ffix.o)
    0x0000621a   0x0000621a   0x00000002   PAD
    0x0000621c   0x0000621c   0x00000030   Code   RO         2118    x$fpl$fflt          C:\Keil_v5\ARM\ARMCC\Bin\..\lib\armlib\fz_ws.l(fflt_clz.o)
    0x0000624c   0x0000624c   0x00000026   Code   RO         2117    x$fpl$ffltu         C:\Keil_v5\ARM\ARMCC\Bin\..\lib\armlib\fz_ws.l(fflt_clz.o)
    0x00006272   0x00006272   0x00000002   PAD
    0x00006274   0x00006274   0x00000068   Code   RO         2123    x$fpl$fleqf         C:\Keil_v5\ARM\ARMCC\Bin\..\lib\armlib\fz_ws.l(fleqf.o)
    0x000062dc   0x000062dc   0x00000102   Code   RO         2125    x$fpl$fmul          C:\Keil_v5\ARM\ARMCC\Bin\..\lib\armlib\fz_ws.l(fmul.o)
    0x000063de   0x000063de   0x0000008c   Code   RO         2357    x$fpl$fnaninf       C:\Keil_v5\ARM\ARMCC\Bin\..\lib\armlib\fz_ws.l(fnaninf.o)
    0x0000646a   0x0000646a   0x0000000a   Code   RO         2359    x$fpl$fretinf       C:\Keil_v5\ARM\ARMCC\Bin\..\lib\armlib\fz_ws.l(fretinf.o)
    0x00006474   0x00006474   0x00000062   Code   RO         2127    x$fpl$frleqf        C:\Keil_v5\ARM\ARMCC\Bin\..\lib\armlib\fz_ws.l(frleqf.o)
    0x000064d6   0x000064d6   0x00000014   Code   RO         2100    x$fpl$frsb          C:\Keil_v5\ARM\ARMCC\Bin\..\lib\armlib\fz_ws.l(faddsub_clz.o)
    0x000064ea   0x000064ea   0x00000002   PAD
    0x000064ec   0x000064ec   0x00000110   Code   RO         2545    x$fpl$fsqrt         C:\Keil_v5\ARM\ARMCC\Bin\..\lib\armlib\fz_ws.l(fsqrt.o)
    0x000065fc   0x000065fc   0x000000ea   Code   RO         2101    x$fpl$fsub          C:\Keil_v5\ARM\ARMCC\Bin\..\lib\armlib\fz_ws.l(faddsub_clz.o)
    0x000066e6   0x000066e6   0x00000004   Code   RO         2129    x$fpl$printf1       C:\Keil_v5\ARM\ARMCC\Bin\..\lib\armlib\fz_ws.l(printf1.o)
    0x000066ea   0x000066ea   0x00000004   Code   RO         2361    x$fpl$printf2       C:\Keil_v5\ARM\ARMCC\Bin\..\lib\armlib\fz_ws.l(printf2.o)
    0x000066ee   0x000066ee   0x00000064   Code   RO         2591    x$fpl$retnan        C:\Keil_v5\ARM\ARMCC\Bin\..\lib\armlib\fz_ws.l(retnan.o)
    0x00006752   0x00006752   0x0000004c   Code   RO         2367    x$fpl$scalbnf       C:\Keil_v5\ARM\ARMCC\Bin\..\lib\armlib\fz_ws.l(scalbnf.o)
    0x0000679e   0x0000679e   0x00000030   Code   RO         2620    x$fpl$trapveneer    C:\Keil_v5\ARM\ARMCC\Bin\..\lib\armlib\fz_ws.l(trapv.o)
    0x000067ce   0x000067ce   0x00000000   Code   RO         2369    x$fpl$usenofp       C:\Keil_v5\ARM\ARMCC\Bin\..\lib\armlib\fz_ws.l(usenofp.o)
    0x000067ce   0x000067ce   0x00000002   PAD
    0x000067d0   0x000067d0   0x00000098   Data   RO          184    .constdata          mbed/TARGET_LPC1768/TOOLCHAIN_ARM_STD/i2c_api.o
    0x00006868   0x00006868   0x00000017   Data   RO          301    .constdata          mbed/TARGET_LPC1768/TOOLCHAIN_ARM_STD/mbed_retarget.o
    0x0000687f   0x0000687f   0x00000001   PAD
    0x00006880   0x00006880   0x00000120   Data   RO          485    .constdata          mbed/TARGET_LPC1768/TOOLCHAIN_ARM_STD/serial_api.o
    0x000069a0   0x000069a0   0x000000f0   Data   RO          535    .constdata          mbed/TARGET_LPC1768/TOOLCHAIN_ARM_STD/spi_api.o
    0x00006a90   0x00006a90   0x00000018   Data   RO         1600    .constdata          mbed/TARGET_LPC1768/TOOLCHAIN_ARM_STD/mbed.ar(mbed_us_ticker_api.o)
    0x00006aa8   0x00006aa8   0x00000008   Data   RO         1601    .constdata          mbed/TARGET_LPC1768/TOOLCHAIN_ARM_STD/mbed.ar(mbed_us_ticker_api.o)
    0x00006ab0   0x00006ab0   0x00000011   Data   RO         1931    .constdata          C:\Keil_v5\ARM\ARMCC\Bin\..\lib\armlib\c_w.l(__printf_flags_ss_wp.o)
    0x00006ac1   0x00006ac1   0x00000003   PAD
    0x00006ac4   0x00006ac4   0x00000008   Data   RO         2201    .constdata          C:\Keil_v5\ARM\ARMCC\Bin\..\lib\armlib\c_w.l(_printf_wctomb.o)
    0x00006acc   0x00006acc   0x00000028   Data   RO         2230    .constdata          C:\Keil_v5\ARM\ARMCC\Bin\..\lib\armlib\c_w.l(_printf_hex_int_ll_ptr.o)
    0x00006af4   0x00006af4   0x00000026   Data   RO         2431    .constdata          C:\Keil_v5\ARM\ARMCC\Bin\..\lib\armlib\c_w.l(_printf_fp_hex.o)
    0x00006b1a   0x00006b1a   0x00000002   PAD
    0x00006b1c   0x00006b1c   0x00000094   Data   RO         2444    .constdata          C:\Keil_v5\ARM\ARMCC\Bin\..\lib\armlib\c_w.l(bigflt0.o)
    0x00006bb0   0x00006bb0   0x00000018   Data   RO         1493    .constdata__ZTVN4mbed3I2CE  mbed/TARGET_LPC1768/TOOLCHAIN_ARM_STD/mbed.ar(I2C.o)
    0x00006bc8   0x00006bc8   0x00000020   Data   RO         1548    .constdata__ZTVN4mbed3SPIE  mbed/TARGET_LPC1768/TOOLCHAIN_ARM_STD/mbed.ar(SPI.o)
    0x00006be8   0x00006be8   0x00000014   Data   RO          366    .constdata__ZZN12SingletonPtrI13PlatformMutexE3getEvEs  mbed/TARGET_LPC1768/TOOLCHAIN_ARM_STD/mbed_retarget.o
    0x00006bfc   0x00006bfc   0x00000048   Data   RO          367    .constdata__ZZN12SingletonPtrI13PlatformMutexE3getEvEs_0  mbed/TARGET_LPC1768/TOOLCHAIN_ARM_STD/mbed_retarget.o
    0x00006c44   0x00006c44   0x00000052   Data   RO          141    .conststring        mbed/TARGET_LPC1768/TOOLCHAIN_ARM_STD/gpio_api.o
    0x00006c96   0x00006c96   0x00000002   PAD
    0x00006c98   0x00006c98   0x00000051   Data   RO          185    .conststring        mbed/TARGET_LPC1768/TOOLCHAIN_ARM_STD/i2c_api.o
    0x00006ce9   0x00006ce9   0x00000003   PAD
    0x00006cec   0x00006cec   0x00000067   Data   RO          212    .conststring        mbed/TARGET_LPC1768/TOOLCHAIN_ARM_STD/mbed_board.o
    0x00006d53   0x00006d53   0x00000001   PAD
    0x00006d54   0x00006d54   0x00000050   Data   RO          391    .conststring        mbed/TARGET_LPC1768/TOOLCHAIN_ARM_STD/pinmap.o
    0x00006da4   0x00006da4   0x00000054   Data   RO          486    .conststring        mbed/TARGET_LPC1768/TOOLCHAIN_ARM_STD/serial_api.o
    0x00006df8   0x00006df8   0x00000051   Data   RO          536    .conststring        mbed/TARGET_LPC1768/TOOLCHAIN_ARM_STD/spi_api.o
    0x00006e49   0x00006e49   0x00000003   PAD
    0x00006e4c   0x00006e4c   0x00000020   Data   RO         2645    Region$$Table       anon$$obj.o
    0x00006e6c   0x00006e6c   0x0000001c   Data   RO         2492    locale$$data        C:\Keil_v5\ARM\ARMCC\Bin\..\lib\armlib\c_w.l(lc_numeric_c.o)
    0x00006e88   0x00006e88   0x00000110   Data   RO         2605    locale$$data        C:\Keil_v5\ARM\ARMCC\Bin\..\lib\armlib\c_w.l(lc_ctype_c.o)


    Execution Region RW_IRAM1 (Exec base: 0x100000c8, Load base: 0x00006f98, Size: 0x000003c0, Max: 0x00007f18, ABSOLUTE)

    Exec Addr    Load Addr    Size         Type   Attr      Idx    E Section Name        Object

    0x100000c8   0x00006f98   0x00000010   Data   RW          304    .data               mbed/TARGET_LPC1768/TOOLCHAIN_ARM_STD/mbed_retarget.o
    0x100000d8   0x00006fa8   0x00000010   Data   RW          487    .data               mbed/TARGET_LPC1768/TOOLCHAIN_ARM_STD/serial_api.o
    0x100000e8   0x00006fb8   0x00000004   Data   RW          558    .data               mbed/TARGET_LPC1768/TOOLCHAIN_ARM_STD/system_LPC17xx.o
    0x100000ec   0x00006fbc   0x00000004   Data   RW          573    .data               mbed/TARGET_LPC1768/TOOLCHAIN_ARM_STD/us_ticker.o
    0x100000f0   0x00006fc0   0x00000001   Data   RW          596    .data               .\build\main.o
    0x100000f1   0x00006fc1   0x00000003   PAD
    0x100000f4   0x00006fc4   0x0000000c   Data   RW         1469    .data               mbed/TARGET_LPC1768/TOOLCHAIN_ARM_STD/mbed.ar(I2C.o)
    0x10000100   0x00006fd0   0x0000000c   Data   RW         1527    .data               mbed/TARGET_LPC1768/TOOLCHAIN_ARM_STD/mbed.ar(SPI.o)
    0x1000010c   0x00006fdc   0x00000001   Data   RW         1679    .data               mbed/TARGET_LPC1768/TOOLCHAIN_ARM_STD/mbed.ar(mbed_error.o)
    0x1000010d   0x00006fdd   0x00000003   PAD
    0x10000110   0x00006fe0   0x00000008   Data   RW         1703    .data               mbed/TARGET_LPC1768/TOOLCHAIN_ARM_STD/mbed.ar(mbed_critical.o)
    0x10000118   0x00006fe8   0x0000000c   Data   RW         1814    .data               mbed/TARGET_LPC1768/TOOLCHAIN_ARM_STD/mbed.ar(FileBase.o)
    0x10000124   0x00006ff4   0x00000004   Data   RW         1954    .data               C:\Keil_v5\ARM\ARMCC\Bin\..\lib\armlib\c_w.l(stdio_streams.o)
    0x10000128   0x00006ff8   0x00000004   Data   RW         1955    .data               C:\Keil_v5\ARM\ARMCC\Bin\..\lib\armlib\c_w.l(stdio_streams.o)
    0x1000012c   0x00006ffc   0x00000004   Data   RW         1956    .data               C:\Keil_v5\ARM\ARMCC\Bin\..\lib\armlib\c_w.l(stdio_streams.o)
    0x10000130   0x00007000   0x00000004   Data   RW         2504    .data               C:\Keil_v5\ARM\ARMCC\Bin\..\lib\armlib\c_w.l(heapauxa.o)
    0x10000134        -       0x00000144   Zero   RW          300    .bss                mbed/TARGET_LPC1768/TOOLCHAIN_ARM_STD/mbed_retarget.o
    0x10000278        -       0x000000e0   Zero   RW          484    .bss                mbed/TARGET_LPC1768/TOOLCHAIN_ARM_STD/serial_api.o
    0x10000358        -       0x00000018   Zero   RW         1599    .bss                mbed/TARGET_LPC1768/TOOLCHAIN_ARM_STD/mbed.ar(mbed_us_ticker_api.o)
    0x10000370        -       0x00000004   Zero   RW         1837    .bss                C:\Keil_v5\ARM\ARMCC\Bin\..\lib\armlib\c_w.l(rt_errno_addr.o)
    0x10000374        -       0x00000054   Zero   RW         1951    .bss                C:\Keil_v5\ARM\ARMCC\Bin\..\lib\armlib\c_w.l(stdio_streams.o)
    0x100003c8        -       0x00000054   Zero   RW         1952    .bss                C:\Keil_v5\ARM\ARMCC\Bin\..\lib\armlib\c_w.l(stdio_streams.o)
    0x1000041c        -       0x00000054   Zero   RW         1953    .bss                C:\Keil_v5\ARM\ARMCC\Bin\..\lib\armlib\c_w.l(stdio_streams.o)
    0x10000470        -       0x00000004   Zero   RW         2154    .bss                C:\Keil_v5\ARM\ARMCC\Bin\..\lib\armlib\c_w.l(rt_heap_descriptor.o)
    0x10000474        -       0x00000014   Zero   RW         2412    .bss                C:\Keil_v5\ARM\ARMCC\Bin\..\lib\armlib\c_w.l(rt_locale.o)


    Execution Region RW_IRAM2 (Exec base: 0x2007c000, Load base: 0x00007004, Size: 0x00000000, Max: 0x00004000, ABSOLUTE)

    **** No section assigned to this execution region ****


    Execution Region RW_IRAM3 (Exec base: 0x20080000, Load base: 0x00007004, Size: 0x00000000, Max: 0x00004000, ABSOLUTE)

    **** No section assigned to this execution region ****


    Execution Region RW_IRAM4 (Exec base: 0x40038000, Load base: 0x00007004, Size: 0x00000000, Max: 0x00000800, ABSOLUTE)

    **** No section assigned to this execution region ****


==============================================================================

Image component sizes


      Code (inc. data)   RO Data    RW Data    ZI Data      Debug   Object Name

         0          0          4          0          0          0   mbed/TARGET_LPC1768/TOOLCHAIN_ARM_STD/CRP.o
       828         34          0          0          0       9967   .\build\accel.o
       148         30         82          0          0        228   mbed/TARGET_LPC1768/TOOLCHAIN_ARM_STD/gpio_api.o
       972         64        233          0          0        412   mbed/TARGET_LPC1768/TOOLCHAIN_ARM_STD/i2c_api.o
       694         80          0          1          0      42114   .\build\main.o
       360         58        103          0          0        260   mbed/TARGET_LPC1768/TOOLCHAIN_ARM_STD/mbed_board.o
      1064        128        115         16        324        828   mbed/TARGET_LPC1768/TOOLCHAIN_ARM_STD/mbed_retarget.o
        46          4          0          0          0        292   mbed/TARGET_LPC1768/TOOLCHAIN_ARM_STD/mbed_sdk_boot.o
       236         48         80          0          0        160   mbed/TARGET_LPC1768/TOOLCHAIN_ARM_STD/pinmap.o
      1640        164        372         16        224        888   mbed/TARGET_LPC1768/TOOLCHAIN_ARM_STD/serial_api.o
       986        100          0          0          0      12364   .\build\sevenseg.o
       698        156        321          0          0        352   mbed/TARGET_LPC1768/TOOLCHAIN_ARM_STD/spi_api.o
        36          8        196          0          0        228   mbed/TARGET_LPC1768/TOOLCHAIN_ARM_STD/startup_LPC17xx.o
       160         10          0          4          0         68   mbed/TARGET_LPC1768/TOOLCHAIN_ARM_STD/system_LPC17xx.o
       146         18          0          0          0       1764   .\build\uart3ctrl.o
       264         72          0          4          0        408   mbed/TARGET_LPC1768/TOOLCHAIN_ARM_STD/us_ticker.o

    ----------------------------------------------------------------------
      8294        974       1548         44        548      70333   Object Totals
         0          0         32          0          0          0   (incl. Generated)
        16          0         10          3          0          0   (incl. Padding)

    ----------------------------------------------------------------------

      Code (inc. data)   RO Data    RW Data    ZI Data      Debug   Library Member Name

        24          4          0          0          0         84   C:\Keil_v5\ARM\ARMCC\Bin\..\lib\armlib\c_w.l(__2printf.o)
         8          0          0          0          0         68   C:\Keil_v5\ARM\ARMCC\Bin\..\lib\armlib\c_w.l(__main.o)
       392          4         17          0          0         92   C:\Keil_v5\ARM\ARMCC\Bin\..\lib\armlib\c_w.l(__printf_flags_ss_wp.o)
        14          0          0          0          0         68   C:\Keil_v5\ARM\ARMCC\Bin\..\lib\armlib\c_w.l(__printf_wp.o)
         0          0          0          0          0          0   C:\Keil_v5\ARM\ARMCC\Bin\..\lib\armlib\c_w.l(__rtentry.o)
        20          0          0          0          0          0   C:\Keil_v5\ARM\ARMCC\Bin\..\lib\armlib\c_w.l(__rtentry2.o)
         6          0          0          0          0          0   C:\Keil_v5\ARM\ARMCC\Bin\..\lib\armlib\c_w.l(__rtentry4.o)
        52          8          0          0          0          0   C:\Keil_v5\ARM\ARMCC\Bin\..\lib\armlib\c_w.l(__scatter.o)
        26          0          0          0          0          0   C:\Keil_v5\ARM\ARMCC\Bin\..\lib\armlib\c_w.l(__scatter_copy.o)
        28          0          0          0          0          0   C:\Keil_v5\ARM\ARMCC\Bin\..\lib\armlib\c_w.l(__scatter_zi.o)
         6          0          0          0          0          0   C:\Keil_v5\ARM\ARMCC\Bin\..\lib\armlib\c_w.l(_printf_a.o)
         6          0          0          0          0          0   C:\Keil_v5\ARM\ARMCC\Bin\..\lib\armlib\c_w.l(_printf_c.o)
        44          0          0          0          0        108   C:\Keil_v5\ARM\ARMCC\Bin\..\lib\armlib\c_w.l(_printf_char.o)
        48          6          0          0          0         96   C:\Keil_v5\ARM\ARMCC\Bin\..\lib\armlib\c_w.l(_printf_char_common.o)
        36          4          0          0          0         80   C:\Keil_v5\ARM\ARMCC\Bin\..\lib\armlib\c_w.l(_printf_char_file.o)
        40          0          0          0          0         68   C:\Keil_v5\ARM\ARMCC\Bin\..\lib\armlib\c_w.l(_printf_charcount.o)
         6          0          0          0          0          0   C:\Keil_v5\ARM\ARMCC\Bin\..\lib\armlib\c_w.l(_printf_d.o)
       120         16          0          0          0         92   C:\Keil_v5\ARM\ARMCC\Bin\..\lib\armlib\c_w.l(_printf_dec.o)
         6          0          0          0          0          0   C:\Keil_v5\ARM\ARMCC\Bin\..\lib\armlib\c_w.l(_printf_e.o)
         6          0          0          0          0          0   C:\Keil_v5\ARM\ARMCC\Bin\..\lib\armlib\c_w.l(_printf_f.o)
      1054          0          0          0          0        216   C:\Keil_v5\ARM\ARMCC\Bin\..\lib\armlib\c_w.l(_printf_fp_dec.o)
       764          8         38          0          0        100   C:\Keil_v5\ARM\ARMCC\Bin\..\lib\armlib\c_w.l(_printf_fp_hex.o)
       128         16          0          0          0         84   C:\Keil_v5\ARM\ARMCC\Bin\..\lib\armlib\c_w.l(_printf_fp_infnan.o)
         6          0          0          0          0          0   C:\Keil_v5\ARM\ARMCC\Bin\..\lib\armlib\c_w.l(_printf_g.o)
       148          4         40          0          0        160   C:\Keil_v5\ARM\ARMCC\Bin\..\lib\armlib\c_w.l(_printf_hex_int_ll_ptr.o)
         6          0          0          0          0          0   C:\Keil_v5\ARM\ARMCC\Bin\..\lib\armlib\c_w.l(_printf_i.o)
       178          0          0          0          0         88   C:\Keil_v5\ARM\ARMCC\Bin\..\lib\armlib\c_w.l(_printf_intcommon.o)
        10          0          0          0          0          0   C:\Keil_v5\ARM\ARMCC\Bin\..\lib\armlib\c_w.l(_printf_l.o)
         6          0          0          0          0          0   C:\Keil_v5\ARM\ARMCC\Bin\..\lib\armlib\c_w.l(_printf_lc.o)
        10          0          0          0          0          0   C:\Keil_v5\ARM\ARMCC\Bin\..\lib\armlib\c_w.l(_printf_ll.o)
         6          0          0          0          0          0   C:\Keil_v5\ARM\ARMCC\Bin\..\lib\armlib\c_w.l(_printf_lld.o)
         6          0          0          0          0          0   C:\Keil_v5\ARM\ARMCC\Bin\..\lib\armlib\c_w.l(_printf_lli.o)
         6          0          0          0          0          0   C:\Keil_v5\ARM\ARMCC\Bin\..\lib\armlib\c_w.l(_printf_llo.o)
         6          0          0          0          0          0   C:\Keil_v5\ARM\ARMCC\Bin\..\lib\armlib\c_w.l(_printf_llu.o)
         6          0          0          0          0          0   C:\Keil_v5\ARM\ARMCC\Bin\..\lib\armlib\c_w.l(_printf_llx.o)
       124         16          0          0          0         92   C:\Keil_v5\ARM\ARMCC\Bin\..\lib\armlib\c_w.l(_printf_longlong_dec.o)
         6          0          0          0          0          0   C:\Keil_v5\ARM\ARMCC\Bin\..\lib\armlib\c_w.l(_printf_ls.o)
         6          0          0          0          0          0   C:\Keil_v5\ARM\ARMCC\Bin\..\lib\armlib\c_w.l(_printf_n.o)
         6          0          0          0          0          0   C:\Keil_v5\ARM\ARMCC\Bin\..\lib\armlib\c_w.l(_printf_o.o)
       112         10          0          0          0        124   C:\Keil_v5\ARM\ARMCC\Bin\..\lib\armlib\c_w.l(_printf_oct_int_ll.o)
         6          0          0          0          0          0   C:\Keil_v5\ARM\ARMCC\Bin\..\lib\armlib\c_w.l(_printf_p.o)
        78          0          0          0          0        108   C:\Keil_v5\ARM\ARMCC\Bin\..\lib\armlib\c_w.l(_printf_pad.o)
         0          0          0          0          0          0   C:\Keil_v5\ARM\ARMCC\Bin\..\lib\armlib\c_w.l(_printf_percent.o)
         4          0          0          0          0          0   C:\Keil_v5\ARM\ARMCC\Bin\..\lib\armlib\c_w.l(_printf_percent_end.o)
         6          0          0          0          0          0   C:\Keil_v5\ARM\ARMCC\Bin\..\lib\armlib\c_w.l(_printf_s.o)
        82          0          0          0          0         80   C:\Keil_v5\ARM\ARMCC\Bin\..\lib\armlib\c_w.l(_printf_str.o)
        36          0          0          0          0         84   C:\Keil_v5\ARM\ARMCC\Bin\..\lib\armlib\c_w.l(_printf_truncate.o)
         6          0          0          0          0          0   C:\Keil_v5\ARM\ARMCC\Bin\..\lib\armlib\c_w.l(_printf_u.o)
        44          0          0          0          0        108   C:\Keil_v5\ARM\ARMCC\Bin\..\lib\armlib\c_w.l(_printf_wchar.o)
       188          6          8          0          0         92   C:\Keil_v5\ARM\ARMCC\Bin\..\lib\armlib\c_w.l(_printf_wctomb.o)
         6          0          0          0          0          0   C:\Keil_v5\ARM\ARMCC\Bin\..\lib\armlib\c_w.l(_printf_x.o)
        22          0          0          0          0        100   C:\Keil_v5\ARM\ARMCC\Bin\..\lib\armlib\c_w.l(_rserrno.o)
        16          0          0          0          0         68   C:\Keil_v5\ARM\ARMCC\Bin\..\lib\armlib\c_w.l(_snputc.o)
        10          0          0          0          0         68   C:\Keil_v5\ARM\ARMCC\Bin\..\lib\armlib\c_w.l(_sputc.o)
        64          0          0          0          0         92   C:\Keil_v5\ARM\ARMCC\Bin\..\lib\armlib\c_w.l(_wcrtomb.o)
       228          4        148          0          0         96   C:\Keil_v5\ARM\ARMCC\Bin\..\lib\armlib\c_w.l(bigflt0.o)
      1936        128          0          0          0        672   C:\Keil_v5\ARM\ARMCC\Bin\..\lib\armlib\c_w.l(btod.o)
        10          0          0          0          0         68   C:\Keil_v5\ARM\ARMCC\Bin\..\lib\armlib\c_w.l(defsig_exit.o)
        50          0          0          0          0         88   C:\Keil_v5\ARM\ARMCC\Bin\..\lib\armlib\c_w.l(defsig_general.o)
        80         58          0          0          0         76   C:\Keil_v5\ARM\ARMCC\Bin\..\lib\armlib\c_w.l(defsig_rtmem_inner.o)
        14          0          0          0          0         80   C:\Keil_v5\ARM\ARMCC\Bin\..\lib\armlib\c_w.l(defsig_rtmem_outer.o)
        52         38          0          0          0         76   C:\Keil_v5\ARM\ARMCC\Bin\..\lib\armlib\c_w.l(defsig_rtred_inner.o)
        14          0          0          0          0         80   C:\Keil_v5\ARM\ARMCC\Bin\..\lib\armlib\c_w.l(defsig_rtred_outer.o)
        76          0          0          0          0         88   C:\Keil_v5\ARM\ARMCC\Bin\..\lib\armlib\c_w.l(fclose.o)
         8          0          0          0          0         68   C:\Keil_v5\ARM\ARMCC\Bin\..\lib\armlib\c_w.l(ferror.o)
       100          4          0          0          0        120   C:\Keil_v5\ARM\ARMCC\Bin\..\lib\armlib\c_w.l(fflush.o)
       470          0          0          0          0         88   C:\Keil_v5\ARM\ARMCC\Bin\..\lib\armlib\c_w.l(flsbuf.o)
       236          4          0          0          0        128   C:\Keil_v5\ARM\ARMCC\Bin\..\lib\armlib\c_w.l(fopen.o)
        26          0          0          0          0         68   C:\Keil_v5\ARM\ARMCC\Bin\..\lib\armlib\c_w.l(fputc.o)
       248          6          0          0          0         84   C:\Keil_v5\ARM\ARMCC\Bin\..\lib\armlib\c_w.l(fseek.o)
        66          0          0          0          0         76   C:\Keil_v5\ARM\ARMCC\Bin\..\lib\armlib\c_w.l(ftell.o)
        94          0          0          0          0         80   C:\Keil_v5\ARM\ARMCC\Bin\..\lib\armlib\c_w.l(h1_alloc.o)
        52          0          0          0          0         68   C:\Keil_v5\ARM\ARMCC\Bin\..\lib\armlib\c_w.l(h1_extend.o)
        78          0          0          0          0         80   C:\Keil_v5\ARM\ARMCC\Bin\..\lib\armlib\c_w.l(h1_free.o)
        14          0          0          0          0         84   C:\Keil_v5\ARM\ARMCC\Bin\..\lib\armlib\c_w.l(h1_init.o)
        80          6          0          4          0         96   C:\Keil_v5\ARM\ARMCC\Bin\..\lib\armlib\c_w.l(heapauxa.o)
         4          0          0          0          0        136   C:\Keil_v5\ARM\ARMCC\Bin\..\lib\armlib\c_w.l(hguard.o)
         0          0          0          0          0          0   C:\Keil_v5\ARM\ARMCC\Bin\..\lib\armlib\c_w.l(indicate_semi.o)
       138          0          0          0          0        168   C:\Keil_v5\ARM\ARMCC\Bin\..\lib\armlib\c_w.l(init_alloc.o)
       312         46          0          0          0        112   C:\Keil_v5\ARM\ARMCC\Bin\..\lib\armlib\c_w.l(initio.o)
        44         10        272          0          0         76   C:\Keil_v5\ARM\ARMCC\Bin\..\lib\armlib\c_w.l(lc_ctype_c.o)
        44         10         28          0          0         76   C:\Keil_v5\ARM\ARMCC\Bin\..\lib\armlib\c_w.l(lc_numeric_c.o)
         2          0          0          0          0          0   C:\Keil_v5\ARM\ARMCC\Bin\..\lib\armlib\c_w.l(libinit.o)
        42          0          0          0          0          0   C:\Keil_v5\ARM\ARMCC\Bin\..\lib\armlib\c_w.l(libinit2.o)
         0          0          0          0          0          0   C:\Keil_v5\ARM\ARMCC\Bin\..\lib\armlib\c_w.l(libshutdown2.o)
       138          0          0          0          0         80   C:\Keil_v5\ARM\ARMCC\Bin\..\lib\armlib\c_w.l(lludiv10.o)
         0          0          0          0          0          0   C:\Keil_v5\ARM\ARMCC\Bin\..\lib\armlib\c_w.l(maybetermalloc1.o)
        16          4          0          0          0         76   C:\Keil_v5\ARM\ARMCC\Bin\..\lib\armlib\c_w.l(rt_ctype_table.o)
         8          4          0          0          4         68   C:\Keil_v5\ARM\ARMCC\Bin\..\lib\armlib\c_w.l(rt_errno_addr.o)
         8          4          0          0          4         68   C:\Keil_v5\ARM\ARMCC\Bin\..\lib\armlib\c_w.l(rt_heap_descriptor.o)
         8          4          0          0         20         68   C:\Keil_v5\ARM\ARMCC\Bin\..\lib\armlib\c_w.l(rt_locale.o)
        78          0          0          0          0         80   C:\Keil_v5\ARM\ARMCC\Bin\..\lib\armlib\c_w.l(rt_memclr_w.o)
       100          0          0          0          0         80   C:\Keil_v5\ARM\ARMCC\Bin\..\lib\armlib\c_w.l(rt_memcpy_w.o)
        70          0          0          0          0         80   C:\Keil_v5\ARM\ARMCC\Bin\..\lib\armlib\c_w.l(setvbuf.o)
       240          6          0          0          0        156   C:\Keil_v5\ARM\ARMCC\Bin\..\lib\armlib\c_w.l(stdio.o)
         0          0          0         12        252          0   C:\Keil_v5\ARM\ARMCC\Bin\..\lib\armlib\c_w.l(stdio_streams.o)
       128          0          0          0          0         68   C:\Keil_v5\ARM\ARMCC\Bin\..\lib\armlib\c_w.l(strcmpv7m.o)
        62          0          0          0          0         76   C:\Keil_v5\ARM\ARMCC\Bin\..\lib\armlib\c_w.l(strlen.o)
       150          0          0          0          0         80   C:\Keil_v5\ARM\ARMCC\Bin\..\lib\armlib\c_w.l(strncmp.o)
        12          4          0          0          0         68   C:\Keil_v5\ARM\ARMCC\Bin\..\lib\armlib\c_w.l(sys_exit.o)
        14          0          0          0          0         76   C:\Keil_v5\ARM\ARMCC\Bin\..\lib\armlib\c_w.l(sys_wrch.o)
         2          0          0          0          0         68   C:\Keil_v5\ARM\ARMCC\Bin\..\lib\armlib\c_w.l(use_no_semi.o)
        52          4          0          0          0         80   C:\Keil_v5\ARM\ARMCC\Bin\..\lib\armlib\c_w.l(vsnprintf.o)
        98          4          0          0          0         92   C:\Keil_v5\ARM\ARMCC\Bin\..\lib\armlib\fz_ws.l(d2f.o)
       826         16          0          0          0        348   C:\Keil_v5\ARM\ARMCC\Bin\..\lib\armlib\fz_ws.l(daddsub_clz.o)
        24          0          0          0          0         68   C:\Keil_v5\ARM\ARMCC\Bin\..\lib\armlib\fz_ws.l(dcmpi.o)
       688        140          0          0          0        208   C:\Keil_v5\ARM\ARMCC\Bin\..\lib\armlib\fz_ws.l(ddiv.o)
        94          4          0          0          0         92   C:\Keil_v5\ARM\ARMCC\Bin\..\lib\armlib\fz_ws.l(dfix.o)
       120          4          0          0          0         92   C:\Keil_v5\ARM\ARMCC\Bin\..\lib\armlib\fz_ws.l(dleqf.o)
       340         12          0          0          0        104   C:\Keil_v5\ARM\ARMCC\Bin\..\lib\armlib\fz_ws.l(dmul.o)
       156          4          0          0          0         92   C:\Keil_v5\ARM\ARMCC\Bin\..\lib\armlib\fz_ws.l(dnaninf.o)
        12          0          0          0          0         68   C:\Keil_v5\ARM\ARMCC\Bin\..\lib\armlib\fz_ws.l(dretinf.o)
       108          0          0          0          0         80   C:\Keil_v5\ARM\ARMCC\Bin\..\lib\armlib\fz_ws.l(drleqf.o)
        86          4          0          0          0         84   C:\Keil_v5\ARM\ARMCC\Bin\..\lib\armlib\fz_ws.l(f2d.o)
       450          8          0          0          0        236   C:\Keil_v5\ARM\ARMCC\Bin\..\lib\armlib\fz_ws.l(faddsub_clz.o)
        12          4          0          0          0         68   C:\Keil_v5\ARM\ARMCC\Bin\..\lib\armlib\fz_ws.l(fcheck1.o)
        24          0          0          0          0         68   C:\Keil_v5\ARM\ARMCC\Bin\..\lib\armlib\fz_ws.l(fcmpi.o)
       388         76          0          0          0         96   C:\Keil_v5\ARM\ARMCC\Bin\..\lib\armlib\fz_ws.l(fdiv.o)
        54          4          0          0          0         84   C:\Keil_v5\ARM\ARMCC\Bin\..\lib\armlib\fz_ws.l(ffix.o)
        86          0          0          0          0        136   C:\Keil_v5\ARM\ARMCC\Bin\..\lib\armlib\fz_ws.l(fflt_clz.o)
       104          4          0          0          0         84   C:\Keil_v5\ARM\ARMCC\Bin\..\lib\armlib\fz_ws.l(fleqf.o)
       258          4          0          0          0         84   C:\Keil_v5\ARM\ARMCC\Bin\..\lib\armlib\fz_ws.l(fmul.o)
       140          4          0          0          0         84   C:\Keil_v5\ARM\ARMCC\Bin\..\lib\armlib\fz_ws.l(fnaninf.o)
        10          0          0          0          0         68   C:\Keil_v5\ARM\ARMCC\Bin\..\lib\armlib\fz_ws.l(fretinf.o)
        98          0          0          0          0         68   C:\Keil_v5\ARM\ARMCC\Bin\..\lib\armlib\fz_ws.l(frleqf.o)
       272        100          0          0          0         88   C:\Keil_v5\ARM\ARMCC\Bin\..\lib\armlib\fz_ws.l(fsqrt.o)
         4          0          0          0          0         68   C:\Keil_v5\ARM\ARMCC\Bin\..\lib\armlib\fz_ws.l(printf1.o)
         4          0          0          0          0         68   C:\Keil_v5\ARM\ARMCC\Bin\..\lib\armlib\fz_ws.l(printf2.o)
       100          0          0          0          0         68   C:\Keil_v5\ARM\ARMCC\Bin\..\lib\armlib\fz_ws.l(retnan.o)
        76          0          0          0          0         68   C:\Keil_v5\ARM\ARMCC\Bin\..\lib\armlib\fz_ws.l(scalbnf.o)
        48          0          0          0          0         68   C:\Keil_v5\ARM\ARMCC\Bin\..\lib\armlib\fz_ws.l(trapv.o)
         0          0          0          0          0          0   C:\Keil_v5\ARM\ARMCC\Bin\..\lib\armlib\fz_ws.l(usenofp.o)
       292         38          0          0          0        120   C:\Keil_v5\ARM\ARMCC\Bin\..\lib\armlib\m_ws.l(asinf.o)
       220         16          0          0          0         84   C:\Keil_v5\ARM\ARMCC\Bin\..\lib\armlib\m_ws.l(floor.o)
        40          0          0          0          0         68   C:\Keil_v5\ARM\ARMCC\Bin\..\lib\armlib\m_ws.l(fpclassify.o)
        38          0          0          0          0         68   C:\Keil_v5\ARM\ARMCC\Bin\..\lib\armlib\m_ws.l(fpclassifyf.o)
        24          0          0          0          0        204   C:\Keil_v5\ARM\ARMCC\Bin\..\lib\armlib\m_ws.l(funder.o)
        44          0          0          0          0         80   C:\Keil_v5\ARM\ARMCC\Bin\..\lib\armlib\m_ws.l(sqrtf.o)
       156         26          0         12          0        224   mbed/TARGET_LPC1768/TOOLCHAIN_ARM_STD/mbed.ar(FileBase.o)
       160          0          0          0          0        440   mbed/TARGET_LPC1768/TOOLCHAIN_ARM_STD/mbed.ar(FilePath.o)
       348         54         24         12          0        388   mbed/TARGET_LPC1768/TOOLCHAIN_ARM_STD/mbed.ar(I2C.o)
       396         56         32         12          0        472   mbed/TARGET_LPC1768/TOOLCHAIN_ARM_STD/mbed.ar(SPI.o)
        84         52          0          0          0         88   mbed/TARGET_LPC1768/TOOLCHAIN_ARM_STD/mbed.ar(mbed_assert.o)
       348        218          0          8          0        156   mbed/TARGET_LPC1768/TOOLCHAIN_ARM_STD/mbed.ar(mbed_critical.o)
        40          4          0          1          0         88   mbed/TARGET_LPC1768/TOOLCHAIN_ARM_STD/mbed.ar(mbed_error.o)
       216         36          0          0          0        268   mbed/TARGET_LPC1768/TOOLCHAIN_ARM_STD/mbed.ar(mbed_gpio.o)
         4          0          0          0          0         68   mbed/TARGET_LPC1768/TOOLCHAIN_ARM_STD/mbed.ar(mbed_interface.o)
       274         78          0          0          0        308   mbed/TARGET_LPC1768/TOOLCHAIN_ARM_STD/mbed.ar(mbed_pinmap_common.o)
        28          6          0          0          0        144   mbed/TARGET_LPC1768/TOOLCHAIN_ARM_STD/mbed.ar(mbed_semihost_api.o)
       296          0          0          0          0        332   mbed/TARGET_LPC1768/TOOLCHAIN_ARM_STD/mbed.ar(mbed_ticker_api.o)
        20         10         32          0         24        136   mbed/TARGET_LPC1768/TOOLCHAIN_ARM_STD/mbed.ar(mbed_us_ticker_api.o)
       110          4          0          0          0        240   mbed/TARGET_LPC1768/TOOLCHAIN_ARM_STD/mbed.ar(mbed_wait_api_no_rtos.o)

    ----------------------------------------------------------------------
     17514       1436        644         64        304      13432   Library Totals
        42          0          5          3          0          0   (incl. Padding)

    ----------------------------------------------------------------------

      Code (inc. data)   RO Data    RW Data    ZI Data      Debug   Library Name

      9654        446        551         16        280       6624   C:\Keil_v5\ARM\ARMCC\Bin\..\lib\armlib\c_w.l
      4680        392          0          0          0       2832   C:\Keil_v5\ARM\ARMCC\Bin\..\lib\armlib\fz_ws.l
       658         54          0          0          0        624   C:\Keil_v5\ARM\ARMCC\Bin\..\lib\armlib\m_ws.l
      2480        544         88         45         24       3352   mbed/TARGET_LPC1768/TOOLCHAIN_ARM_STD/mbed.ar

    ----------------------------------------------------------------------
     17514       1436        644         64        304      13432   Library Totals

    ----------------------------------------------------------------------

==============================================================================


      Code (inc. data)   RO Data    RW Data    ZI Data      Debug   

     25808       2410       2192        108        852      71385   Grand Totals
     25808       2410       2192        108        852      71385   ELF Image Totals
     25808       2410       2192        108          0          0   ROM Totals

==============================================================================

    Total RO  Size (Code + RO Data)                28000 (  27.34kB)
    Total RW  Size (RW Data + ZI Data)               960 (   0.94kB)
    Total ROM Size (Code + RO Data + RW Data)      28108 (  27.45kB)

==============================================================================

